10:44:04 **** Build of configuration Debug for project STMars_modular_robot ****
make -j4 all 
arm-none-eabi-gcc "../Drivers/STM32L4xx_HAL_Driver/Src/stm32l4xx_hal.c" -mcpu=cortex-m4 -std=gnu11 -g3 -DUSE_HAL_DRIVER -DDEBUG -DSTM32L432xx -c -I../Core/Inc -I../Drivers/STM32L4xx_HAL_Driver/Inc -I../Drivers/STM32L4xx_HAL_Driver/Inc/Legacy -I../Drivers/CMSIS/Device/ST/STM32L4xx/Include -I../Drivers/CMSIS/Include -O0 -ffunction-sections -fdata-sections -Wall -fstack-usage -MMD -MP -MF"Drivers/STM32L4xx_HAL_Driver/Src/stm32l4xx_hal.d" -MT"Drivers/STM32L4xx_HAL_Driver/Src/stm32l4xx_hal.o" --specs=nano.specs -mfpu=fpv4-sp-d16 -mfloat-abi=hard -mthumb -o "Drivers/STM32L4xx_HAL_Driver/Src/stm32l4xx_hal.o"
arm-none-eabi-gcc "../Drivers/STM32L4xx_HAL_Driver/Src/stm32l4xx_hal_cortex.c" -mcpu=cortex-m4 -std=gnu11 -g3 -DUSE_HAL_DRIVER -DDEBUG -DSTM32L432xx -c -I../Core/Inc -I../Drivers/STM32L4xx_HAL_Driver/Inc -I../Drivers/STM32L4xx_HAL_Driver/Inc/Legacy -I../Drivers/CMSIS/Device/ST/STM32L4xx/Include -I../Drivers/CMSIS/Include -O0 -ffunction-sections -fdata-sections -Wall -fstack-usage -MMD -MP -MF"Drivers/STM32L4xx_HAL_Driver/Src/stm32l4xx_hal_cortex.d" -MT"Drivers/STM32L4xx_HAL_Driver/Src/stm32l4xx_hal_cortex.o" --specs=nano.specs -mfpu=fpv4-sp-d16 -mfloat-abi=hard -mthumb -o "Drivers/STM32L4xx_HAL_Driver/Src/stm32l4xx_hal_cortex.o"
arm-none-eabi-gcc "../Drivers/STM32L4xx_HAL_Driver/Src/stm32l4xx_hal_dma.c" -mcpu=cortex-m4 -std=gnu11 -g3 -DUSE_HAL_DRIVER -DDEBUG -DSTM32L432xx -c -I../Core/Inc -I../Drivers/STM32L4xx_HAL_Driver/Inc -I../Drivers/STM32L4xx_HAL_Driver/Inc/Legacy -I../Drivers/CMSIS/Device/ST/STM32L4xx/Include -I../Drivers/CMSIS/Include -O0 -ffunction-sections -fdata-sections -Wall -fstack-usage -MMD -MP -MF"Drivers/STM32L4xx_HAL_Driver/Src/stm32l4xx_hal_dma.d" -MT"Drivers/STM32L4xx_HAL_Driver/Src/stm32l4xx_hal_dma.o" --specs=nano.specs -mfpu=fpv4-sp-d16 -mfloat-abi=hard -mthumb -o "Drivers/STM32L4xx_HAL_Driver/Src/stm32l4xx_hal_dma.o"
arm-none-eabi-gcc "../Drivers/STM32L4xx_HAL_Driver/Src/stm32l4xx_hal_dma_ex.c" -mcpu=cortex-m4 -std=gnu11 -g3 -DUSE_HAL_DRIVER -DDEBUG -DSTM32L432xx -c -I../Core/Inc -I../Drivers/STM32L4xx_HAL_Driver/Inc -I../Drivers/STM32L4xx_HAL_Driver/Inc/Legacy -I../Drivers/CMSIS/Device/ST/STM32L4xx/Include -I../Drivers/CMSIS/Include -O0 -ffunction-sections -fdata-sections -Wall -fstack-usage -MMD -MP -MF"Drivers/STM32L4xx_HAL_Driver/Src/stm32l4xx_hal_dma_ex.d" -MT"Drivers/STM32L4xx_HAL_Driver/Src/stm32l4xx_hal_dma_ex.o" --specs=nano.specs -mfpu=fpv4-sp-d16 -mfloat-abi=hard -mthumb -o "Drivers/STM32L4xx_HAL_Driver/Src/stm32l4xx_hal_dma_ex.o"
arm-none-eabi-gcc "../Drivers/STM32L4xx_HAL_Driver/Src/stm32l4xx_hal_exti.c" -mcpu=cortex-m4 -std=gnu11 -g3 -DUSE_HAL_DRIVER -DDEBUG -DSTM32L432xx -c -I../Core/Inc -I../Drivers/STM32L4xx_HAL_Driver/Inc -I../Drivers/STM32L4xx_HAL_Driver/Inc/Legacy -I../Drivers/CMSIS/Device/ST/STM32L4xx/Include -I../Drivers/CMSIS/Include -O0 -ffunction-sections -fdata-sections -Wall -fstack-usage -MMD -MP -MF"Drivers/STM32L4xx_HAL_Driver/Src/stm32l4xx_hal_exti.d" -MT"Drivers/STM32L4xx_HAL_Driver/Src/stm32l4xx_hal_exti.o" --specs=nano.specs -mfpu=fpv4-sp-d16 -mfloat-abi=hard -mthumb -o "Drivers/STM32L4xx_HAL_Driver/Src/stm32l4xx_hal_exti.o"
arm-none-eabi-gcc "../Drivers/STM32L4xx_HAL_Driver/Src/stm32l4xx_hal_flash.c" -mcpu=cortex-m4 -std=gnu11 -g3 -DUSE_HAL_DRIVER -DDEBUG -DSTM32L432xx -c -I../Core/Inc -I../Drivers/STM32L4xx_HAL_Driver/Inc -I../Drivers/STM32L4xx_HAL_Driver/Inc/Legacy -I../Drivers/CMSIS/Device/ST/STM32L4xx/Include -I../Drivers/CMSIS/Include -O0 -ffunction-sections -fdata-sections -Wall -fstack-usage -MMD -MP -MF"Drivers/STM32L4xx_HAL_Driver/Src/stm32l4xx_hal_flash.d" -MT"Drivers/STM32L4xx_HAL_Driver/Src/stm32l4xx_hal_flash.o" --specs=nano.specs -mfpu=fpv4-sp-d16 -mfloat-abi=hard -mthumb -o "Drivers/STM32L4xx_HAL_Driver/Src/stm32l4xx_hal_flash.o"
arm-none-eabi-gcc "../Drivers/STM32L4xx_HAL_Driver/Src/stm32l4xx_hal_flash_ex.c" -mcpu=cortex-m4 -std=gnu11 -g3 -DUSE_HAL_DRIVER -DDEBUG -DSTM32L432xx -c -I../Core/Inc -I../Drivers/STM32L4xx_HAL_Driver/Inc -I../Drivers/STM32L4xx_HAL_Driver/Inc/Legacy -I../Drivers/CMSIS/Device/ST/STM32L4xx/Include -I../Drivers/CMSIS/Include -O0 -ffunction-sections -fdata-sections -Wall -fstack-usage -MMD -MP -MF"Drivers/STM32L4xx_HAL_Driver/Src/stm32l4xx_hal_flash_ex.d" -MT"Drivers/STM32L4xx_HAL_Driver/Src/stm32l4xx_hal_flash_ex.o" --specs=nano.specs -mfpu=fpv4-sp-d16 -mfloat-abi=hard -mthumb -o "Drivers/STM32L4xx_HAL_Driver/Src/stm32l4xx_hal_flash_ex.o"
arm-none-eabi-gcc "../Drivers/STM32L4xx_HAL_Driver/Src/stm32l4xx_hal_flash_ramfunc.c" -mcpu=cortex-m4 -std=gnu11 -g3 -DUSE_HAL_DRIVER -DDEBUG -DSTM32L432xx -c -I../Core/Inc -I../Drivers/STM32L4xx_HAL_Driver/Inc -I../Drivers/STM32L4xx_HAL_Driver/Inc/Legacy -I../Drivers/CMSIS/Device/ST/STM32L4xx/Include -I../Drivers/CMSIS/Include -O0 -ffunction-sections -fdata-sections -Wall -fstack-usage -MMD -MP -MF"Drivers/STM32L4xx_HAL_Driver/Src/stm32l4xx_hal_flash_ramfunc.d" -MT"Drivers/STM32L4xx_HAL_Driver/Src/stm32l4xx_hal_flash_ramfunc.o" --specs=nano.specs -mfpu=fpv4-sp-d16 -mfloat-abi=hard -mthumb -o "Drivers/STM32L4xx_HAL_Driver/Src/stm32l4xx_hal_flash_ramfunc.o"
arm-none-eabi-gcc "../Drivers/STM32L4xx_HAL_Driver/Src/stm32l4xx_hal_gpio.c" -mcpu=cortex-m4 -std=gnu11 -g3 -DUSE_HAL_DRIVER -DDEBUG -DSTM32L432xx -c -I../Core/Inc -I../Drivers/STM32L4xx_HAL_Driver/Inc -I../Drivers/STM32L4xx_HAL_Driver/Inc/Legacy -I../Drivers/CMSIS/Device/ST/STM32L4xx/Include -I../Drivers/CMSIS/Include -O0 -ffunction-sections -fdata-sections -Wall -fstack-usage -MMD -MP -MF"Drivers/STM32L4xx_HAL_Driver/Src/stm32l4xx_hal_gpio.d" -MT"Drivers/STM32L4xx_HAL_Driver/Src/stm32l4xx_hal_gpio.o" --specs=nano.specs -mfpu=fpv4-sp-d16 -mfloat-abi=hard -mthumb -o "Drivers/STM32L4xx_HAL_Driver/Src/stm32l4xx_hal_gpio.o"
arm-none-eabi-gcc "../Drivers/STM32L4xx_HAL_Driver/Src/stm32l4xx_hal_i2c.c" -mcpu=cortex-m4 -std=gnu11 -g3 -DUSE_HAL_DRIVER -DDEBUG -DSTM32L432xx -c -I../Core/Inc -I../Drivers/STM32L4xx_HAL_Driver/Inc -I../Drivers/STM32L4xx_HAL_Driver/Inc/Legacy -I../Drivers/CMSIS/Device/ST/STM32L4xx/Include -I../Drivers/CMSIS/Include -O0 -ffunction-sections -fdata-sections -Wall -fstack-usage -MMD -MP -MF"Drivers/STM32L4xx_HAL_Driver/Src/stm32l4xx_hal_i2c.d" -MT"Drivers/STM32L4xx_HAL_Driver/Src/stm32l4xx_hal_i2c.o" --specs=nano.specs -mfpu=fpv4-sp-d16 -mfloat-abi=hard -mthumb -o "Drivers/STM32L4xx_HAL_Driver/Src/stm32l4xx_hal_i2c.o"
arm-none-eabi-gcc "../Drivers/STM32L4xx_HAL_Driver/Src/stm32l4xx_hal_i2c_ex.c" -mcpu=cortex-m4 -std=gnu11 -g3 -DUSE_HAL_DRIVER -DDEBUG -DSTM32L432xx -c -I../Core/Inc -I../Drivers/STM32L4xx_HAL_Driver/Inc -I../Drivers/STM32L4xx_HAL_Driver/Inc/Legacy -I../Drivers/CMSIS/Device/ST/STM32L4xx/Include -I../Drivers/CMSIS/Include -O0 -ffunction-sections -fdata-sections -Wall -fstack-usage -MMD -MP -MF"Drivers/STM32L4xx_HAL_Driver/Src/stm32l4xx_hal_i2c_ex.d" -MT"Drivers/STM32L4xx_HAL_Driver/Src/stm32l4xx_hal_i2c_ex.o" --specs=nano.specs -mfpu=fpv4-sp-d16 -mfloat-abi=hard -mthumb -o "Drivers/STM32L4xx_HAL_Driver/Src/stm32l4xx_hal_i2c_ex.o"
arm-none-eabi-gcc "../Drivers/STM32L4xx_HAL_Driver/Src/stm32l4xx_hal_pwr.c" -mcpu=cortex-m4 -std=gnu11 -g3 -DUSE_HAL_DRIVER -DDEBUG -DSTM32L432xx -c -I../Core/Inc -I../Drivers/STM32L4xx_HAL_Driver/Inc -I../Drivers/STM32L4xx_HAL_Driver/Inc/Legacy -I../Drivers/CMSIS/Device/ST/STM32L4xx/Include -I../Drivers/CMSIS/Include -O0 -ffunction-sections -fdata-sections -Wall -fstack-usage -MMD -MP -MF"Drivers/STM32L4xx_HAL_Driver/Src/stm32l4xx_hal_pwr.d" -MT"Drivers/STM32L4xx_HAL_Driver/Src/stm32l4xx_hal_pwr.o" --specs=nano.specs -mfpu=fpv4-sp-d16 -mfloat-abi=hard -mthumb -o "Drivers/STM32L4xx_HAL_Driver/Src/stm32l4xx_hal_pwr.o"
arm-none-eabi-gcc "../Drivers/STM32L4xx_HAL_Driver/Src/stm32l4xx_hal_pwr_ex.c" -mcpu=cortex-m4 -std=gnu11 -g3 -DUSE_HAL_DRIVER -DDEBUG -DSTM32L432xx -c -I../Core/Inc -I../Drivers/STM32L4xx_HAL_Driver/Inc -I../Drivers/STM32L4xx_HAL_Driver/Inc/Legacy -I../Drivers/CMSIS/Device/ST/STM32L4xx/Include -I../Drivers/CMSIS/Include -O0 -ffunction-sections -fdata-sections -Wall -fstack-usage -MMD -MP -MF"Drivers/STM32L4xx_HAL_Driver/Src/stm32l4xx_hal_pwr_ex.d" -MT"Drivers/STM32L4xx_HAL_Driver/Src/stm32l4xx_hal_pwr_ex.o" --specs=nano.specs -mfpu=fpv4-sp-d16 -mfloat-abi=hard -mthumb -o "Drivers/STM32L4xx_HAL_Driver/Src/stm32l4xx_hal_pwr_ex.o"
arm-none-eabi-gcc "../Drivers/STM32L4xx_HAL_Driver/Src/stm32l4xx_hal_rcc.c" -mcpu=cortex-m4 -std=gnu11 -g3 -DUSE_HAL_DRIVER -DDEBUG -DSTM32L432xx -c -I../Core/Inc -I../Drivers/STM32L4xx_HAL_Driver/Inc -I../Drivers/STM32L4xx_HAL_Driver/Inc/Legacy -I../Drivers/CMSIS/Device/ST/STM32L4xx/Include -I../Drivers/CMSIS/Include -O0 -ffunction-sections -fdata-sections -Wall -fstack-usage -MMD -MP -MF"Drivers/STM32L4xx_HAL_Driver/Src/stm32l4xx_hal_rcc.d" -MT"Drivers/STM32L4xx_HAL_Driver/Src/stm32l4xx_hal_rcc.o" --specs=nano.specs -mfpu=fpv4-sp-d16 -mfloat-abi=hard -mthumb -o "Drivers/STM32L4xx_HAL_Driver/Src/stm32l4xx_hal_rcc.o"
arm-none-eabi-gcc "../Drivers/STM32L4xx_HAL_Driver/Src/stm32l4xx_hal_rcc_ex.c" -mcpu=cortex-m4 -std=gnu11 -g3 -DUSE_HAL_DRIVER -DDEBUG -DSTM32L432xx -c -I../Core/Inc -I../Drivers/STM32L4xx_HAL_Driver/Inc -I../Drivers/STM32L4xx_HAL_Driver/Inc/Legacy -I../Drivers/CMSIS/Device/ST/STM32L4xx/Include -I../Drivers/CMSIS/Include -O0 -ffunction-sections -fdata-sections -Wall -fstack-usage -MMD -MP -MF"Drivers/STM32L4xx_HAL_Driver/Src/stm32l4xx_hal_rcc_ex.d" -MT"Drivers/STM32L4xx_HAL_Driver/Src/stm32l4xx_hal_rcc_ex.o" --specs=nano.specs -mfpu=fpv4-sp-d16 -mfloat-abi=hard -mthumb -o "Drivers/STM32L4xx_HAL_Driver/Src/stm32l4xx_hal_rcc_ex.o"
arm-none-eabi-gcc "../Drivers/STM32L4xx_HAL_Driver/Src/stm32l4xx_hal_tim.c" -mcpu=cortex-m4 -std=gnu11 -g3 -DUSE_HAL_DRIVER -DDEBUG -DSTM32L432xx -c -I../Core/Inc -I../Drivers/STM32L4xx_HAL_Driver/Inc -I../Drivers/STM32L4xx_HAL_Driver/Inc/Legacy -I../Drivers/CMSIS/Device/ST/STM32L4xx/Include -I../Drivers/CMSIS/Include -O0 -ffunction-sections -fdata-sections -Wall -fstack-usage -MMD -MP -MF"Drivers/STM32L4xx_HAL_Driver/Src/stm32l4xx_hal_tim.d" -MT"Drivers/STM32L4xx_HAL_Driver/Src/stm32l4xx_hal_tim.o" --specs=nano.specs -mfpu=fpv4-sp-d16 -mfloat-abi=hard -mthumb -o "Drivers/STM32L4xx_HAL_Driver/Src/stm32l4xx_hal_tim.o"
arm-none-eabi-gcc "../Drivers/STM32L4xx_HAL_Driver/Src/stm32l4xx_hal_tim_ex.c" -mcpu=cortex-m4 -std=gnu11 -g3 -DUSE_HAL_DRIVER -DDEBUG -DSTM32L432xx -c -I../Core/Inc -I../Drivers/STM32L4xx_HAL_Driver/Inc -I../Drivers/STM32L4xx_HAL_Driver/Inc/Legacy -I../Drivers/CMSIS/Device/ST/STM32L4xx/Include -I../Drivers/CMSIS/Include -O0 -ffunction-sections -fdata-sections -Wall -fstack-usage -MMD -MP -MF"Drivers/STM32L4xx_HAL_Driver/Src/stm32l4xx_hal_tim_ex.d" -MT"Drivers/STM32L4xx_HAL_Driver/Src/stm32l4xx_hal_tim_ex.o" --specs=nano.specs -mfpu=fpv4-sp-d16 -mfloat-abi=hard -mthumb -o "Drivers/STM32L4xx_HAL_Driver/Src/stm32l4xx_hal_tim_ex.o"
arm-none-eabi-gcc "../Drivers/STM32L4xx_HAL_Driver/Src/stm32l4xx_hal_uart.c" -mcpu=cortex-m4 -std=gnu11 -g3 -DUSE_HAL_DRIVER -DDEBUG -DSTM32L432xx -c -I../Core/Inc -I../Drivers/STM32L4xx_HAL_Driver/Inc -I../Drivers/STM32L4xx_HAL_Driver/Inc/Legacy -I../Drivers/CMSIS/Device/ST/STM32L4xx/Include -I../Drivers/CMSIS/Include -O0 -ffunction-sections -fdata-sections -Wall -fstack-usage -MMD -MP -MF"Drivers/STM32L4xx_HAL_Driver/Src/stm32l4xx_hal_uart.d" -MT"Drivers/STM32L4xx_HAL_Driver/Src/stm32l4xx_hal_uart.o" --specs=nano.specs -mfpu=fpv4-sp-d16 -mfloat-abi=hard -mthumb -o "Drivers/STM32L4xx_HAL_Driver/Src/stm32l4xx_hal_uart.o"
arm-none-eabi-gcc "../Drivers/STM32L4xx_HAL_Driver/Src/stm32l4xx_hal_uart_ex.c" -mcpu=cortex-m4 -std=gnu11 -g3 -DUSE_HAL_DRIVER -DDEBUG -DSTM32L432xx -c -I../Core/Inc -I../Drivers/STM32L4xx_HAL_Driver/Inc -I../Drivers/STM32L4xx_HAL_Driver/Inc/Legacy -I../Drivers/CMSIS/Device/ST/STM32L4xx/Include -I../Drivers/CMSIS/Include -O0 -ffunction-sections -fdata-sections -Wall -fstack-usage -MMD -MP -MF"Drivers/STM32L4xx_HAL_Driver/Src/stm32l4xx_hal_uart_ex.d" -MT"Drivers/STM32L4xx_HAL_Driver/Src/stm32l4xx_hal_uart_ex.o" --specs=nano.specs -mfpu=fpv4-sp-d16 -mfloat-abi=hard -mthumb -o "Drivers/STM32L4xx_HAL_Driver/Src/stm32l4xx_hal_uart_ex.o"
arm-none-eabi-gcc -mcpu=cortex-m4 -g3 -c -x assembler-with-cpp -MMD -MP -MF"Core/Startup/startup_stm32l432kcux.d" -MT"Core/Startup/startup_stm32l432kcux.o" --specs=nano.specs -mfpu=fpv4-sp-d16 -mfloat-abi=hard -mthumb -o "Core/Startup/startup_stm32l432kcux.o" "../Core/Startup/startup_stm32l432kcux.s"
arm-none-eabi-gcc "../Core/Src/gpio.c" -mcpu=cortex-m4 -std=gnu11 -g3 -DUSE_HAL_DRIVER -DDEBUG -DSTM32L432xx -c -I../Core/Inc -I../Drivers/STM32L4xx_HAL_Driver/Inc -I../Drivers/STM32L4xx_HAL_Driver/Inc/Legacy -I../Drivers/CMSIS/Device/ST/STM32L4xx/Include -I../Drivers/CMSIS/Include -O0 -ffunction-sections -fdata-sections -Wall -fstack-usage -MMD -MP -MF"Core/Src/gpio.d" -MT"Core/Src/gpio.o" --specs=nano.specs -mfpu=fpv4-sp-d16 -mfloat-abi=hard -mthumb -o "Core/Src/gpio.o"
arm-none-eabi-gcc "../Core/Src/main.c" -mcpu=cortex-m4 -std=gnu11 -g3 -DUSE_HAL_DRIVER -DDEBUG -DSTM32L432xx -c -I../Core/Inc -I../Drivers/STM32L4xx_HAL_Driver/Inc -I../Drivers/STM32L4xx_HAL_Driver/Inc/Legacy -I../Drivers/CMSIS/Device/ST/STM32L4xx/Include -I../Drivers/CMSIS/Include -O0 -ffunction-sections -fdata-sections -Wall -fstack-usage -MMD -MP -MF"Core/Src/main.d" -MT"Core/Src/main.o" --specs=nano.specs -mfpu=fpv4-sp-d16 -mfloat-abi=hard -mthumb -o "Core/Src/main.o"
arm-none-eabi-gcc "../Core/Src/stm32l4xx_hal_msp.c" -mcpu=cortex-m4 -std=gnu11 -g3 -DUSE_HAL_DRIVER -DDEBUG -DSTM32L432xx -c -I../Core/Inc -I../Drivers/STM32L4xx_HAL_Driver/Inc -I../Drivers/STM32L4xx_HAL_Driver/Inc/Legacy -I../Drivers/CMSIS/Device/ST/STM32L4xx/Include -I../Drivers/CMSIS/Include -O0 -ffunction-sections -fdata-sections -Wall -fstack-usage -MMD -MP -MF"Core/Src/stm32l4xx_hal_msp.d" -MT"Core/Src/stm32l4xx_hal_msp.o" --specs=nano.specs -mfpu=fpv4-sp-d16 -mfloat-abi=hard -mthumb -o "Core/Src/stm32l4xx_hal_msp.o"
arm-none-eabi-gcc "../Core/Src/stm32l4xx_it.c" -mcpu=cortex-m4 -std=gnu11 -g3 -DUSE_HAL_DRIVER -DDEBUG -DSTM32L432xx -c -I../Core/Inc -I../Drivers/STM32L4xx_HAL_Driver/Inc -I../Drivers/STM32L4xx_HAL_Driver/Inc/Legacy -I../Drivers/CMSIS/Device/ST/STM32L4xx/Include -I../Drivers/CMSIS/Include -O0 -ffunction-sections -fdata-sections -Wall -fstack-usage -MMD -MP -MF"Core/Src/stm32l4xx_it.d" -MT"Core/Src/stm32l4xx_it.o" --specs=nano.specs -mfpu=fpv4-sp-d16 -mfloat-abi=hard -mthumb -o "Core/Src/stm32l4xx_it.o"
arm-none-eabi-gcc "../Core/Src/syscalls.c" -mcpu=cortex-m4 -std=gnu11 -g3 -DUSE_HAL_DRIVER -DDEBUG -DSTM32L432xx -c -I../Core/Inc -I../Drivers/STM32L4xx_HAL_Driver/Inc -I../Drivers/STM32L4xx_HAL_Driver/Inc/Legacy -I../Drivers/CMSIS/Device/ST/STM32L4xx/Include -I../Drivers/CMSIS/Include -O0 -ffunction-sections -fdata-sections -Wall -fstack-usage -MMD -MP -MF"Core/Src/syscalls.d" -MT"Core/Src/syscalls.o" --specs=nano.specs -mfpu=fpv4-sp-d16 -mfloat-abi=hard -mthumb -o "Core/Src/syscalls.o"
arm-none-eabi-gcc "../Core/Src/sysmem.c" -mcpu=cortex-m4 -std=gnu11 -g3 -DUSE_HAL_DRIVER -DDEBUG -DSTM32L432xx -c -I../Core/Inc -I../Drivers/STM32L4xx_HAL_Driver/Inc -I../Drivers/STM32L4xx_HAL_Driver/Inc/Legacy -I../Drivers/CMSIS/Device/ST/STM32L4xx/Include -I../Drivers/CMSIS/Include -O0 -ffunction-sections -fdata-sections -Wall -fstack-usage -MMD -MP -MF"Core/Src/sysmem.d" -MT"Core/Src/sysmem.o" --specs=nano.specs -mfpu=fpv4-sp-d16 -mfloat-abi=hard -mthumb -o "Core/Src/sysmem.o"
arm-none-eabi-gcc "../Core/Src/system_stm32l4xx.c" -mcpu=cortex-m4 -std=gnu11 -g3 -DUSE_HAL_DRIVER -DDEBUG -DSTM32L432xx -c -I../Core/Inc -I../Drivers/STM32L4xx_HAL_Driver/Inc -I../Drivers/STM32L4xx_HAL_Driver/Inc/Legacy -I../Drivers/CMSIS/Device/ST/STM32L4xx/Include -I../Drivers/CMSIS/Include -O0 -ffunction-sections -fdata-sections -Wall -fstack-usage -MMD -MP -MF"Core/Src/system_stm32l4xx.d" -MT"Core/Src/system_stm32l4xx.o" --specs=nano.specs -mfpu=fpv4-sp-d16 -mfloat-abi=hard -mthumb -o "Core/Src/system_stm32l4xx.o"
arm-none-eabi-gcc "../Core/Src/usart.c" -mcpu=cortex-m4 -std=gnu11 -g3 -DUSE_HAL_DRIVER -DDEBUG -DSTM32L432xx -c -I../Core/Inc -I../Drivers/STM32L4xx_HAL_Driver/Inc -I../Drivers/STM32L4xx_HAL_Driver/Inc/Legacy -I../Drivers/CMSIS/Device/ST/STM32L4xx/Include -I../Drivers/CMSIS/Include -O0 -ffunction-sections -fdata-sections -Wall -fstack-usage -MMD -MP -MF"Core/Src/usart.d" -MT"Core/Src/usart.o" --specs=nano.specs -mfpu=fpv4-sp-d16 -mfloat-abi=hard -mthumb -o "Core/Src/usart.o"
arm-none-eabi-gcc -o "STMars_modular_robot.elf" @"objects.list"   -mcpu=cortex-m4 -T"D:\STM32\STM32MARS\STMars_modular_robot\STM32L432KCUX_FLASH.ld" --specs=nosys.specs -Wl,-Map="STMars_modular_robot.map" -Wl,--gc-sections -static --specs=nano.specs -mfpu=fpv4-sp-d16 -mfloat-abi=hard -mthumb -Wl,--start-group -lc -lm -Wl,--end-group
Finished building target: STMars_modular_robot.elf
 
arm-none-eabi-size   STMars_modular_robot.elf 
arm-none-eabi-objdump -h -S  STMars_modular_robot.elf  > "STMars_modular_robot.list"
arm-none-eabi-objcopy  -O binary  STMars_modular_robot.elf  "STMars_modular_robot.bin"
   text	   data	    bss	    dec	    hex	filename
  10880	     20	   1700	  12600	   3138	STMars_modular_robot.elf
Finished building: default.size.stdout
 
Finished building: STMars_modular_robot.bin
 
Finished building: STMars_modular_robot.list
 
10:44:17 **** Incremental Build of configuration Debug for project STMars_modular_robot ****
make -j4 all 
arm-none-eabi-size   STMars_modular_robot.elf 
   text	   data	    bss	    dec	    hex	filename
  10880	     20	   1700	  12600	   3138	STMars_modular_robot.elf
Finished building: default.size.stdout
 
16:56:27 **** Clean-only build of configuration Debug for project 14_msm_nuc_UART_DMA_RX_TX_Pars2 ****
make -j4 clean 
rm -rf *
 
16:56:27 **** Build of configuration Debug for project 14_msm_nuc_UART_DMA_RX_TX_Pars2 ****
make -j4 all 
arm-none-eabi-gcc "../Drivers/STM32F4xx_HAL_Driver/Src/stm32f4xx_hal.c" -mcpu=cortex-m4 -std=gnu11 -g3 -DUSE_HAL_DRIVER -DSTM32F411xE -DDEBUG -c -I../Core/Inc -I../Drivers/STM32F4xx_HAL_Driver/Inc -I../Drivers/STM32F4xx_HAL_Driver/Inc/Legacy -I../Drivers/CMSIS/Device/ST/STM32F4xx/Include -I../Drivers/CMSIS/Include -O0 -ffunction-sections -fdata-sections -Wall -fstack-usage -MMD -MP -MF"Drivers/STM32F4xx_HAL_Driver/Src/stm32f4xx_hal.d" -MT"Drivers/STM32F4xx_HAL_Driver/Src/stm32f4xx_hal.o" --specs=nano.specs -mfpu=fpv4-sp-d16 -mfloat-abi=hard -mthumb -o "Drivers/STM32F4xx_HAL_Driver/Src/stm32f4xx_hal.o"
arm-none-eabi-gcc "../Drivers/STM32F4xx_HAL_Driver/Src/stm32f4xx_hal_cortex.c" -mcpu=cortex-m4 -std=gnu11 -g3 -DUSE_HAL_DRIVER -DSTM32F411xE -DDEBUG -c -I../Core/Inc -I../Drivers/STM32F4xx_HAL_Driver/Inc -I../Drivers/STM32F4xx_HAL_Driver/Inc/Legacy -I../Drivers/CMSIS/Device/ST/STM32F4xx/Include -I../Drivers/CMSIS/Include -O0 -ffunction-sections -fdata-sections -Wall -fstack-usage -MMD -MP -MF"Drivers/STM32F4xx_HAL_Driver/Src/stm32f4xx_hal_cortex.d" -MT"Drivers/STM32F4xx_HAL_Driver/Src/stm32f4xx_hal_cortex.o" --specs=nano.specs -mfpu=fpv4-sp-d16 -mfloat-abi=hard -mthumb -o "Drivers/STM32F4xx_HAL_Driver/Src/stm32f4xx_hal_cortex.o"
arm-none-eabi-gcc "../Drivers/STM32F4xx_HAL_Driver/Src/stm32f4xx_hal_dma.c" -mcpu=cortex-m4 -std=gnu11 -g3 -DUSE_HAL_DRIVER -DSTM32F411xE -DDEBUG -c -I../Core/Inc -I../Drivers/STM32F4xx_HAL_Driver/Inc -I../Drivers/STM32F4xx_HAL_Driver/Inc/Legacy -I../Drivers/CMSIS/Device/ST/STM32F4xx/Include -I../Drivers/CMSIS/Include -O0 -ffunction-sections -fdata-sections -Wall -fstack-usage -MMD -MP -MF"Drivers/STM32F4xx_HAL_Driver/Src/stm32f4xx_hal_dma.d" -MT"Drivers/STM32F4xx_HAL_Driver/Src/stm32f4xx_hal_dma.o" --specs=nano.specs -mfpu=fpv4-sp-d16 -mfloat-abi=hard -mthumb -o "Drivers/STM32F4xx_HAL_Driver/Src/stm32f4xx_hal_dma.o"
arm-none-eabi-gcc "../Drivers/STM32F4xx_HAL_Driver/Src/stm32f4xx_hal_dma_ex.c" -mcpu=cortex-m4 -std=gnu11 -g3 -DUSE_HAL_DRIVER -DSTM32F411xE -DDEBUG -c -I../Core/Inc -I../Drivers/STM32F4xx_HAL_Driver/Inc -I../Drivers/STM32F4xx_HAL_Driver/Inc/Legacy -I../Drivers/CMSIS/Device/ST/STM32F4xx/Include -I../Drivers/CMSIS/Include -O0 -ffunction-sections -fdata-sections -Wall -fstack-usage -MMD -MP -MF"Drivers/STM32F4xx_HAL_Driver/Src/stm32f4xx_hal_dma_ex.d" -MT"Drivers/STM32F4xx_HAL_Driver/Src/stm32f4xx_hal_dma_ex.o" --specs=nano.specs -mfpu=fpv4-sp-d16 -mfloat-abi=hard -mthumb -o "Drivers/STM32F4xx_HAL_Driver/Src/stm32f4xx_hal_dma_ex.o"
arm-none-eabi-gcc "../Drivers/STM32F4xx_HAL_Driver/Src/stm32f4xx_hal_exti.c" -mcpu=cortex-m4 -std=gnu11 -g3 -DUSE_HAL_DRIVER -DSTM32F411xE -DDEBUG -c -I../Core/Inc -I../Drivers/STM32F4xx_HAL_Driver/Inc -I../Drivers/STM32F4xx_HAL_Driver/Inc/Legacy -I../Drivers/CMSIS/Device/ST/STM32F4xx/Include -I../Drivers/CMSIS/Include -O0 -ffunction-sections -fdata-sections -Wall -fstack-usage -MMD -MP -MF"Drivers/STM32F4xx_HAL_Driver/Src/stm32f4xx_hal_exti.d" -MT"Drivers/STM32F4xx_HAL_Driver/Src/stm32f4xx_hal_exti.o" --specs=nano.specs -mfpu=fpv4-sp-d16 -mfloat-abi=hard -mthumb -o "Drivers/STM32F4xx_HAL_Driver/Src/stm32f4xx_hal_exti.o"
arm-none-eabi-gcc "../Drivers/STM32F4xx_HAL_Driver/Src/stm32f4xx_hal_flash.c" -mcpu=cortex-m4 -std=gnu11 -g3 -DUSE_HAL_DRIVER -DSTM32F411xE -DDEBUG -c -I../Core/Inc -I../Drivers/STM32F4xx_HAL_Driver/Inc -I../Drivers/STM32F4xx_HAL_Driver/Inc/Legacy -I../Drivers/CMSIS/Device/ST/STM32F4xx/Include -I../Drivers/CMSIS/Include -O0 -ffunction-sections -fdata-sections -Wall -fstack-usage -MMD -MP -MF"Drivers/STM32F4xx_HAL_Driver/Src/stm32f4xx_hal_flash.d" -MT"Drivers/STM32F4xx_HAL_Driver/Src/stm32f4xx_hal_flash.o" --specs=nano.specs -mfpu=fpv4-sp-d16 -mfloat-abi=hard -mthumb -o "Drivers/STM32F4xx_HAL_Driver/Src/stm32f4xx_hal_flash.o"
arm-none-eabi-gcc "../Drivers/STM32F4xx_HAL_Driver/Src/stm32f4xx_hal_flash_ex.c" -mcpu=cortex-m4 -std=gnu11 -g3 -DUSE_HAL_DRIVER -DSTM32F411xE -DDEBUG -c -I../Core/Inc -I../Drivers/STM32F4xx_HAL_Driver/Inc -I../Drivers/STM32F4xx_HAL_Driver/Inc/Legacy -I../Drivers/CMSIS/Device/ST/STM32F4xx/Include -I../Drivers/CMSIS/Include -O0 -ffunction-sections -fdata-sections -Wall -fstack-usage -MMD -MP -MF"Drivers/STM32F4xx_HAL_Driver/Src/stm32f4xx_hal_flash_ex.d" -MT"Drivers/STM32F4xx_HAL_Driver/Src/stm32f4xx_hal_flash_ex.o" --specs=nano.specs -mfpu=fpv4-sp-d16 -mfloat-abi=hard -mthumb -o "Drivers/STM32F4xx_HAL_Driver/Src/stm32f4xx_hal_flash_ex.o"
arm-none-eabi-gcc "../Drivers/STM32F4xx_HAL_Driver/Src/stm32f4xx_hal_flash_ramfunc.c" -mcpu=cortex-m4 -std=gnu11 -g3 -DUSE_HAL_DRIVER -DSTM32F411xE -DDEBUG -c -I../Core/Inc -I../Drivers/STM32F4xx_HAL_Driver/Inc -I../Drivers/STM32F4xx_HAL_Driver/Inc/Legacy -I../Drivers/CMSIS/Device/ST/STM32F4xx/Include -I../Drivers/CMSIS/Include -O0 -ffunction-sections -fdata-sections -Wall -fstack-usage -MMD -MP -MF"Drivers/STM32F4xx_HAL_Driver/Src/stm32f4xx_hal_flash_ramfunc.d" -MT"Drivers/STM32F4xx_HAL_Driver/Src/stm32f4xx_hal_flash_ramfunc.o" --specs=nano.specs -mfpu=fpv4-sp-d16 -mfloat-abi=hard -mthumb -o "Drivers/STM32F4xx_HAL_Driver/Src/stm32f4xx_hal_flash_ramfunc.o"
arm-none-eabi-gcc "../Drivers/STM32F4xx_HAL_Driver/Src/stm32f4xx_hal_gpio.c" -mcpu=cortex-m4 -std=gnu11 -g3 -DUSE_HAL_DRIVER -DSTM32F411xE -DDEBUG -c -I../Core/Inc -I../Drivers/STM32F4xx_HAL_Driver/Inc -I../Drivers/STM32F4xx_HAL_Driver/Inc/Legacy -I../Drivers/CMSIS/Device/ST/STM32F4xx/Include -I../Drivers/CMSIS/Include -O0 -ffunction-sections -fdata-sections -Wall -fstack-usage -MMD -MP -MF"Drivers/STM32F4xx_HAL_Driver/Src/stm32f4xx_hal_gpio.d" -MT"Drivers/STM32F4xx_HAL_Driver/Src/stm32f4xx_hal_gpio.o" --specs=nano.specs -mfpu=fpv4-sp-d16 -mfloat-abi=hard -mthumb -o "Drivers/STM32F4xx_HAL_Driver/Src/stm32f4xx_hal_gpio.o"
arm-none-eabi-gcc "../Drivers/STM32F4xx_HAL_Driver/Src/stm32f4xx_hal_pwr.c" -mcpu=cortex-m4 -std=gnu11 -g3 -DUSE_HAL_DRIVER -DSTM32F411xE -DDEBUG -c -I../Core/Inc -I../Drivers/STM32F4xx_HAL_Driver/Inc -I../Drivers/STM32F4xx_HAL_Driver/Inc/Legacy -I../Drivers/CMSIS/Device/ST/STM32F4xx/Include -I../Drivers/CMSIS/Include -O0 -ffunction-sections -fdata-sections -Wall -fstack-usage -MMD -MP -MF"Drivers/STM32F4xx_HAL_Driver/Src/stm32f4xx_hal_pwr.d" -MT"Drivers/STM32F4xx_HAL_Driver/Src/stm32f4xx_hal_pwr.o" --specs=nano.specs -mfpu=fpv4-sp-d16 -mfloat-abi=hard -mthumb -o "Drivers/STM32F4xx_HAL_Driver/Src/stm32f4xx_hal_pwr.o"
arm-none-eabi-gcc "../Drivers/STM32F4xx_HAL_Driver/Src/stm32f4xx_hal_pwr_ex.c" -mcpu=cortex-m4 -std=gnu11 -g3 -DUSE_HAL_DRIVER -DSTM32F411xE -DDEBUG -c -I../Core/Inc -I../Drivers/STM32F4xx_HAL_Driver/Inc -I../Drivers/STM32F4xx_HAL_Driver/Inc/Legacy -I../Drivers/CMSIS/Device/ST/STM32F4xx/Include -I../Drivers/CMSIS/Include -O0 -ffunction-sections -fdata-sections -Wall -fstack-usage -MMD -MP -MF"Drivers/STM32F4xx_HAL_Driver/Src/stm32f4xx_hal_pwr_ex.d" -MT"Drivers/STM32F4xx_HAL_Driver/Src/stm32f4xx_hal_pwr_ex.o" --specs=nano.specs -mfpu=fpv4-sp-d16 -mfloat-abi=hard -mthumb -o "Drivers/STM32F4xx_HAL_Driver/Src/stm32f4xx_hal_pwr_ex.o"
arm-none-eabi-gcc "../Drivers/STM32F4xx_HAL_Driver/Src/stm32f4xx_hal_rcc.c" -mcpu=cortex-m4 -std=gnu11 -g3 -DUSE_HAL_DRIVER -DSTM32F411xE -DDEBUG -c -I../Core/Inc -I../Drivers/STM32F4xx_HAL_Driver/Inc -I../Drivers/STM32F4xx_HAL_Driver/Inc/Legacy -I../Drivers/CMSIS/Device/ST/STM32F4xx/Include -I../Drivers/CMSIS/Include -O0 -ffunction-sections -fdata-sections -Wall -fstack-usage -MMD -MP -MF"Drivers/STM32F4xx_HAL_Driver/Src/stm32f4xx_hal_rcc.d" -MT"Drivers/STM32F4xx_HAL_Driver/Src/stm32f4xx_hal_rcc.o" --specs=nano.specs -mfpu=fpv4-sp-d16 -mfloat-abi=hard -mthumb -o "Drivers/STM32F4xx_HAL_Driver/Src/stm32f4xx_hal_rcc.o"
arm-none-eabi-gcc "../Drivers/STM32F4xx_HAL_Driver/Src/stm32f4xx_hal_rcc_ex.c" -mcpu=cortex-m4 -std=gnu11 -g3 -DUSE_HAL_DRIVER -DSTM32F411xE -DDEBUG -c -I../Core/Inc -I../Drivers/STM32F4xx_HAL_Driver/Inc -I../Drivers/STM32F4xx_HAL_Driver/Inc/Legacy -I../Drivers/CMSIS/Device/ST/STM32F4xx/Include -I../Drivers/CMSIS/Include -O0 -ffunction-sections -fdata-sections -Wall -fstack-usage -MMD -MP -MF"Drivers/STM32F4xx_HAL_Driver/Src/stm32f4xx_hal_rcc_ex.d" -MT"Drivers/STM32F4xx_HAL_Driver/Src/stm32f4xx_hal_rcc_ex.o" --specs=nano.specs -mfpu=fpv4-sp-d16 -mfloat-abi=hard -mthumb -o "Drivers/STM32F4xx_HAL_Driver/Src/stm32f4xx_hal_rcc_ex.o"
arm-none-eabi-gcc "../Drivers/STM32F4xx_HAL_Driver/Src/stm32f4xx_hal_tim.c" -mcpu=cortex-m4 -std=gnu11 -g3 -DUSE_HAL_DRIVER -DSTM32F411xE -DDEBUG -c -I../Core/Inc -I../Drivers/STM32F4xx_HAL_Driver/Inc -I../Drivers/STM32F4xx_HAL_Driver/Inc/Legacy -I../Drivers/CMSIS/Device/ST/STM32F4xx/Include -I../Drivers/CMSIS/Include -O0 -ffunction-sections -fdata-sections -Wall -fstack-usage -MMD -MP -MF"Drivers/STM32F4xx_HAL_Driver/Src/stm32f4xx_hal_tim.d" -MT"Drivers/STM32F4xx_HAL_Driver/Src/stm32f4xx_hal_tim.o" --specs=nano.specs -mfpu=fpv4-sp-d16 -mfloat-abi=hard -mthumb -o "Drivers/STM32F4xx_HAL_Driver/Src/stm32f4xx_hal_tim.o"
arm-none-eabi-gcc "../Drivers/STM32F4xx_HAL_Driver/Src/stm32f4xx_hal_tim_ex.c" -mcpu=cortex-m4 -std=gnu11 -g3 -DUSE_HAL_DRIVER -DSTM32F411xE -DDEBUG -c -I../Core/Inc -I../Drivers/STM32F4xx_HAL_Driver/Inc -I../Drivers/STM32F4xx_HAL_Driver/Inc/Legacy -I../Drivers/CMSIS/Device/ST/STM32F4xx/Include -I../Drivers/CMSIS/Include -O0 -ffunction-sections -fdata-sections -Wall -fstack-usage -MMD -MP -MF"Drivers/STM32F4xx_HAL_Driver/Src/stm32f4xx_hal_tim_ex.d" -MT"Drivers/STM32F4xx_HAL_Driver/Src/stm32f4xx_hal_tim_ex.o" --specs=nano.specs -mfpu=fpv4-sp-d16 -mfloat-abi=hard -mthumb -o "Drivers/STM32F4xx_HAL_Driver/Src/stm32f4xx_hal_tim_ex.o"
arm-none-eabi-gcc "../Drivers/STM32F4xx_HAL_Driver/Src/stm32f4xx_hal_uart.c" -mcpu=cortex-m4 -std=gnu11 -g3 -DUSE_HAL_DRIVER -DSTM32F411xE -DDEBUG -c -I../Core/Inc -I../Drivers/STM32F4xx_HAL_Driver/Inc -I../Drivers/STM32F4xx_HAL_Driver/Inc/Legacy -I../Drivers/CMSIS/Device/ST/STM32F4xx/Include -I../Drivers/CMSIS/Include -O0 -ffunction-sections -fdata-sections -Wall -fstack-usage -MMD -MP -MF"Drivers/STM32F4xx_HAL_Driver/Src/stm32f4xx_hal_uart.d" -MT"Drivers/STM32F4xx_HAL_Driver/Src/stm32f4xx_hal_uart.o" --specs=nano.specs -mfpu=fpv4-sp-d16 -mfloat-abi=hard -mthumb -o "Drivers/STM32F4xx_HAL_Driver/Src/stm32f4xx_hal_uart.o"
arm-none-eabi-gcc -mcpu=cortex-m4 -g3 -c -x assembler-with-cpp -MMD -MP -MF"Core/Startup/startup_stm32f411retx.d" -MT"Core/Startup/startup_stm32f411retx.o" --specs=nano.specs -mfpu=fpv4-sp-d16 -mfloat-abi=hard -mthumb -o "Core/Startup/startup_stm32f411retx.o" "../Core/Startup/startup_stm32f411retx.s"
arm-none-eabi-gcc "../Core/Src/dma.c" -mcpu=cortex-m4 -std=gnu11 -g3 -DUSE_HAL_DRIVER -DSTM32F411xE -DDEBUG -c -I../Core/Inc -I../Drivers/STM32F4xx_HAL_Driver/Inc -I../Drivers/STM32F4xx_HAL_Driver/Inc/Legacy -I../Drivers/CMSIS/Device/ST/STM32F4xx/Include -I../Drivers/CMSIS/Include -O0 -ffunction-sections -fdata-sections -Wall -fstack-usage -MMD -MP -MF"Core/Src/dma.d" -MT"Core/Src/dma.o" --specs=nano.specs -mfpu=fpv4-sp-d16 -mfloat-abi=hard -mthumb -o "Core/Src/dma.o"
arm-none-eabi-gcc "../Core/Src/gpio.c" -mcpu=cortex-m4 -std=gnu11 -g3 -DUSE_HAL_DRIVER -DSTM32F411xE -DDEBUG -c -I../Core/Inc -I../Drivers/STM32F4xx_HAL_Driver/Inc -I../Drivers/STM32F4xx_HAL_Driver/Inc/Legacy -I../Drivers/CMSIS/Device/ST/STM32F4xx/Include -I../Drivers/CMSIS/Include -O0 -ffunction-sections -fdata-sections -Wall -fstack-usage -MMD -MP -MF"Core/Src/gpio.d" -MT"Core/Src/gpio.o" --specs=nano.specs -mfpu=fpv4-sp-d16 -mfloat-abi=hard -mthumb -o "Core/Src/gpio.o"
arm-none-eabi-gcc "../Core/Src/main.c" -mcpu=cortex-m4 -std=gnu11 -g3 -DUSE_HAL_DRIVER -DSTM32F411xE -DDEBUG -c -I../Core/Inc -I../Drivers/STM32F4xx_HAL_Driver/Inc -I../Drivers/STM32F4xx_HAL_Driver/Inc/Legacy -I../Drivers/CMSIS/Device/ST/STM32F4xx/Include -I../Drivers/CMSIS/Include -O0 -ffunction-sections -fdata-sections -Wall -fstack-usage -MMD -MP -MF"Core/Src/main.d" -MT"Core/Src/main.o" --specs=nano.specs -mfpu=fpv4-sp-d16 -mfloat-abi=hard -mthumb -o "Core/Src/main.o"
arm-none-eabi-gcc "../Core/Src/parser.c" -mcpu=cortex-m4 -std=gnu11 -g3 -DUSE_HAL_DRIVER -DSTM32F411xE -DDEBUG -c -I../Core/Inc -I../Drivers/STM32F4xx_HAL_Driver/Inc -I../Drivers/STM32F4xx_HAL_Driver/Inc/Legacy -I../Drivers/CMSIS/Device/ST/STM32F4xx/Include -I../Drivers/CMSIS/Include -O0 -ffunction-sections -fdata-sections -Wall -fstack-usage -MMD -MP -MF"Core/Src/parser.d" -MT"Core/Src/parser.o" --specs=nano.specs -mfpu=fpv4-sp-d16 -mfloat-abi=hard -mthumb -o "Core/Src/parser.o"
arm-none-eabi-gcc "../Core/Src/ring_buffer.c" -mcpu=cortex-m4 -std=gnu11 -g3 -DUSE_HAL_DRIVER -DSTM32F411xE -DDEBUG -c -I../Core/Inc -I../Drivers/STM32F4xx_HAL_Driver/Inc -I../Drivers/STM32F4xx_HAL_Driver/Inc/Legacy -I../Drivers/CMSIS/Device/ST/STM32F4xx/Include -I../Drivers/CMSIS/Include -O0 -ffunction-sections -fdata-sections -Wall -fstack-usage -MMD -MP -MF"Core/Src/ring_buffer.d" -MT"Core/Src/ring_buffer.o" --specs=nano.specs -mfpu=fpv4-sp-d16 -mfloat-abi=hard -mthumb -o "Core/Src/ring_buffer.o"
arm-none-eabi-gcc "../Core/Src/stm32f4xx_hal_msp.c" -mcpu=cortex-m4 -std=gnu11 -g3 -DUSE_HAL_DRIVER -DSTM32F411xE -DDEBUG -c -I../Core/Inc -I../Drivers/STM32F4xx_HAL_Driver/Inc -I../Drivers/STM32F4xx_HAL_Driver/Inc/Legacy -I../Drivers/CMSIS/Device/ST/STM32F4xx/Include -I../Drivers/CMSIS/Include -O0 -ffunction-sections -fdata-sections -Wall -fstack-usage -MMD -MP -MF"Core/Src/stm32f4xx_hal_msp.d" -MT"Core/Src/stm32f4xx_hal_msp.o" --specs=nano.specs -mfpu=fpv4-sp-d16 -mfloat-abi=hard -mthumb -o "Core/Src/stm32f4xx_hal_msp.o"
arm-none-eabi-gcc "../Core/Src/stm32f4xx_it.c" -mcpu=cortex-m4 -std=gnu11 -g3 -DUSE_HAL_DRIVER -DSTM32F411xE -DDEBUG -c -I../Core/Inc -I../Drivers/STM32F4xx_HAL_Driver/Inc -I../Drivers/STM32F4xx_HAL_Driver/Inc/Legacy -I../Drivers/CMSIS/Device/ST/STM32F4xx/Include -I../Drivers/CMSIS/Include -O0 -ffunction-sections -fdata-sections -Wall -fstack-usage -MMD -MP -MF"Core/Src/stm32f4xx_it.d" -MT"Core/Src/stm32f4xx_it.o" --specs=nano.specs -mfpu=fpv4-sp-d16 -mfloat-abi=hard -mthumb -o "Core/Src/stm32f4xx_it.o"
arm-none-eabi-gcc "../Core/Src/syscalls.c" -mcpu=cortex-m4 -std=gnu11 -g3 -DUSE_HAL_DRIVER -DSTM32F411xE -DDEBUG -c -I../Core/Inc -I../Drivers/STM32F4xx_HAL_Driver/Inc -I../Drivers/STM32F4xx_HAL_Driver/Inc/Legacy -I../Drivers/CMSIS/Device/ST/STM32F4xx/Include -I../Drivers/CMSIS/Include -O0 -ffunction-sections -fdata-sections -Wall -fstack-usage -MMD -MP -MF"Core/Src/syscalls.d" -MT"Core/Src/syscalls.o" --specs=nano.specs -mfpu=fpv4-sp-d16 -mfloat-abi=hard -mthumb -o "Core/Src/syscalls.o"
arm-none-eabi-gcc "../Core/Src/sysmem.c" -mcpu=cortex-m4 -std=gnu11 -g3 -DUSE_HAL_DRIVER -DSTM32F411xE -DDEBUG -c -I../Core/Inc -I../Drivers/STM32F4xx_HAL_Driver/Inc -I../Drivers/STM32F4xx_HAL_Driver/Inc/Legacy -I../Drivers/CMSIS/Device/ST/STM32F4xx/Include -I../Drivers/CMSIS/Include -O0 -ffunction-sections -fdata-sections -Wall -fstack-usage -MMD -MP -MF"Core/Src/sysmem.d" -MT"Core/Src/sysmem.o" --specs=nano.specs -mfpu=fpv4-sp-d16 -mfloat-abi=hard -mthumb -o "Core/Src/sysmem.o"
arm-none-eabi-gcc "../Core/Src/system_stm32f4xx.c" -mcpu=cortex-m4 -std=gnu11 -g3 -DUSE_HAL_DRIVER -DSTM32F411xE -DDEBUG -c -I../Core/Inc -I../Drivers/STM32F4xx_HAL_Driver/Inc -I../Drivers/STM32F4xx_HAL_Driver/Inc/Legacy -I../Drivers/CMSIS/Device/ST/STM32F4xx/Include -I../Drivers/CMSIS/Include -O0 -ffunction-sections -fdata-sections -Wall -fstack-usage -MMD -MP -MF"Core/Src/system_stm32f4xx.d" -MT"Core/Src/system_stm32f4xx.o" --specs=nano.specs -mfpu=fpv4-sp-d16 -mfloat-abi=hard -mthumb -o "Core/Src/system_stm32f4xx.o"
arm-none-eabi-gcc "../Core/Src/uartdma.c" -mcpu=cortex-m4 -std=gnu11 -g3 -DUSE_HAL_DRIVER -DSTM32F411xE -DDEBUG -c -I../Core/Inc -I../Drivers/STM32F4xx_HAL_Driver/Inc -I../Drivers/STM32F4xx_HAL_Driver/Inc/Legacy -I../Drivers/CMSIS/Device/ST/STM32F4xx/Include -I../Drivers/CMSIS/Include -O0 -ffunction-sections -fdata-sections -Wall -fstack-usage -MMD -MP -MF"Core/Src/uartdma.d" -MT"Core/Src/uartdma.o" --specs=nano.specs -mfpu=fpv4-sp-d16 -mfloat-abi=hard -mthumb -o "Core/Src/uartdma.o"
arm-none-eabi-gcc "../Core/Src/usart.c" -mcpu=cortex-m4 -std=gnu11 -g3 -DUSE_HAL_DRIVER -DSTM32F411xE -DDEBUG -c -I../Core/Inc -I../Drivers/STM32F4xx_HAL_Driver/Inc -I../Drivers/STM32F4xx_HAL_Driver/Inc/Legacy -I../Drivers/CMSIS/Device/ST/STM32F4xx/Include -I../Drivers/CMSIS/Include -O0 -ffunction-sections -fdata-sections -Wall -fstack-usage -MMD -MP -MF"Core/Src/usart.d" -MT"Core/Src/usart.o" --specs=nano.specs -mfpu=fpv4-sp-d16 -mfloat-abi=hard -mthumb -o "Core/Src/usart.o"
arm-none-eabi-gcc -o "14_msm_nuc_UART_DMA_RX_TX_Pars2.elf" @"objects.list"   -mcpu=cortex-m4 -T"D:\STM32\workspace\14_msm_nuc_UART_DMA_RX_TX_Pars2\STM32F411RETX_FLASH.ld" --specs=nosys.specs -Wl,-Map="14_msm_nuc_UART_DMA_RX_TX_Pars2.map" -Wl,--gc-sections -static --specs=nano.specs -mfpu=fpv4-sp-d16 -mfloat-abi=hard -mthumb -u _printf_float -Wl,--start-group -lc -lm -Wl,--end-group
Finished building target: 14_msm_nuc_UART_DMA_RX_TX_Pars2.elf
 
arm-none-eabi-size   14_msm_nuc_UART_DMA_RX_TX_Pars2.elf 
arm-none-eabi-objdump -h -S  14_msm_nuc_UART_DMA_RX_TX_Pars2.elf  > "14_msm_nuc_UART_DMA_RX_TX_Pars2.list"
arm-none-eabi-objcopy  -O binary  14_msm_nuc_UART_DMA_RX_TX_Pars2.elf  "14_msm_nuc_UART_DMA_RX_TX_Pars2.bin"
   text	   data	    bss	    dec	    hex	filename
  32420	    516	   2236	  35172	   8964	14_msm_nuc_UART_DMA_RX_TX_Pars2.elf
Finished building: default.size.stdout
 
Finished building: 14_msm_nuc_UART_DMA_RX_TX_Pars2.bin
 
Finished building: 14_msm_nuc_UART_DMA_RX_TX_Pars2.list
 
16:56:31 **** Incremental Build of configuration Debug for project STMars_modular_robot ****
make -j4 all 
arm-none-eabi-gcc "../Drivers/STM32L4xx_HAL_Driver/Src/stm32l4xx_hal.c" -mcpu=cortex-m4 -std=gnu11 -g3 -DUSE_HAL_DRIVER -DDEBUG -DSTM32L432xx -c -I../Core/Inc -I../Drivers/STM32L4xx_HAL_Driver/Inc -I../Drivers/STM32L4xx_HAL_Driver/Inc/Legacy -I../Drivers/CMSIS/Device/ST/STM32L4xx/Include -I../Drivers/CMSIS/Include -O0 -ffunction-sections -fdata-sections -Wall -fstack-usage -MMD -MP -MF"Drivers/STM32L4xx_HAL_Driver/Src/stm32l4xx_hal.d" -MT"Drivers/STM32L4xx_HAL_Driver/Src/stm32l4xx_hal.o" --specs=nano.specs -mfpu=fpv4-sp-d16 -mfloat-abi=hard -mthumb -o "Drivers/STM32L4xx_HAL_Driver/Src/stm32l4xx_hal.o"
arm-none-eabi-gcc "../Drivers/STM32L4xx_HAL_Driver/Src/stm32l4xx_hal_cortex.c" -mcpu=cortex-m4 -std=gnu11 -g3 -DUSE_HAL_DRIVER -DDEBUG -DSTM32L432xx -c -I../Core/Inc -I../Drivers/STM32L4xx_HAL_Driver/Inc -I../Drivers/STM32L4xx_HAL_Driver/Inc/Legacy -I../Drivers/CMSIS/Device/ST/STM32L4xx/Include -I../Drivers/CMSIS/Include -O0 -ffunction-sections -fdata-sections -Wall -fstack-usage -MMD -MP -MF"Drivers/STM32L4xx_HAL_Driver/Src/stm32l4xx_hal_cortex.d" -MT"Drivers/STM32L4xx_HAL_Driver/Src/stm32l4xx_hal_cortex.o" --specs=nano.specs -mfpu=fpv4-sp-d16 -mfloat-abi=hard -mthumb -o "Drivers/STM32L4xx_HAL_Driver/Src/stm32l4xx_hal_cortex.o"
arm-none-eabi-gcc "../Drivers/STM32L4xx_HAL_Driver/Src/stm32l4xx_hal_dma.c" -mcpu=cortex-m4 -std=gnu11 -g3 -DUSE_HAL_DRIVER -DDEBUG -DSTM32L432xx -c -I../Core/Inc -I../Drivers/STM32L4xx_HAL_Driver/Inc -I../Drivers/STM32L4xx_HAL_Driver/Inc/Legacy -I../Drivers/CMSIS/Device/ST/STM32L4xx/Include -I../Drivers/CMSIS/Include -O0 -ffunction-sections -fdata-sections -Wall -fstack-usage -MMD -MP -MF"Drivers/STM32L4xx_HAL_Driver/Src/stm32l4xx_hal_dma.d" -MT"Drivers/STM32L4xx_HAL_Driver/Src/stm32l4xx_hal_dma.o" --specs=nano.specs -mfpu=fpv4-sp-d16 -mfloat-abi=hard -mthumb -o "Drivers/STM32L4xx_HAL_Driver/Src/stm32l4xx_hal_dma.o"
arm-none-eabi-gcc "../Drivers/STM32L4xx_HAL_Driver/Src/stm32l4xx_hal_dma_ex.c" -mcpu=cortex-m4 -std=gnu11 -g3 -DUSE_HAL_DRIVER -DDEBUG -DSTM32L432xx -c -I../Core/Inc -I../Drivers/STM32L4xx_HAL_Driver/Inc -I../Drivers/STM32L4xx_HAL_Driver/Inc/Legacy -I../Drivers/CMSIS/Device/ST/STM32L4xx/Include -I../Drivers/CMSIS/Include -O0 -ffunction-sections -fdata-sections -Wall -fstack-usage -MMD -MP -MF"Drivers/STM32L4xx_HAL_Driver/Src/stm32l4xx_hal_dma_ex.d" -MT"Drivers/STM32L4xx_HAL_Driver/Src/stm32l4xx_hal_dma_ex.o" --specs=nano.specs -mfpu=fpv4-sp-d16 -mfloat-abi=hard -mthumb -o "Drivers/STM32L4xx_HAL_Driver/Src/stm32l4xx_hal_dma_ex.o"
arm-none-eabi-gcc "../Drivers/STM32L4xx_HAL_Driver/Src/stm32l4xx_hal_exti.c" -mcpu=cortex-m4 -std=gnu11 -g3 -DUSE_HAL_DRIVER -DDEBUG -DSTM32L432xx -c -I../Core/Inc -I../Drivers/STM32L4xx_HAL_Driver/Inc -I../Drivers/STM32L4xx_HAL_Driver/Inc/Legacy -I../Drivers/CMSIS/Device/ST/STM32L4xx/Include -I../Drivers/CMSIS/Include -O0 -ffunction-sections -fdata-sections -Wall -fstack-usage -MMD -MP -MF"Drivers/STM32L4xx_HAL_Driver/Src/stm32l4xx_hal_exti.d" -MT"Drivers/STM32L4xx_HAL_Driver/Src/stm32l4xx_hal_exti.o" --specs=nano.specs -mfpu=fpv4-sp-d16 -mfloat-abi=hard -mthumb -o "Drivers/STM32L4xx_HAL_Driver/Src/stm32l4xx_hal_exti.o"
arm-none-eabi-gcc "../Drivers/STM32L4xx_HAL_Driver/Src/stm32l4xx_hal_flash.c" -mcpu=cortex-m4 -std=gnu11 -g3 -DUSE_HAL_DRIVER -DDEBUG -DSTM32L432xx -c -I../Core/Inc -I../Drivers/STM32L4xx_HAL_Driver/Inc -I../Drivers/STM32L4xx_HAL_Driver/Inc/Legacy -I../Drivers/CMSIS/Device/ST/STM32L4xx/Include -I../Drivers/CMSIS/Include -O0 -ffunction-sections -fdata-sections -Wall -fstack-usage -MMD -MP -MF"Drivers/STM32L4xx_HAL_Driver/Src/stm32l4xx_hal_flash.d" -MT"Drivers/STM32L4xx_HAL_Driver/Src/stm32l4xx_hal_flash.o" --specs=nano.specs -mfpu=fpv4-sp-d16 -mfloat-abi=hard -mthumb -o "Drivers/STM32L4xx_HAL_Driver/Src/stm32l4xx_hal_flash.o"
arm-none-eabi-gcc "../Drivers/STM32L4xx_HAL_Driver/Src/stm32l4xx_hal_flash_ex.c" -mcpu=cortex-m4 -std=gnu11 -g3 -DUSE_HAL_DRIVER -DDEBUG -DSTM32L432xx -c -I../Core/Inc -I../Drivers/STM32L4xx_HAL_Driver/Inc -I../Drivers/STM32L4xx_HAL_Driver/Inc/Legacy -I../Drivers/CMSIS/Device/ST/STM32L4xx/Include -I../Drivers/CMSIS/Include -O0 -ffunction-sections -fdata-sections -Wall -fstack-usage -MMD -MP -MF"Drivers/STM32L4xx_HAL_Driver/Src/stm32l4xx_hal_flash_ex.d" -MT"Drivers/STM32L4xx_HAL_Driver/Src/stm32l4xx_hal_flash_ex.o" --specs=nano.specs -mfpu=fpv4-sp-d16 -mfloat-abi=hard -mthumb -o "Drivers/STM32L4xx_HAL_Driver/Src/stm32l4xx_hal_flash_ex.o"
arm-none-eabi-gcc "../Drivers/STM32L4xx_HAL_Driver/Src/stm32l4xx_hal_flash_ramfunc.c" -mcpu=cortex-m4 -std=gnu11 -g3 -DUSE_HAL_DRIVER -DDEBUG -DSTM32L432xx -c -I../Core/Inc -I../Drivers/STM32L4xx_HAL_Driver/Inc -I../Drivers/STM32L4xx_HAL_Driver/Inc/Legacy -I../Drivers/CMSIS/Device/ST/STM32L4xx/Include -I../Drivers/CMSIS/Include -O0 -ffunction-sections -fdata-sections -Wall -fstack-usage -MMD -MP -MF"Drivers/STM32L4xx_HAL_Driver/Src/stm32l4xx_hal_flash_ramfunc.d" -MT"Drivers/STM32L4xx_HAL_Driver/Src/stm32l4xx_hal_flash_ramfunc.o" --specs=nano.specs -mfpu=fpv4-sp-d16 -mfloat-abi=hard -mthumb -o "Drivers/STM32L4xx_HAL_Driver/Src/stm32l4xx_hal_flash_ramfunc.o"
arm-none-eabi-gcc "../Drivers/STM32L4xx_HAL_Driver/Src/stm32l4xx_hal_gpio.c" -mcpu=cortex-m4 -std=gnu11 -g3 -DUSE_HAL_DRIVER -DDEBUG -DSTM32L432xx -c -I../Core/Inc -I../Drivers/STM32L4xx_HAL_Driver/Inc -I../Drivers/STM32L4xx_HAL_Driver/Inc/Legacy -I../Drivers/CMSIS/Device/ST/STM32L4xx/Include -I../Drivers/CMSIS/Include -O0 -ffunction-sections -fdata-sections -Wall -fstack-usage -MMD -MP -MF"Drivers/STM32L4xx_HAL_Driver/Src/stm32l4xx_hal_gpio.d" -MT"Drivers/STM32L4xx_HAL_Driver/Src/stm32l4xx_hal_gpio.o" --specs=nano.specs -mfpu=fpv4-sp-d16 -mfloat-abi=hard -mthumb -o "Drivers/STM32L4xx_HAL_Driver/Src/stm32l4xx_hal_gpio.o"
arm-none-eabi-gcc "../Drivers/STM32L4xx_HAL_Driver/Src/stm32l4xx_hal_i2c.c" -mcpu=cortex-m4 -std=gnu11 -g3 -DUSE_HAL_DRIVER -DDEBUG -DSTM32L432xx -c -I../Core/Inc -I../Drivers/STM32L4xx_HAL_Driver/Inc -I../Drivers/STM32L4xx_HAL_Driver/Inc/Legacy -I../Drivers/CMSIS/Device/ST/STM32L4xx/Include -I../Drivers/CMSIS/Include -O0 -ffunction-sections -fdata-sections -Wall -fstack-usage -MMD -MP -MF"Drivers/STM32L4xx_HAL_Driver/Src/stm32l4xx_hal_i2c.d" -MT"Drivers/STM32L4xx_HAL_Driver/Src/stm32l4xx_hal_i2c.o" --specs=nano.specs -mfpu=fpv4-sp-d16 -mfloat-abi=hard -mthumb -o "Drivers/STM32L4xx_HAL_Driver/Src/stm32l4xx_hal_i2c.o"
arm-none-eabi-gcc "../Drivers/STM32L4xx_HAL_Driver/Src/stm32l4xx_hal_i2c_ex.c" -mcpu=cortex-m4 -std=gnu11 -g3 -DUSE_HAL_DRIVER -DDEBUG -DSTM32L432xx -c -I../Core/Inc -I../Drivers/STM32L4xx_HAL_Driver/Inc -I../Drivers/STM32L4xx_HAL_Driver/Inc/Legacy -I../Drivers/CMSIS/Device/ST/STM32L4xx/Include -I../Drivers/CMSIS/Include -O0 -ffunction-sections -fdata-sections -Wall -fstack-usage -MMD -MP -MF"Drivers/STM32L4xx_HAL_Driver/Src/stm32l4xx_hal_i2c_ex.d" -MT"Drivers/STM32L4xx_HAL_Driver/Src/stm32l4xx_hal_i2c_ex.o" --specs=nano.specs -mfpu=fpv4-sp-d16 -mfloat-abi=hard -mthumb -o "Drivers/STM32L4xx_HAL_Driver/Src/stm32l4xx_hal_i2c_ex.o"
arm-none-eabi-gcc "../Drivers/STM32L4xx_HAL_Driver/Src/stm32l4xx_hal_pwr.c" -mcpu=cortex-m4 -std=gnu11 -g3 -DUSE_HAL_DRIVER -DDEBUG -DSTM32L432xx -c -I../Core/Inc -I../Drivers/STM32L4xx_HAL_Driver/Inc -I../Drivers/STM32L4xx_HAL_Driver/Inc/Legacy -I../Drivers/CMSIS/Device/ST/STM32L4xx/Include -I../Drivers/CMSIS/Include -O0 -ffunction-sections -fdata-sections -Wall -fstack-usage -MMD -MP -MF"Drivers/STM32L4xx_HAL_Driver/Src/stm32l4xx_hal_pwr.d" -MT"Drivers/STM32L4xx_HAL_Driver/Src/stm32l4xx_hal_pwr.o" --specs=nano.specs -mfpu=fpv4-sp-d16 -mfloat-abi=hard -mthumb -o "Drivers/STM32L4xx_HAL_Driver/Src/stm32l4xx_hal_pwr.o"
arm-none-eabi-gcc "../Drivers/STM32L4xx_HAL_Driver/Src/stm32l4xx_hal_pwr_ex.c" -mcpu=cortex-m4 -std=gnu11 -g3 -DUSE_HAL_DRIVER -DDEBUG -DSTM32L432xx -c -I../Core/Inc -I../Drivers/STM32L4xx_HAL_Driver/Inc -I../Drivers/STM32L4xx_HAL_Driver/Inc/Legacy -I../Drivers/CMSIS/Device/ST/STM32L4xx/Include -I../Drivers/CMSIS/Include -O0 -ffunction-sections -fdata-sections -Wall -fstack-usage -MMD -MP -MF"Drivers/STM32L4xx_HAL_Driver/Src/stm32l4xx_hal_pwr_ex.d" -MT"Drivers/STM32L4xx_HAL_Driver/Src/stm32l4xx_hal_pwr_ex.o" --specs=nano.specs -mfpu=fpv4-sp-d16 -mfloat-abi=hard -mthumb -o "Drivers/STM32L4xx_HAL_Driver/Src/stm32l4xx_hal_pwr_ex.o"
arm-none-eabi-gcc "../Drivers/STM32L4xx_HAL_Driver/Src/stm32l4xx_hal_rcc.c" -mcpu=cortex-m4 -std=gnu11 -g3 -DUSE_HAL_DRIVER -DDEBUG -DSTM32L432xx -c -I../Core/Inc -I../Drivers/STM32L4xx_HAL_Driver/Inc -I../Drivers/STM32L4xx_HAL_Driver/Inc/Legacy -I../Drivers/CMSIS/Device/ST/STM32L4xx/Include -I../Drivers/CMSIS/Include -O0 -ffunction-sections -fdata-sections -Wall -fstack-usage -MMD -MP -MF"Drivers/STM32L4xx_HAL_Driver/Src/stm32l4xx_hal_rcc.d" -MT"Drivers/STM32L4xx_HAL_Driver/Src/stm32l4xx_hal_rcc.o" --specs=nano.specs -mfpu=fpv4-sp-d16 -mfloat-abi=hard -mthumb -o "Drivers/STM32L4xx_HAL_Driver/Src/stm32l4xx_hal_rcc.o"
arm-none-eabi-gcc "../Drivers/STM32L4xx_HAL_Driver/Src/stm32l4xx_hal_rcc_ex.c" -mcpu=cortex-m4 -std=gnu11 -g3 -DUSE_HAL_DRIVER -DDEBUG -DSTM32L432xx -c -I../Core/Inc -I../Drivers/STM32L4xx_HAL_Driver/Inc -I../Drivers/STM32L4xx_HAL_Driver/Inc/Legacy -I../Drivers/CMSIS/Device/ST/STM32L4xx/Include -I../Drivers/CMSIS/Include -O0 -ffunction-sections -fdata-sections -Wall -fstack-usage -MMD -MP -MF"Drivers/STM32L4xx_HAL_Driver/Src/stm32l4xx_hal_rcc_ex.d" -MT"Drivers/STM32L4xx_HAL_Driver/Src/stm32l4xx_hal_rcc_ex.o" --specs=nano.specs -mfpu=fpv4-sp-d16 -mfloat-abi=hard -mthumb -o "Drivers/STM32L4xx_HAL_Driver/Src/stm32l4xx_hal_rcc_ex.o"
arm-none-eabi-gcc "../Drivers/STM32L4xx_HAL_Driver/Src/stm32l4xx_hal_tim.c" -mcpu=cortex-m4 -std=gnu11 -g3 -DUSE_HAL_DRIVER -DDEBUG -DSTM32L432xx -c -I../Core/Inc -I../Drivers/STM32L4xx_HAL_Driver/Inc -I../Drivers/STM32L4xx_HAL_Driver/Inc/Legacy -I../Drivers/CMSIS/Device/ST/STM32L4xx/Include -I../Drivers/CMSIS/Include -O0 -ffunction-sections -fdata-sections -Wall -fstack-usage -MMD -MP -MF"Drivers/STM32L4xx_HAL_Driver/Src/stm32l4xx_hal_tim.d" -MT"Drivers/STM32L4xx_HAL_Driver/Src/stm32l4xx_hal_tim.o" --specs=nano.specs -mfpu=fpv4-sp-d16 -mfloat-abi=hard -mthumb -o "Drivers/STM32L4xx_HAL_Driver/Src/stm32l4xx_hal_tim.o"
arm-none-eabi-gcc "../Drivers/STM32L4xx_HAL_Driver/Src/stm32l4xx_hal_tim_ex.c" -mcpu=cortex-m4 -std=gnu11 -g3 -DUSE_HAL_DRIVER -DDEBUG -DSTM32L432xx -c -I../Core/Inc -I../Drivers/STM32L4xx_HAL_Driver/Inc -I../Drivers/STM32L4xx_HAL_Driver/Inc/Legacy -I../Drivers/CMSIS/Device/ST/STM32L4xx/Include -I../Drivers/CMSIS/Include -O0 -ffunction-sections -fdata-sections -Wall -fstack-usage -MMD -MP -MF"Drivers/STM32L4xx_HAL_Driver/Src/stm32l4xx_hal_tim_ex.d" -MT"Drivers/STM32L4xx_HAL_Driver/Src/stm32l4xx_hal_tim_ex.o" --specs=nano.specs -mfpu=fpv4-sp-d16 -mfloat-abi=hard -mthumb -o "Drivers/STM32L4xx_HAL_Driver/Src/stm32l4xx_hal_tim_ex.o"
arm-none-eabi-gcc "../Drivers/STM32L4xx_HAL_Driver/Src/stm32l4xx_hal_uart.c" -mcpu=cortex-m4 -std=gnu11 -g3 -DUSE_HAL_DRIVER -DDEBUG -DSTM32L432xx -c -I../Core/Inc -I../Drivers/STM32L4xx_HAL_Driver/Inc -I../Drivers/STM32L4xx_HAL_Driver/Inc/Legacy -I../Drivers/CMSIS/Device/ST/STM32L4xx/Include -I../Drivers/CMSIS/Include -O0 -ffunction-sections -fdata-sections -Wall -fstack-usage -MMD -MP -MF"Drivers/STM32L4xx_HAL_Driver/Src/stm32l4xx_hal_uart.d" -MT"Drivers/STM32L4xx_HAL_Driver/Src/stm32l4xx_hal_uart.o" --specs=nano.specs -mfpu=fpv4-sp-d16 -mfloat-abi=hard -mthumb -o "Drivers/STM32L4xx_HAL_Driver/Src/stm32l4xx_hal_uart.o"
arm-none-eabi-gcc "../Drivers/STM32L4xx_HAL_Driver/Src/stm32l4xx_hal_uart_ex.c" -mcpu=cortex-m4 -std=gnu11 -g3 -DUSE_HAL_DRIVER -DDEBUG -DSTM32L432xx -c -I../Core/Inc -I../Drivers/STM32L4xx_HAL_Driver/Inc -I../Drivers/STM32L4xx_HAL_Driver/Inc/Legacy -I../Drivers/CMSIS/Device/ST/STM32L4xx/Include -I../Drivers/CMSIS/Include -O0 -ffunction-sections -fdata-sections -Wall -fstack-usage -MMD -MP -MF"Drivers/STM32L4xx_HAL_Driver/Src/stm32l4xx_hal_uart_ex.d" -MT"Drivers/STM32L4xx_HAL_Driver/Src/stm32l4xx_hal_uart_ex.o" --specs=nano.specs -mfpu=fpv4-sp-d16 -mfloat-abi=hard -mthumb -o "Drivers/STM32L4xx_HAL_Driver/Src/stm32l4xx_hal_uart_ex.o"
arm-none-eabi-gcc "../Core/Src/dma.c" -mcpu=cortex-m4 -std=gnu11 -g3 -DUSE_HAL_DRIVER -DDEBUG -DSTM32L432xx -c -I../Core/Inc -I../Drivers/STM32L4xx_HAL_Driver/Inc -I../Drivers/STM32L4xx_HAL_Driver/Inc/Legacy -I../Drivers/CMSIS/Device/ST/STM32L4xx/Include -I../Drivers/CMSIS/Include -O0 -ffunction-sections -fdata-sections -Wall -fstack-usage -MMD -MP -MF"Core/Src/dma.d" -MT"Core/Src/dma.o" --specs=nano.specs -mfpu=fpv4-sp-d16 -mfloat-abi=hard -mthumb -o "Core/Src/dma.o"
arm-none-eabi-gcc "../Core/Src/gpio.c" -mcpu=cortex-m4 -std=gnu11 -g3 -DUSE_HAL_DRIVER -DDEBUG -DSTM32L432xx -c -I../Core/Inc -I../Drivers/STM32L4xx_HAL_Driver/Inc -I../Drivers/STM32L4xx_HAL_Driver/Inc/Legacy -I../Drivers/CMSIS/Device/ST/STM32L4xx/Include -I../Drivers/CMSIS/Include -O0 -ffunction-sections -fdata-sections -Wall -fstack-usage -MMD -MP -MF"Core/Src/gpio.d" -MT"Core/Src/gpio.o" --specs=nano.specs -mfpu=fpv4-sp-d16 -mfloat-abi=hard -mthumb -o "Core/Src/gpio.o"
arm-none-eabi-gcc "../Core/Src/main.c" -mcpu=cortex-m4 -std=gnu11 -g3 -DUSE_HAL_DRIVER -DDEBUG -DSTM32L432xx -c -I../Core/Inc -I../Drivers/STM32L4xx_HAL_Driver/Inc -I../Drivers/STM32L4xx_HAL_Driver/Inc/Legacy -I../Drivers/CMSIS/Device/ST/STM32L4xx/Include -I../Drivers/CMSIS/Include -O0 -ffunction-sections -fdata-sections -Wall -fstack-usage -MMD -MP -MF"Core/Src/main.d" -MT"Core/Src/main.o" --specs=nano.specs -mfpu=fpv4-sp-d16 -mfloat-abi=hard -mthumb -o "Core/Src/main.o"
arm-none-eabi-gcc "../Core/Src/parser.c" -mcpu=cortex-m4 -std=gnu11 -g3 -DUSE_HAL_DRIVER -DDEBUG -DSTM32L432xx -c -I../Core/Inc -I../Drivers/STM32L4xx_HAL_Driver/Inc -I../Drivers/STM32L4xx_HAL_Driver/Inc/Legacy -I../Drivers/CMSIS/Device/ST/STM32L4xx/Include -I../Drivers/CMSIS/Include -O0 -ffunction-sections -fdata-sections -Wall -fstack-usage -MMD -MP -MF"Core/Src/parser.d" -MT"Core/Src/parser.o" --specs=nano.specs -mfpu=fpv4-sp-d16 -mfloat-abi=hard -mthumb -o "Core/Src/parser.o"
arm-none-eabi-gcc "../Core/Src/ring_buffer.c" -mcpu=cortex-m4 -std=gnu11 -g3 -DUSE_HAL_DRIVER -DDEBUG -DSTM32L432xx -c -I../Core/Inc -I../Drivers/STM32L4xx_HAL_Driver/Inc -I../Drivers/STM32L4xx_HAL_Driver/Inc/Legacy -I../Drivers/CMSIS/Device/ST/STM32L4xx/Include -I../Drivers/CMSIS/Include -O0 -ffunction-sections -fdata-sections -Wall -fstack-usage -MMD -MP -MF"Core/Src/ring_buffer.d" -MT"Core/Src/ring_buffer.o" --specs=nano.specs -mfpu=fpv4-sp-d16 -mfloat-abi=hard -mthumb -o "Core/Src/ring_buffer.o"
../Core/Src/parser.c: In function 'UART_ParseLED':
../Core/Src/parser.c:43:22: error: 'LD2_GPIO_Port' undeclared (first use in this function); did you mean 'LD3_GPIO_Port'?
    HAL_GPIO_WritePin(LD2_GPIO_Port, LD2_Pin, GPIO_PIN_SET);
                      ^~~~~~~~~~~~~
                      LD3_GPIO_Port
../Core/Src/parser.c:43:22: note: each undeclared identifier is reported only once for each function it appears in
../Core/Src/parser.c:43:37: error: 'LD2_Pin' undeclared (first use in this function); did you mean 'LD3_Pin'?
    HAL_GPIO_WritePin(LD2_GPIO_Port, LD2_Pin, GPIO_PIN_SET);
                                     ^~~~~~~
                                     LD3_Pin
make: *** [Core/Src/subdir.mk:57: Core/Src/parser.o] Error 1
make: *** Waiting for unfinished jobs....
"make -j4 all" terminated with exit code 2. Build might be incomplete.
17:13:59 **** Incremental Build of configuration Debug for project 14_msm_nuc_UART_DMA_RX_TX_Pars2 ****
make -j4 all 
arm-none-eabi-size   14_msm_nuc_UART_DMA_RX_TX_Pars2.elf 
   text	   data	    bss	    dec	    hex	filename
  32420	    516	   2236	  35172	   8964	14_msm_nuc_UART_DMA_RX_TX_Pars2.elf
Finished building: default.size.stdout
 
17:13:59 **** Incremental Build of configuration Debug for project STMars_modular_robot ****
make -j4 all 
arm-none-eabi-gcc "../Core/Src/main.c" -mcpu=cortex-m4 -std=gnu11 -g3 -DUSE_HAL_DRIVER -DDEBUG -DSTM32L432xx -c -I../Core/Inc -I../Drivers/STM32L4xx_HAL_Driver/Inc -I../Drivers/STM32L4xx_HAL_Driver/Inc/Legacy -I../Drivers/CMSIS/Device/ST/STM32L4xx/Include -I../Drivers/CMSIS/Include -O0 -ffunction-sections -fdata-sections -Wall -fstack-usage -MMD -MP -MF"Core/Src/main.d" -MT"Core/Src/main.o" --specs=nano.specs -mfpu=fpv4-sp-d16 -mfloat-abi=hard -mthumb -o "Core/Src/main.o"
arm-none-eabi-gcc "../Core/Src/parser.c" -mcpu=cortex-m4 -std=gnu11 -g3 -DUSE_HAL_DRIVER -DDEBUG -DSTM32L432xx -c -I../Core/Inc -I../Drivers/STM32L4xx_HAL_Driver/Inc -I../Drivers/STM32L4xx_HAL_Driver/Inc/Legacy -I../Drivers/CMSIS/Device/ST/STM32L4xx/Include -I../Drivers/CMSIS/Include -O0 -ffunction-sections -fdata-sections -Wall -fstack-usage -MMD -MP -MF"Core/Src/parser.d" -MT"Core/Src/parser.o" --specs=nano.specs -mfpu=fpv4-sp-d16 -mfloat-abi=hard -mthumb -o "Core/Src/parser.o"
arm-none-eabi-gcc "../Core/Src/ring_buffer.c" -mcpu=cortex-m4 -std=gnu11 -g3 -DUSE_HAL_DRIVER -DDEBUG -DSTM32L432xx -c -I../Core/Inc -I../Drivers/STM32L4xx_HAL_Driver/Inc -I../Drivers/STM32L4xx_HAL_Driver/Inc/Legacy -I../Drivers/CMSIS/Device/ST/STM32L4xx/Include -I../Drivers/CMSIS/Include -O0 -ffunction-sections -fdata-sections -Wall -fstack-usage -MMD -MP -MF"Core/Src/ring_buffer.d" -MT"Core/Src/ring_buffer.o" --specs=nano.specs -mfpu=fpv4-sp-d16 -mfloat-abi=hard -mthumb -o "Core/Src/ring_buffer.o"
arm-none-eabi-gcc "../Core/Src/stm32l4xx_hal_msp.c" -mcpu=cortex-m4 -std=gnu11 -g3 -DUSE_HAL_DRIVER -DDEBUG -DSTM32L432xx -c -I../Core/Inc -I../Drivers/STM32L4xx_HAL_Driver/Inc -I../Drivers/STM32L4xx_HAL_Driver/Inc/Legacy -I../Drivers/CMSIS/Device/ST/STM32L4xx/Include -I../Drivers/CMSIS/Include -O0 -ffunction-sections -fdata-sections -Wall -fstack-usage -MMD -MP -MF"Core/Src/stm32l4xx_hal_msp.d" -MT"Core/Src/stm32l4xx_hal_msp.o" --specs=nano.specs -mfpu=fpv4-sp-d16 -mfloat-abi=hard -mthumb -o "Core/Src/stm32l4xx_hal_msp.o"
arm-none-eabi-gcc "../Core/Src/stm32l4xx_it.c" -mcpu=cortex-m4 -std=gnu11 -g3 -DUSE_HAL_DRIVER -DDEBUG -DSTM32L432xx -c -I../Core/Inc -I../Drivers/STM32L4xx_HAL_Driver/Inc -I../Drivers/STM32L4xx_HAL_Driver/Inc/Legacy -I../Drivers/CMSIS/Device/ST/STM32L4xx/Include -I../Drivers/CMSIS/Include -O0 -ffunction-sections -fdata-sections -Wall -fstack-usage -MMD -MP -MF"Core/Src/stm32l4xx_it.d" -MT"Core/Src/stm32l4xx_it.o" --specs=nano.specs -mfpu=fpv4-sp-d16 -mfloat-abi=hard -mthumb -o "Core/Src/stm32l4xx_it.o"
arm-none-eabi-gcc "../Core/Src/system_stm32l4xx.c" -mcpu=cortex-m4 -std=gnu11 -g3 -DUSE_HAL_DRIVER -DDEBUG -DSTM32L432xx -c -I../Core/Inc -I../Drivers/STM32L4xx_HAL_Driver/Inc -I../Drivers/STM32L4xx_HAL_Driver/Inc/Legacy -I../Drivers/CMSIS/Device/ST/STM32L4xx/Include -I../Drivers/CMSIS/Include -O0 -ffunction-sections -fdata-sections -Wall -fstack-usage -MMD -MP -MF"Core/Src/system_stm32l4xx.d" -MT"Core/Src/system_stm32l4xx.o" --specs=nano.specs -mfpu=fpv4-sp-d16 -mfloat-abi=hard -mthumb -o "Core/Src/system_stm32l4xx.o"
arm-none-eabi-gcc "../Core/Src/uartdma.c" -mcpu=cortex-m4 -std=gnu11 -g3 -DUSE_HAL_DRIVER -DDEBUG -DSTM32L432xx -c -I../Core/Inc -I../Drivers/STM32L4xx_HAL_Driver/Inc -I../Drivers/STM32L4xx_HAL_Driver/Inc/Legacy -I../Drivers/CMSIS/Device/ST/STM32L4xx/Include -I../Drivers/CMSIS/Include -O0 -ffunction-sections -fdata-sections -Wall -fstack-usage -MMD -MP -MF"Core/Src/uartdma.d" -MT"Core/Src/uartdma.o" --specs=nano.specs -mfpu=fpv4-sp-d16 -mfloat-abi=hard -mthumb -o "Core/Src/uartdma.o"
arm-none-eabi-gcc "../Core/Src/usart.c" -mcpu=cortex-m4 -std=gnu11 -g3 -DUSE_HAL_DRIVER -DDEBUG -DSTM32L432xx -c -I../Core/Inc -I../Drivers/STM32L4xx_HAL_Driver/Inc -I../Drivers/STM32L4xx_HAL_Driver/Inc/Legacy -I../Drivers/CMSIS/Device/ST/STM32L4xx/Include -I../Drivers/CMSIS/Include -O0 -ffunction-sections -fdata-sections -Wall -fstack-usage -MMD -MP -MF"Core/Src/usart.d" -MT"Core/Src/usart.o" --specs=nano.specs -mfpu=fpv4-sp-d16 -mfloat-abi=hard -mthumb -o "Core/Src/usart.o"
../Core/Src/uartdma.c: In function 'UARTDMA_UartIrqHandler':
../Core/Src/uartdma.c:29:32: error: 'USART_TypeDef {aka struct <anonymous>}' has no member named 'SR'; did you mean 'ISR'?
  if(huartdma->huart->Instance->SR & UART_FLAG_IDLE)       // Check if Idle flag is set
                                ^~
                                ISR
../Core/Src/uartdma.c:32:36: error: 'USART_TypeDef {aka struct <anonymous>}' has no member named 'SR'; did you mean 'ISR'?
   tmp = huartdma->huart->Instance->SR;                      // Read status register
                                    ^~
                                    ISR
../Core/Src/uartdma.c:33:36: error: 'USART_TypeDef {aka struct <anonymous>}' has no member named 'DR'; did you mean 'RDR'?
   tmp = huartdma->huart->Instance->DR;                      // Read data register
                                    ^~
                                    RDR
../Core/Src/uartdma.c:35:38: error: 'DMA_Channel_TypeDef {aka struct <anonymous>}' has no member named 'CR'; did you mean 'CCR'?
   huartdma->huart->hdmarx->Instance->CR &= ~DMA_SxCR_EN; // Disable DMA - it will force Transfer Complete interrupt if it's enabled
                                      ^~
                                      CCR
../Core/Src/uartdma.c:35:45: error: 'DMA_SxCR_EN' undeclared (first use in this function); did you mean 'DMA_CCR_EN'?
   huartdma->huart->hdmarx->Instance->CR &= ~DMA_SxCR_EN; // Disable DMA - it will force Transfer Complete interrupt if it's enabled
                                             ^~~~~~~~~~~
                                             DMA_CCR_EN
../Core/Src/uartdma.c:35:45: note: each undeclared identifier is reported only once for each function it appears in
../Core/Src/uartdma.c: In function 'UARTDMA_DmaReceiveIrqHandler':
../Core/Src/uartdma.c:51:85: error: 'DMA_HandleTypeDef {aka struct __DMA_HandleTypeDef}' has no member named 'StreamBaseAddress'; did you mean 'DmaBaseAddress'?
  DMA_Base_Registers *DmaRegisters = (DMA_Base_Registers *) huartdma->huart->hdmarx->StreamBaseAddress; // Take registers base address
                                                                                     ^~~~~~~~~~~~~~~~~
                                                                                     DmaBaseAddress
../Core/Src/uartdma.c:55:24: error: 'DMA_FLAG_TCIF0_4' undeclared (first use in this function); did you mean 'DMA_FLAG_TC4'?
   DmaRegisters->IFCR = DMA_FLAG_TCIF0_4 << huartdma->huart->hdmarx->StreamIndex; // Clear Transfer Complete flag
                        ^~~~~~~~~~~~~~~~
                        DMA_FLAG_TC4
../Core/Src/uartdma.c:55:67: error: 'DMA_HandleTypeDef {aka struct __DMA_HandleTypeDef}' has no member named 'StreamIndex'
   DmaRegisters->IFCR = DMA_FLAG_TCIF0_4 << huartdma->huart->hdmarx->StreamIndex; // Clear Transfer Complete flag
                                                                   ^~
../Core/Src/uartdma.c:57:68: error: 'DMA_Channel_TypeDef {aka struct <anonymous>}' has no member named 'NDTR'; did you mean 'CNDTR'?
   Length = DMA_RX_BUFFER_SIZE - huartdma->huart->hdmarx->Instance->NDTR; // Get the Length of transfered data
                                                                    ^~~~
                                                                    CNDTR
../Core/Src/uartdma.c:71:56: error: 'DMA_HandleTypeDef {aka struct __DMA_HandleTypeDef}' has no member named 'StreamIndex'
   DmaRegisters->IFCR = 0x3FU << huartdma->huart->hdmarx->StreamIndex;   // Clear all interrupts
                                                        ^~
../Core/Src/uartdma.c:72:38: error: 'DMA_Channel_TypeDef {aka struct <anonymous>}' has no member named 'M0AR'; did you mean 'CPAR'?
   huartdma->huart->hdmarx->Instance->M0AR = (uint32_t) huartdma->DMA_RX_Buffer; // Set memory address for DMA again
                                      ^~~~
                                      CPAR
../Core/Src/uartdma.c:73:38: error: 'DMA_Channel_TypeDef {aka struct <anonymous>}' has no member named 'NDTR'; did you mean 'CNDTR'?
   huartdma->huart->hdmarx->Instance->NDTR = DMA_RX_BUFFER_SIZE; // Set number of bytes to receive
                                      ^~~~
                                      CNDTR
../Core/Src/uartdma.c:74:38: error: 'DMA_Channel_TypeDef {aka struct <anonymous>}' has no member named 'CR'; did you mean 'CCR'?
   huartdma->huart->hdmarx->Instance->CR |= DMA_SxCR_EN;             // Start DMA transfer
                                      ^~
                                      CCR
../Core/Src/uartdma.c:74:44: error: 'DMA_SxCR_EN' undeclared (first use in this function); did you mean 'DMA_CCR_EN'?
   huartdma->huart->hdmarx->Instance->CR |= DMA_SxCR_EN;             // Start DMA transfer
                                            ^~~~~~~~~~~
                                            DMA_CCR_EN
make: *** [Core/Src/subdir.mk:71: Core/Src/uartdma.o] Error 1
make: *** Waiting for unfinished jobs....
"make -j4 all" terminated with exit code 2. Build might be incomplete.
17:21:06 **** Incremental Build of configuration Debug for project 14_msm_nuc_UART_DMA_RX_TX_Pars2 ****
make -j4 all 
arm-none-eabi-size   14_msm_nuc_UART_DMA_RX_TX_Pars2.elf 
   text	   data	    bss	    dec	    hex	filename
  32420	    516	   2236	  35172	   8964	14_msm_nuc_UART_DMA_RX_TX_Pars2.elf
Finished building: default.size.stdout
 
17:21:07 **** Incremental Build of configuration Debug for project STMars_modular_robot ****
make -j4 all 
arm-none-eabi-gcc "../Core/Src/stm32l4xx_it.c" -mcpu=cortex-m4 -std=gnu11 -g3 -DUSE_HAL_DRIVER -DDEBUG -DSTM32L432xx -c -I../Core/Inc -I../Drivers/STM32L4xx_HAL_Driver/Inc -I../Drivers/STM32L4xx_HAL_Driver/Inc/Legacy -I../Drivers/CMSIS/Device/ST/STM32L4xx/Include -I../Drivers/CMSIS/Include -O0 -ffunction-sections -fdata-sections -Wall -fstack-usage -MMD -MP -MF"Core/Src/stm32l4xx_it.d" -MT"Core/Src/stm32l4xx_it.o" --specs=nano.specs -mfpu=fpv4-sp-d16 -mfloat-abi=hard -mthumb -o "Core/Src/stm32l4xx_it.o"
arm-none-eabi-gcc "../Core/Src/uartdma.c" -mcpu=cortex-m4 -std=gnu11 -g3 -DUSE_HAL_DRIVER -DDEBUG -DSTM32L432xx -c -I../Core/Inc -I../Drivers/STM32L4xx_HAL_Driver/Inc -I../Drivers/STM32L4xx_HAL_Driver/Inc/Legacy -I../Drivers/CMSIS/Device/ST/STM32L4xx/Include -I../Drivers/CMSIS/Include -O0 -ffunction-sections -fdata-sections -Wall -fstack-usage -MMD -MP -MF"Core/Src/uartdma.d" -MT"Core/Src/uartdma.o" --specs=nano.specs -mfpu=fpv4-sp-d16 -mfloat-abi=hard -mthumb -o "Core/Src/uartdma.o"
../Core/Src/uartdma.c: In function 'UARTDMA_UartIrqHandler':
../Core/Src/uartdma.c:29:32: error: 'USART_TypeDef {aka struct <anonymous>}' has no member named 'SR'; did you mean 'ISR'?
  if(huartdma->huart->Instance->SR & UART_FLAG_IDLE)       // Check if Idle flag is set
                                ^~
                                ISR
../Core/Src/uartdma.c:32:36: error: 'USART_TypeDef {aka struct <anonymous>}' has no member named 'SR'; did you mean 'ISR'?
   tmp = huartdma->huart->Instance->SR;                      // Read status register
                                    ^~
                                    ISR
../Core/Src/uartdma.c:33:36: error: 'USART_TypeDef {aka struct <anonymous>}' has no member named 'DR'; did you mean 'RDR'?
   tmp = huartdma->huart->Instance->DR;                      // Read data register
                                    ^~
                                    RDR
../Core/Src/uartdma.c:35:38: error: 'DMA_Channel_TypeDef {aka struct <anonymous>}' has no member named 'CR'; did you mean 'CCR'?
   huartdma->huart->hdmarx->Instance->CR &= ~DMA_SxCR_EN; // Disable DMA - it will force Transfer Complete interrupt if it's enabled
                                      ^~
                                      CCR
../Core/Src/uartdma.c:35:45: error: 'DMA_SxCR_EN' undeclared (first use in this function); did you mean 'DMA_CCR_EN'?
   huartdma->huart->hdmarx->Instance->CR &= ~DMA_SxCR_EN; // Disable DMA - it will force Transfer Complete interrupt if it's enabled
                                             ^~~~~~~~~~~
                                             DMA_CCR_EN
../Core/Src/uartdma.c:35:45: note: each undeclared identifier is reported only once for each function it appears in
../Core/Src/uartdma.c: In function 'UARTDMA_DmaReceiveIrqHandler':
../Core/Src/uartdma.c:51:85: error: 'DMA_HandleTypeDef {aka struct __DMA_HandleTypeDef}' has no member named 'StreamBaseAddress'; did you mean 'DmaBaseAddress'?
  DMA_Base_Registers *DmaRegisters = (DMA_Base_Registers *) huartdma->huart->hdmarx->StreamBaseAddress; // Take registers base address
                                                                                     ^~~~~~~~~~~~~~~~~
                                                                                     DmaBaseAddress
../Core/Src/uartdma.c:55:24: error: 'DMA_FLAG_TCIF0_4' undeclared (first use in this function); did you mean 'DMA_FLAG_TC4'?
   DmaRegisters->IFCR = DMA_FLAG_TCIF0_4 << huartdma->huart->hdmarx->StreamIndex; // Clear Transfer Complete flag
                        ^~~~~~~~~~~~~~~~
                        DMA_FLAG_TC4
../Core/Src/uartdma.c:55:67: error: 'DMA_HandleTypeDef {aka struct __DMA_HandleTypeDef}' has no member named 'StreamIndex'
   DmaRegisters->IFCR = DMA_FLAG_TCIF0_4 << huartdma->huart->hdmarx->StreamIndex; // Clear Transfer Complete flag
                                                                   ^~
../Core/Src/uartdma.c:57:68: error: 'DMA_Channel_TypeDef {aka struct <anonymous>}' has no member named 'NDTR'; did you mean 'CNDTR'?
   Length = DMA_RX_BUFFER_SIZE - huartdma->huart->hdmarx->Instance->NDTR; // Get the Length of transfered data
                                                                    ^~~~
                                                                    CNDTR
../Core/Src/uartdma.c:71:56: error: 'DMA_HandleTypeDef {aka struct __DMA_HandleTypeDef}' has no member named 'StreamIndex'
   DmaRegisters->IFCR = 0x3FU << huartdma->huart->hdmarx->StreamIndex;   // Clear all interrupts
                                                        ^~
../Core/Src/uartdma.c:72:38: error: 'DMA_Channel_TypeDef {aka struct <anonymous>}' has no member named 'M0AR'; did you mean 'CPAR'?
   huartdma->huart->hdmarx->Instance->M0AR = (uint32_t) huartdma->DMA_RX_Buffer; // Set memory address for DMA again
                                      ^~~~
                                      CPAR
../Core/Src/uartdma.c:73:38: error: 'DMA_Channel_TypeDef {aka struct <anonymous>}' has no member named 'NDTR'; did you mean 'CNDTR'?
   huartdma->huart->hdmarx->Instance->NDTR = DMA_RX_BUFFER_SIZE; // Set number of bytes to receive
                                      ^~~~
                                      CNDTR
../Core/Src/uartdma.c:74:38: error: 'DMA_Channel_TypeDef {aka struct <anonymous>}' has no member named 'CR'; did you mean 'CCR'?
   huartdma->huart->hdmarx->Instance->CR |= DMA_SxCR_EN;             // Start DMA transfer
                                      ^~
                                      CCR
../Core/Src/uartdma.c:74:44: error: 'DMA_SxCR_EN' undeclared (first use in this function); did you mean 'DMA_CCR_EN'?
   huartdma->huart->hdmarx->Instance->CR |= DMA_SxCR_EN;             // Start DMA transfer
                                            ^~~~~~~~~~~
                                            DMA_CCR_EN
make: *** [Core/Src/subdir.mk:71: Core/Src/uartdma.o] Error 1
make: *** Waiting for unfinished jobs....
"make -j4 all" terminated with exit code 2. Build might be incomplete.
17:32:49 **** Incremental Build of configuration Debug for project 14_msm_nuc_UART_DMA_RX_TX_Pars2 ****
make -j4 all 
arm-none-eabi-size   14_msm_nuc_UART_DMA_RX_TX_Pars2.elf 
   text	   data	    bss	    dec	    hex	filename
  32420	    516	   2236	  35172	   8964	14_msm_nuc_UART_DMA_RX_TX_Pars2.elf
Finished building: default.size.stdout
 
17:32:49 **** Incremental Build of configuration Debug for project STMars_modular_robot ****
make -j4 all 
arm-none-eabi-gcc "../Core/Src/uartdma.c" -mcpu=cortex-m4 -std=gnu11 -g3 -DUSE_HAL_DRIVER -DDEBUG -DSTM32L432xx -c -I../Core/Inc -I../Drivers/STM32L4xx_HAL_Driver/Inc -I../Drivers/STM32L4xx_HAL_Driver/Inc/Legacy -I../Drivers/CMSIS/Device/ST/STM32L4xx/Include -I../Drivers/CMSIS/Include -O0 -ffunction-sections -fdata-sections -Wall -fstack-usage -MMD -MP -MF"Core/Src/uartdma.d" -MT"Core/Src/uartdma.o" --specs=nano.specs -mfpu=fpv4-sp-d16 -mfloat-abi=hard -mthumb -o "Core/Src/uartdma.o"
../Core/Src/uartdma.c: In function 'UARTDMA_UartIrqHandler':
../Core/Src/uartdma.c:32:36: error: 'USART_TypeDef {aka struct <anonymous>}' has no member named 'SR'; did you mean 'ISR'?
   tmp = huartdma->huart->Instance->SR;                      // Read status register
                                    ^~
                                    ISR
../Core/Src/uartdma.c:33:36: error: 'USART_TypeDef {aka struct <anonymous>}' has no member named 'DR'; did you mean 'RDR'?
   tmp = huartdma->huart->Instance->DR;                      // Read data register
                                    ^~
                                    RDR
../Core/Src/uartdma.c:35:38: error: 'DMA_Channel_TypeDef {aka struct <anonymous>}' has no member named 'CR'; did you mean 'CCR'?
   huartdma->huart->hdmarx->Instance->CR &= ~DMA_SxCR_EN; // Disable DMA - it will force Transfer Complete interrupt if it's enabled
                                      ^~
                                      CCR
../Core/Src/uartdma.c:35:45: error: 'DMA_SxCR_EN' undeclared (first use in this function); did you mean 'DMA_CCR_EN'?
   huartdma->huart->hdmarx->Instance->CR &= ~DMA_SxCR_EN; // Disable DMA - it will force Transfer Complete interrupt if it's enabled
                                             ^~~~~~~~~~~
                                             DMA_CCR_EN
../Core/Src/uartdma.c:35:45: note: each undeclared identifier is reported only once for each function it appears in
../Core/Src/uartdma.c: In function 'UARTDMA_DmaReceiveIrqHandler':
../Core/Src/uartdma.c:51:85: error: 'DMA_HandleTypeDef {aka struct __DMA_HandleTypeDef}' has no member named 'StreamBaseAddress'; did you mean 'DmaBaseAddress'?
  DMA_Base_Registers *DmaRegisters = (DMA_Base_Registers *) huartdma->huart->hdmarx->StreamBaseAddress; // Take registers base address
                                                                                     ^~~~~~~~~~~~~~~~~
                                                                                     DmaBaseAddress
../Core/Src/uartdma.c:55:24: error: 'DMA_FLAG_TCIF0_4' undeclared (first use in this function); did you mean 'DMA_FLAG_TC4'?
   DmaRegisters->IFCR = DMA_FLAG_TCIF0_4 << huartdma->huart->hdmarx->StreamIndex; // Clear Transfer Complete flag
                        ^~~~~~~~~~~~~~~~
                        DMA_FLAG_TC4
../Core/Src/uartdma.c:55:67: error: 'DMA_HandleTypeDef {aka struct __DMA_HandleTypeDef}' has no member named 'StreamIndex'
   DmaRegisters->IFCR = DMA_FLAG_TCIF0_4 << huartdma->huart->hdmarx->StreamIndex; // Clear Transfer Complete flag
                                                                   ^~
../Core/Src/uartdma.c:57:68: error: 'DMA_Channel_TypeDef {aka struct <anonymous>}' has no member named 'NDTR'; did you mean 'CNDTR'?
   Length = DMA_RX_BUFFER_SIZE - huartdma->huart->hdmarx->Instance->NDTR; // Get the Length of transfered data
                                                                    ^~~~
                                                                    CNDTR
../Core/Src/uartdma.c:71:56: error: 'DMA_HandleTypeDef {aka struct __DMA_HandleTypeDef}' has no member named 'StreamIndex'
   DmaRegisters->IFCR = 0x3FU << huartdma->huart->hdmarx->StreamIndex;   // Clear all interrupts
                                                        ^~
../Core/Src/uartdma.c:72:38: error: 'DMA_Channel_TypeDef {aka struct <anonymous>}' has no member named 'M0AR'; did you mean 'CPAR'?
   huartdma->huart->hdmarx->Instance->M0AR = (uint32_t) huartdma->DMA_RX_Buffer; // Set memory address for DMA again
                                      ^~~~
                                      CPAR
../Core/Src/uartdma.c:73:38: error: 'DMA_Channel_TypeDef {aka struct <anonymous>}' has no member named 'NDTR'; did you mean 'CNDTR'?
   huartdma->huart->hdmarx->Instance->NDTR = DMA_RX_BUFFER_SIZE; // Set number of bytes to receive
                                      ^~~~
                                      CNDTR
../Core/Src/uartdma.c:74:38: error: 'DMA_Channel_TypeDef {aka struct <anonymous>}' has no member named 'CR'; did you mean 'CCR'?
   huartdma->huart->hdmarx->Instance->CR |= DMA_SxCR_EN;             // Start DMA transfer
                                      ^~
                                      CCR
../Core/Src/uartdma.c:74:44: error: 'DMA_SxCR_EN' undeclared (first use in this function); did you mean 'DMA_CCR_EN'?
   huartdma->huart->hdmarx->Instance->CR |= DMA_SxCR_EN;             // Start DMA transfer
                                            ^~~~~~~~~~~
                                            DMA_CCR_EN
make: *** [Core/Src/subdir.mk:71: Core/Src/uartdma.o] Error 1
"make -j4 all" terminated with exit code 2. Build might be incomplete.
17:36:49 **** Incremental Build of configuration Debug for project 14_msm_nuc_UART_DMA_RX_TX_Pars2 ****
make -j4 all 
arm-none-eabi-size   14_msm_nuc_UART_DMA_RX_TX_Pars2.elf 
   text	   data	    bss	    dec	    hex	filename
  32420	    516	   2236	  35172	   8964	14_msm_nuc_UART_DMA_RX_TX_Pars2.elf
Finished building: default.size.stdout
 
17:36:49 **** Incremental Build of configuration Debug for project STMars_modular_robot ****
make -j4 all 
arm-none-eabi-gcc "../Core/Src/uartdma.c" -mcpu=cortex-m4 -std=gnu11 -g3 -DUSE_HAL_DRIVER -DDEBUG -DSTM32L432xx -c -I../Core/Inc -I../Drivers/STM32L4xx_HAL_Driver/Inc -I../Drivers/STM32L4xx_HAL_Driver/Inc/Legacy -I../Drivers/CMSIS/Device/ST/STM32L4xx/Include -I../Drivers/CMSIS/Include -O0 -ffunction-sections -fdata-sections -Wall -fstack-usage -MMD -MP -MF"Core/Src/uartdma.d" -MT"Core/Src/uartdma.o" --specs=nano.specs -mfpu=fpv4-sp-d16 -mfloat-abi=hard -mthumb -o "Core/Src/uartdma.o"
../Core/Src/uartdma.c: In function 'UARTDMA_UartIrqHandler':
../Core/Src/uartdma.c:35:38: error: 'DMA_Channel_TypeDef {aka struct <anonymous>}' has no member named 'CR'; did you mean 'CCR'?
   huartdma->huart->hdmarx->Instance->CR &= ~DMA_SxCR_EN; // Disable DMA - it will force Transfer Complete interrupt if it's enabled
                                      ^~
                                      CCR
../Core/Src/uartdma.c:35:45: error: 'DMA_SxCR_EN' undeclared (first use in this function); did you mean 'DMA_CCR_EN'?
   huartdma->huart->hdmarx->Instance->CR &= ~DMA_SxCR_EN; // Disable DMA - it will force Transfer Complete interrupt if it's enabled
                                             ^~~~~~~~~~~
                                             DMA_CCR_EN
../Core/Src/uartdma.c:35:45: note: each undeclared identifier is reported only once for each function it appears in
../Core/Src/uartdma.c: In function 'UARTDMA_DmaReceiveIrqHandler':
../Core/Src/uartdma.c:51:85: error: 'DMA_HandleTypeDef {aka struct __DMA_HandleTypeDef}' has no member named 'StreamBaseAddress'; did you mean 'DmaBaseAddress'?
  DMA_Base_Registers *DmaRegisters = (DMA_Base_Registers *) huartdma->huart->hdmarx->StreamBaseAddress; // Take registers base address
                                                                                     ^~~~~~~~~~~~~~~~~
                                                                                     DmaBaseAddress
../Core/Src/uartdma.c:55:24: error: 'DMA_FLAG_TCIF0_4' undeclared (first use in this function); did you mean 'DMA_FLAG_TC4'?
   DmaRegisters->IFCR = DMA_FLAG_TCIF0_4 << huartdma->huart->hdmarx->StreamIndex; // Clear Transfer Complete flag
                        ^~~~~~~~~~~~~~~~
                        DMA_FLAG_TC4
../Core/Src/uartdma.c:55:67: error: 'DMA_HandleTypeDef {aka struct __DMA_HandleTypeDef}' has no member named 'StreamIndex'
   DmaRegisters->IFCR = DMA_FLAG_TCIF0_4 << huartdma->huart->hdmarx->StreamIndex; // Clear Transfer Complete flag
                                                                   ^~
../Core/Src/uartdma.c:57:68: error: 'DMA_Channel_TypeDef {aka struct <anonymous>}' has no member named 'NDTR'; did you mean 'CNDTR'?
   Length = DMA_RX_BUFFER_SIZE - huartdma->huart->hdmarx->Instance->NDTR; // Get the Length of transfered data
                                                                    ^~~~
                                                                    CNDTR
../Core/Src/uartdma.c:71:56: error: 'DMA_HandleTypeDef {aka struct __DMA_HandleTypeDef}' has no member named 'StreamIndex'
   DmaRegisters->IFCR = 0x3FU << huartdma->huart->hdmarx->StreamIndex;   // Clear all interrupts
                                                        ^~
../Core/Src/uartdma.c:72:38: error: 'DMA_Channel_TypeDef {aka struct <anonymous>}' has no member named 'M0AR'; did you mean 'CPAR'?
   huartdma->huart->hdmarx->Instance->M0AR = (uint32_t) huartdma->DMA_RX_Buffer; // Set memory address for DMA again
                                      ^~~~
                                      CPAR
../Core/Src/uartdma.c:73:38: error: 'DMA_Channel_TypeDef {aka struct <anonymous>}' has no member named 'NDTR'; did you mean 'CNDTR'?
   huartdma->huart->hdmarx->Instance->NDTR = DMA_RX_BUFFER_SIZE; // Set number of bytes to receive
                                      ^~~~
                                      CNDTR
../Core/Src/uartdma.c:74:38: error: 'DMA_Channel_TypeDef {aka struct <anonymous>}' has no member named 'CR'; did you mean 'CCR'?
   huartdma->huart->hdmarx->Instance->CR |= DMA_SxCR_EN;             // Start DMA transfer
                                      ^~
                                      CCR
../Core/Src/uartdma.c:74:44: error: 'DMA_SxCR_EN' undeclared (first use in this function); did you mean 'DMA_CCR_EN'?
   huartdma->huart->hdmarx->Instance->CR |= DMA_SxCR_EN;             // Start DMA transfer
                                            ^~~~~~~~~~~
                                            DMA_CCR_EN
make: *** [Core/Src/subdir.mk:71: Core/Src/uartdma.o] Error 1
"make -j4 all" terminated with exit code 2. Build might be incomplete.
17:41:42 **** Incremental Build of configuration Debug for project 14_msm_nuc_UART_DMA_RX_TX_Pars2 ****
make -j4 all 
arm-none-eabi-size   14_msm_nuc_UART_DMA_RX_TX_Pars2.elf 
   text	   data	    bss	    dec	    hex	filename
  32420	    516	   2236	  35172	   8964	14_msm_nuc_UART_DMA_RX_TX_Pars2.elf
Finished building: default.size.stdout
 
17:41:43 **** Incremental Build of configuration Debug for project STMars_modular_robot ****
make -j4 all 
arm-none-eabi-gcc "../Core/Src/uartdma.c" -mcpu=cortex-m4 -std=gnu11 -g3 -DUSE_HAL_DRIVER -DDEBUG -DSTM32L432xx -c -I../Core/Inc -I../Drivers/STM32L4xx_HAL_Driver/Inc -I../Drivers/STM32L4xx_HAL_Driver/Inc/Legacy -I../Drivers/CMSIS/Device/ST/STM32L4xx/Include -I../Drivers/CMSIS/Include -O0 -ffunction-sections -fdata-sections -Wall -fstack-usage -MMD -MP -MF"Core/Src/uartdma.d" -MT"Core/Src/uartdma.o" --specs=nano.specs -mfpu=fpv4-sp-d16 -mfloat-abi=hard -mthumb -o "Core/Src/uartdma.o"
../Core/Src/uartdma.c: In function 'UARTDMA_UartIrqHandler':
../Core/Src/uartdma.c:35:38: error: 'DMA_Channel_TypeDef {aka struct <anonymous>}' has no member named 'CR'; did you mean 'CCR'?
   huartdma->huart->hdmarx->Instance->CR &= ~DMA_CCR_EN; // Disable DMA - it will force Transfer Complete interrupt if it's enabled
                                      ^~
                                      CCR
../Core/Src/uartdma.c: In function 'UARTDMA_DmaReceiveIrqHandler':
../Core/Src/uartdma.c:51:85: error: 'DMA_HandleTypeDef {aka struct __DMA_HandleTypeDef}' has no member named 'StreamBaseAddress'; did you mean 'DmaBaseAddress'?
  DMA_Base_Registers *DmaRegisters = (DMA_Base_Registers *) huartdma->huart->hdmarx->StreamBaseAddress; // Take registers base address
                                                                                     ^~~~~~~~~~~~~~~~~
                                                                                     DmaBaseAddress
../Core/Src/uartdma.c:55:24: error: 'DMA_FLAG_TCIF0_4' undeclared (first use in this function); did you mean 'DMA_FLAG_TC4'?
   DmaRegisters->IFCR = DMA_FLAG_TCIF0_4 << huartdma->huart->hdmarx->StreamIndex; // Clear Transfer Complete flag
                        ^~~~~~~~~~~~~~~~
                        DMA_FLAG_TC4
../Core/Src/uartdma.c:55:24: note: each undeclared identifier is reported only once for each function it appears in
../Core/Src/uartdma.c:55:67: error: 'DMA_HandleTypeDef {aka struct __DMA_HandleTypeDef}' has no member named 'StreamIndex'
   DmaRegisters->IFCR = DMA_FLAG_TCIF0_4 << huartdma->huart->hdmarx->StreamIndex; // Clear Transfer Complete flag
                                                                   ^~
[...]
  12356	    120	   1728	  14204	   377c	10_msn_nuc_UART_Interrupt.elf
Finished building: default.size.stdout
 
19:49:44 **** Incremental Build of configuration Debug for project STMars_modular_robot_v1.0 ****
make -j4 all 
arm-none-eabi-gcc "../Core/Src/main.c" -mcpu=cortex-m4 -std=gnu11 -g3 -DUSE_HAL_DRIVER -DDEBUG -DSTM32L432xx -c -I../Core/Inc -I../Drivers/STM32L4xx_HAL_Driver/Inc -I../Drivers/STM32L4xx_HAL_Driver/Inc/Legacy -I../Drivers/CMSIS/Device/ST/STM32L4xx/Include -I../Drivers/CMSIS/Include -O0 -ffunction-sections -fdata-sections -Wall -fstack-usage -MMD -MP -MF"Core/Src/main.d" -MT"Core/Src/main.o" --specs=nano.specs -mfpu=fpv4-sp-d16 -mfloat-abi=hard -mthumb -o "Core/Src/main.o"
arm-none-eabi-gcc -o "STMars_modular_robot_v1.0.elf" @"objects.list"   -mcpu=cortex-m4 -T"D:\STM32\STM32MARS\STMars_modular_robot_v1.0\STM32L432KCUX_FLASH.ld" --specs=nosys.specs -Wl,-Map="STMars_modular_robot_v1.0.map" -Wl,--gc-sections -static --specs=nano.specs -mfpu=fpv4-sp-d16 -mfloat-abi=hard -mthumb -u _printf_float -u _scanf_float -Wl,--start-group -lc -lm -Wl,--end-group
Finished building target: STMars_modular_robot_v1.0.elf
 
arm-none-eabi-objdump -h -S  STMars_modular_robot_v1.0.elf  > "STMars_modular_robot_v1.0.list"
arm-none-eabi-objcopy  -O binary  STMars_modular_robot_v1.0.elf  "STMars_modular_robot_v1.0.bin"
arm-none-eabi-size   STMars_modular_robot_v1.0.elf 
   text	   data	    bss	    dec	    hex	filename
  31984	    484	   1900	  34368	   8640	STMars_modular_robot_v1.0.elf
Finished building: default.size.stdout
 
Finished building: STMars_modular_robot_v1.0.bin
 
Finished building: STMars_modular_robot_v1.0.list
 
19:51:07 **** Incremental Build of configuration Debug for project 10_msn_nuc_UART_Interrupt ****
make -j4 all 
arm-none-eabi-size   10_msn_nuc_UART_Interrupt.elf 
   text	   data	    bss	    dec	    hex	filename
  12356	    120	   1728	  14204	   377c	10_msn_nuc_UART_Interrupt.elf
Finished building: default.size.stdout
 
19:51:08 **** Incremental Build of configuration Debug for project STMars_modular_robot_v1.0 ****
make -j4 all 
arm-none-eabi-gcc "../Core/Src/uart_decryption.c" -mcpu=cortex-m4 -std=gnu11 -g3 -DUSE_HAL_DRIVER -DDEBUG -DSTM32L432xx -c -I../Core/Inc -I../Drivers/STM32L4xx_HAL_Driver/Inc -I../Drivers/STM32L4xx_HAL_Driver/Inc/Legacy -I../Drivers/CMSIS/Device/ST/STM32L4xx/Include -I../Drivers/CMSIS/Include -O0 -ffunction-sections -fdata-sections -Wall -fstack-usage -MMD -MP -MF"Core/Src/uart_decryption.d" -MT"Core/Src/uart_decryption.o" --specs=nano.specs -mfpu=fpv4-sp-d16 -mfloat-abi=hard -mthumb -o "Core/Src/uart_decryption.o"
../Core/Src/uart_decryption.c: In function 'UART_ParseLine':
../Core/Src/uart_decryption.c:8:29: error: invalid initializer
  uint8_t ReceiveOrder[12] = ReceiveMessage->Buffer;
                             ^~~~~~~~~~~~~~
../Core/Src/uart_decryption.c:8:10: warning: unused variable 'ReceiveOrder' [-Wunused-variable]
  uint8_t ReceiveOrder[12] = ReceiveMessage->Buffer;
          ^~~~~~~~~~~~
make: *** [Core/Src/subdir.mk:61: Core/Src/uart_decryption.o] Error 1
"make -j4 all" terminated with exit code 2. Build might be incomplete.
19:51:34 **** Incremental Build of configuration Debug for project 10_msn_nuc_UART_Interrupt ****
make -j4 all 
arm-none-eabi-size   10_msn_nuc_UART_Interrupt.elf 
   text	   data	    bss	    dec	    hex	filename
  12356	    120	   1728	  14204	   377c	10_msn_nuc_UART_Interrupt.elf
Finished building: default.size.stdout
 
19:51:35 **** Incremental Build of configuration Debug for project STMars_modular_robot_v1.0 ****
make -j4 all 
arm-none-eabi-gcc "../Core/Src/uart_decryption.c" -mcpu=cortex-m4 -std=gnu11 -g3 -DUSE_HAL_DRIVER -DDEBUG -DSTM32L432xx -c -I../Core/Inc -I../Drivers/STM32L4xx_HAL_Driver/Inc -I../Drivers/STM32L4xx_HAL_Driver/Inc/Legacy -I../Drivers/CMSIS/Device/ST/STM32L4xx/Include -I../Drivers/CMSIS/Include -O0 -ffunction-sections -fdata-sections -Wall -fstack-usage -MMD -MP -MF"Core/Src/uart_decryption.d" -MT"Core/Src/uart_decryption.o" --specs=nano.specs -mfpu=fpv4-sp-d16 -mfloat-abi=hard -mthumb -o "Core/Src/uart_decryption.o"
../Core/Src/uart_decryption.c: In function 'UART_ParseLine':
../Core/Src/uart_decryption.c:8:29: error: invalid initializer
  uint8_t ReceiveOrder[12] = *ReceiveMessage->Buffer;
                             ^
../Core/Src/uart_decryption.c:8:10: warning: unused variable 'ReceiveOrder' [-Wunused-variable]
  uint8_t ReceiveOrder[12] = *ReceiveMessage->Buffer;
          ^~~~~~~~~~~~
make: *** [Core/Src/subdir.mk:61: Core/Src/uart_decryption.o] Error 1
"make -j4 all" terminated with exit code 2. Build might be incomplete.
19:53:11 **** Incremental Build of configuration Debug for project 10_msn_nuc_UART_Interrupt ****
make -j4 all 
arm-none-eabi-size   10_msn_nuc_UART_Interrupt.elf 
   text	   data	    bss	    dec	    hex	filename
  12356	    120	   1728	  14204	   377c	10_msn_nuc_UART_Interrupt.elf
Finished building: default.size.stdout
 
19:53:11 **** Incremental Build of configuration Debug for project STMars_modular_robot_v1.0 ****
make -j4 all 
arm-none-eabi-gcc "../Core/Src/uart_decryption.c" -mcpu=cortex-m4 -std=gnu11 -g3 -DUSE_HAL_DRIVER -DDEBUG -DSTM32L432xx -c -I../Core/Inc -I../Drivers/STM32L4xx_HAL_Driver/Inc -I../Drivers/STM32L4xx_HAL_Driver/Inc/Legacy -I../Drivers/CMSIS/Device/ST/STM32L4xx/Include -I../Drivers/CMSIS/Include -O0 -ffunction-sections -fdata-sections -Wall -fstack-usage -MMD -MP -MF"Core/Src/uart_decryption.d" -MT"Core/Src/uart_decryption.o" --specs=nano.specs -mfpu=fpv4-sp-d16 -mfloat-abi=hard -mthumb -o "Core/Src/uart_decryption.o"
../Core/Src/uart_decryption.c: In function 'UART_ParseLine':
../Core/Src/uart_decryption.c:8:13: warning: unused variable 'ReceiveOrder' [-Wunused-variable]
  RingBuffer ReceiveOrder = *ReceiveMessage;
             ^~~~~~~~~~~~
arm-none-eabi-gcc -o "STMars_modular_robot_v1.0.elf" @"objects.list"   -mcpu=cortex-m4 -T"D:\STM32\STM32MARS\STMars_modular_robot_v1.0\STM32L432KCUX_FLASH.ld" --specs=nosys.specs -Wl,-Map="STMars_modular_robot_v1.0.map" -Wl,--gc-sections -static --specs=nano.specs -mfpu=fpv4-sp-d16 -mfloat-abi=hard -mthumb -u _printf_float -u _scanf_float -Wl,--start-group -lc -lm -Wl,--end-group
Finished building target: STMars_modular_robot_v1.0.elf
 
arm-none-eabi-objdump -h -S  STMars_modular_robot_v1.0.elf  > "STMars_modular_robot_v1.0.list"
arm-none-eabi-objcopy  -O binary  STMars_modular_robot_v1.0.elf  "STMars_modular_robot_v1.0.bin"
arm-none-eabi-size   STMars_modular_robot_v1.0.elf 
   text	   data	    bss	    dec	    hex	filename
  32008	    484	   1900	  34392	   8658	STMars_modular_robot_v1.0.elf
Finished building: default.size.stdout
 
Finished building: STMars_modular_robot_v1.0.bin
 
Finished building: STMars_modular_robot_v1.0.list
 
19:54:05 **** Incremental Build of configuration Debug for project 10_msn_nuc_UART_Interrupt ****
make -j4 all 
arm-none-eabi-size   10_msn_nuc_UART_Interrupt.elf 
   text	   data	    bss	    dec	    hex	filename
  12356	    120	   1728	  14204	   377c	10_msn_nuc_UART_Interrupt.elf
Finished building: default.size.stdout
 
19:54:05 **** Incremental Build of configuration Debug for project STMars_modular_robot_v1.0 ****
make -j4 all 
arm-none-eabi-gcc "../Core/Src/uart_decryption.c" -mcpu=cortex-m4 -std=gnu11 -g3 -DUSE_HAL_DRIVER -DDEBUG -DSTM32L432xx -c -I../Core/Inc -I../Drivers/STM32L4xx_HAL_Driver/Inc -I../Drivers/STM32L4xx_HAL_Driver/Inc/Legacy -I../Drivers/CMSIS/Device/ST/STM32L4xx/Include -I../Drivers/CMSIS/Include -O0 -ffunction-sections -fdata-sections -Wall -fstack-usage -MMD -MP -MF"Core/Src/uart_decryption.d" -MT"Core/Src/uart_decryption.o" --specs=nano.specs -mfpu=fpv4-sp-d16 -mfloat-abi=hard -mthumb -o "Core/Src/uart_decryption.o"
../Core/Src/uart_decryption.c: In function 'UART_ParseLine':
../Core/Src/uart_decryption.c:8:13: error: 'ReceiveMessage' redeclared as different kind of symbol
  RingBuffer ReceiveMessage = *ReceiveMessage;
             ^~~~~~~~~~~~~~
../Core/Src/uart_decryption.c:5:33: note: previous definition of 'ReceiveMessage' was here
 void UART_ParseLine(RingBuffer *ReceiveMessage)
                                 ^~~~~~~~~~~~~~
../Core/Src/uart_decryption.c:8:30: error: invalid type argument of unary '*' (have 'RingBuffer {aka struct <anonymous>}')
  RingBuffer ReceiveMessage = *ReceiveMessage;
                              ^~~~~~~~~~~~~~~
make: *** [Core/Src/subdir.mk:61: Core/Src/uart_decryption.o] Error 1
"make -j4 all" terminated with exit code 2. Build might be incomplete.
19:54:13 **** Incremental Build of configuration Debug for project 10_msn_nuc_UART_Interrupt ****
make -j4 all 
arm-none-eabi-size   10_msn_nuc_UART_Interrupt.elf 
   text	   data	    bss	    dec	    hex	filename
  12356	    120	   1728	  14204	   377c	10_msn_nuc_UART_Interrupt.elf
Finished building: default.size.stdout
 
19:54:13 **** Incremental Build of configuration Debug for project STMars_modular_robot_v1.0 ****
make -j4 all 
arm-none-eabi-gcc "../Core/Src/uart_decryption.c" -mcpu=cortex-m4 -std=gnu11 -g3 -DUSE_HAL_DRIVER -DDEBUG -DSTM32L432xx -c -I../Core/Inc -I../Drivers/STM32L4xx_HAL_Driver/Inc -I../Drivers/STM32L4xx_HAL_Driver/Inc/Legacy -I../Drivers/CMSIS/Device/ST/STM32L4xx/Include -I../Drivers/CMSIS/Include -O0 -ffunction-sections -fdata-sections -Wall -fstack-usage -MMD -MP -MF"Core/Src/uart_decryption.d" -MT"Core/Src/uart_decryption.o" --specs=nano.specs -mfpu=fpv4-sp-d16 -mfloat-abi=hard -mthumb -o "Core/Src/uart_decryption.o"
../Core/Src/uart_decryption.c: In function 'UART_ParseLine':
../Core/Src/uart_decryption.c:8:13: warning: unused variable 'ReceiveMsg' [-Wunused-variable]
  RingBuffer ReceiveMsg = *ReceiveMessage;
             ^~~~~~~~~~
arm-none-eabi-gcc -o "STMars_modular_robot_v1.0.elf" @"objects.list"   -mcpu=cortex-m4 -T"D:\STM32\STM32MARS\STMars_modular_robot_v1.0\STM32L432KCUX_FLASH.ld" --specs=nosys.specs -Wl,-Map="STMars_modular_robot_v1.0.map" -Wl,--gc-sections -static --specs=nano.specs -mfpu=fpv4-sp-d16 -mfloat-abi=hard -mthumb -u _printf_float -u _scanf_float -Wl,--start-group -lc -lm -Wl,--end-group
Finished building target: STMars_modular_robot_v1.0.elf
 
arm-none-eabi-objdump -h -S  STMars_modular_robot_v1.0.elf  > "STMars_modular_robot_v1.0.list"
arm-none-eabi-objcopy  -O binary  STMars_modular_robot_v1.0.elf  "STMars_modular_robot_v1.0.bin"
arm-none-eabi-size   STMars_modular_robot_v1.0.elf 
   text	   data	    bss	    dec	    hex	filename
  32008	    484	   1900	  34392	   8658	STMars_modular_robot_v1.0.elf
Finished building: default.size.stdout
 
Finished building: STMars_modular_robot_v1.0.bin
 
Finished building: STMars_modular_robot_v1.0.list
 
19:54:52 **** Incremental Build of configuration Debug for project 10_msn_nuc_UART_Interrupt ****
make -j4 all 
arm-none-eabi-size   10_msn_nuc_UART_Interrupt.elf 
   text	   data	    bss	    dec	    hex	filename
  12356	    120	   1728	  14204	   377c	10_msn_nuc_UART_Interrupt.elf
Finished building: default.size.stdout
 
19:54:53 **** Incremental Build of configuration Debug for project STMars_modular_robot_v1.0 ****
make -j4 all 
arm-none-eabi-gcc "../Core/Src/uart_decryption.c" -mcpu=cortex-m4 -std=gnu11 -g3 -DUSE_HAL_DRIVER -DDEBUG -DSTM32L432xx -c -I../Core/Inc -I../Drivers/STM32L4xx_HAL_Driver/Inc -I../Drivers/STM32L4xx_HAL_Driver/Inc/Legacy -I../Drivers/CMSIS/Device/ST/STM32L4xx/Include -I../Drivers/CMSIS/Include -O0 -ffunction-sections -fdata-sections -Wall -fstack-usage -MMD -MP -MF"Core/Src/uart_decryption.d" -MT"Core/Src/uart_decryption.o" --specs=nano.specs -mfpu=fpv4-sp-d16 -mfloat-abi=hard -mthumb -o "Core/Src/uart_decryption.o"
../Core/Src/uart_decryption.c: In function 'UART_ParseLine':
../Core/Src/uart_decryption.c:9:32: error: invalid type argument of '->' (have 'RingBuffer {aka struct <anonymous>}')
  uint8_t Order[12] = ReceiveMsg->Buffer;
                                ^~
../Core/Src/uart_decryption.c:9:10: warning: unused variable 'Order' [-Wunused-variable]
  uint8_t Order[12] = ReceiveMsg->Buffer;
          ^~~~~
make: *** [Core/Src/subdir.mk:61: Core/Src/uart_decryption.o] Error 1
"make -j4 all" terminated with exit code 2. Build might be incomplete.
19:54:58 **** Incremental Build of configuration Debug for project 10_msn_nuc_UART_Interrupt ****
make -j4 all 
arm-none-eabi-size   10_msn_nuc_UART_Interrupt.elf 
   text	   data	    bss	    dec	    hex	filename
  12356	    120	   1728	  14204	   377c	10_msn_nuc_UART_Interrupt.elf
Finished building: default.size.stdout
 
19:54:58 **** Incremental Build of configuration Debug for project STMars_modular_robot_v1.0 ****
make -j4 all 
arm-none-eabi-gcc "../Core/Src/uart_decryption.c" -mcpu=cortex-m4 -std=gnu11 -g3 -DUSE_HAL_DRIVER -DDEBUG -DSTM32L432xx -c -I../Core/Inc -I../Drivers/STM32L4xx_HAL_Driver/Inc -I../Drivers/STM32L4xx_HAL_Driver/Inc/Legacy -I../Drivers/CMSIS/Device/ST/STM32L4xx/Include -I../Drivers/CMSIS/Include -O0 -ffunction-sections -fdata-sections -Wall -fstack-usage -MMD -MP -MF"Core/Src/uart_decryption.d" -MT"Core/Src/uart_decryption.o" --specs=nano.specs -mfpu=fpv4-sp-d16 -mfloat-abi=hard -mthumb -o "Core/Src/uart_decryption.o"
../Core/Src/uart_decryption.c: In function 'UART_ParseLine':
../Core/Src/uart_decryption.c:9:32: error: invalid type argument of '->' (have 'RingBuffer {aka struct <anonymous>}')
  uint8_t Order[12] = ReceiveMsg->Buffer[];
                                ^~
../Core/Src/uart_decryption.c:9:41: error: expected expression before ']' token
  uint8_t Order[12] = ReceiveMsg->Buffer[];
                                         ^
../Core/Src/uart_decryption.c:9:10: warning: unused variable 'Order' [-Wunused-variable]
  uint8_t Order[12] = ReceiveMsg->Buffer[];
          ^~~~~
make: *** [Core/Src/subdir.mk:61: Core/Src/uart_decryption.o] Error 1
"make -j4 all" terminated with exit code 2. Build might be incomplete.
19:55:08 **** Incremental Build of configuration Debug for project 10_msn_nuc_UART_Interrupt ****
make -j4 all 
arm-none-eabi-size   10_msn_nuc_UART_Interrupt.elf 
   text	   data	    bss	    dec	    hex	filename
  12356	    120	   1728	  14204	   377c	10_msn_nuc_UART_Interrupt.elf
Finished building: default.size.stdout
 
19:55:08 **** Incremental Build of configuration Debug for project STMars_modular_robot_v1.0 ****
make -j4 all 
arm-none-eabi-gcc "../Core/Src/uart_decryption.c" -mcpu=cortex-m4 -std=gnu11 -g3 -DUSE_HAL_DRIVER -DDEBUG -DSTM32L432xx -c -I../Core/Inc -I../Drivers/STM32L4xx_HAL_Driver/Inc -I../Drivers/STM32L4xx_HAL_Driver/Inc/Legacy -I../Drivers/CMSIS/Device/ST/STM32L4xx/Include -I../Drivers/CMSIS/Include -O0 -ffunction-sections -fdata-sections -Wall -fstack-usage -MMD -MP -MF"Core/Src/uart_decryption.d" -MT"Core/Src/uart_decryption.o" --specs=nano.specs -mfpu=fpv4-sp-d16 -mfloat-abi=hard -mthumb -o "Core/Src/uart_decryption.o"
../Core/Src/uart_decryption.c: In function 'UART_ParseLine':
../Core/Src/uart_decryption.c:9:32: error: invalid type argument of '->' (have 'RingBuffer {aka struct <anonymous>}')
  uint8_t Order[12] = ReceiveMsg->Buffer;
                                ^~
../Core/Src/uart_decryption.c:9:10: warning: unused variable 'Order' [-Wunused-variable]
  uint8_t Order[12] = ReceiveMsg->Buffer;
          ^~~~~
make: *** [Core/Src/subdir.mk:61: Core/Src/uart_decryption.o] Error 1
"make -j4 all" terminated with exit code 2. Build might be incomplete.
19:59:32 **** Incremental Build of configuration Debug for project 10_msn_nuc_UART_Interrupt ****
make -j4 all 
arm-none-eabi-size   10_msn_nuc_UART_Interrupt.elf 
   text	   data	    bss	    dec	    hex	filename
  12356	    120	   1728	  14204	   377c	10_msn_nuc_UART_Interrupt.elf
Finished building: default.size.stdout
 
19:59:33 **** Incremental Build of configuration Debug for project STMars_modular_robot_v1.0 ****
make -j4 all 
arm-none-eabi-gcc "../Core/Src/uart_decryption.c" -mcpu=cortex-m4 -std=gnu11 -g3 -DUSE_HAL_DRIVER -DDEBUG -DSTM32L432xx -c -I../Core/Inc -I../Drivers/STM32L4xx_HAL_Driver/Inc -I../Drivers/STM32L4xx_HAL_Driver/Inc/Legacy -I../Drivers/CMSIS/Device/ST/STM32L4xx/Include -I../Drivers/CMSIS/Include -O0 -ffunction-sections -fdata-sections -Wall -fstack-usage -MMD -MP -MF"Core/Src/uart_decryption.d" -MT"Core/Src/uart_decryption.o" --specs=nano.specs -mfpu=fpv4-sp-d16 -mfloat-abi=hard -mthumb -o "Core/Src/uart_decryption.o"
../Core/Src/uart_decryption.c: In function 'UART_ParseLine':
../Core/Src/uart_decryption.c:8:13: warning: unused variable 'Order' [-Wunused-variable]
  RingBuffer Order = *ReceiveMessage;
             ^~~~~
arm-none-eabi-gcc -o "STMars_modular_robot_v1.0.elf" @"objects.list"   -mcpu=cortex-m4 -T"D:\STM32\STM32MARS\STMars_modular_robot_v1.0\STM32L432KCUX_FLASH.ld" --specs=nosys.specs -Wl,-Map="STMars_modular_robot_v1.0.map" -Wl,--gc-sections -static --specs=nano.specs -mfpu=fpv4-sp-d16 -mfloat-abi=hard -mthumb -u _printf_float -u _scanf_float -Wl,--start-group -lc -lm -Wl,--end-group
Finished building target: STMars_modular_robot_v1.0.elf
 
arm-none-eabi-objdump -h -S  STMars_modular_robot_v1.0.elf  > "STMars_modular_robot_v1.0.list"
arm-none-eabi-objcopy  -O binary  STMars_modular_robot_v1.0.elf  "STMars_modular_robot_v1.0.bin"
arm-none-eabi-size   STMars_modular_robot_v1.0.elf 
   text	   data	    bss	    dec	    hex	filename
  32008	    484	   1900	  34392	   8658	STMars_modular_robot_v1.0.elf
Finished building: default.size.stdout
 
Finished building: STMars_modular_robot_v1.0.bin
 
Finished building: STMars_modular_robot_v1.0.list
 
19:59:47 **** Incremental Build of configuration Debug for project 10_msn_nuc_UART_Interrupt ****
make -j4 all 
arm-none-eabi-size   10_msn_nuc_UART_Interrupt.elf 
   text	   data	    bss	    dec	    hex	filename
  12356	    120	   1728	  14204	   377c	10_msn_nuc_UART_Interrupt.elf
Finished building: default.size.stdout
 
19:59:47 **** Incremental Build of configuration Debug for project STMars_modular_robot_v1.0 ****
make -j4 all 
arm-none-eabi-gcc "../Core/Src/uart_decryption.c" -mcpu=cortex-m4 -std=gnu11 -g3 -DUSE_HAL_DRIVER -DDEBUG -DSTM32L432xx -c -I../Core/Inc -I../Drivers/STM32L4xx_HAL_Driver/Inc -I../Drivers/STM32L4xx_HAL_Driver/Inc/Legacy -I../Drivers/CMSIS/Device/ST/STM32L4xx/Include -I../Drivers/CMSIS/Include -O0 -ffunction-sections -fdata-sections -Wall -fstack-usage -MMD -MP -MF"Core/Src/uart_decryption.d" -MT"Core/Src/uart_decryption.o" --specs=nano.specs -mfpu=fpv4-sp-d16 -mfloat-abi=hard -mthumb -o "Core/Src/uart_decryption.o"
arm-none-eabi-gcc -o "STMars_modular_robot_v1.0.elf" @"objects.list"   -mcpu=cortex-m4 -T"D:\STM32\STM32MARS\STMars_modular_robot_v1.0\STM32L432KCUX_FLASH.ld" --specs=nosys.specs -Wl,-Map="STMars_modular_robot_v1.0.map" -Wl,--gc-sections -static --specs=nano.specs -mfpu=fpv4-sp-d16 -mfloat-abi=hard -mthumb -u _printf_float -u _scanf_float -Wl,--start-group -lc -lm -Wl,--end-group
Finished building target: STMars_modular_robot_v1.0.elf
 
arm-none-eabi-objdump -h -S  STMars_modular_robot_v1.0.elf  > "STMars_modular_robot_v1.0.list"
arm-none-eabi-objcopy  -O binary  STMars_modular_robot_v1.0.elf  "STMars_modular_robot_v1.0.bin"
arm-none-eabi-size   STMars_modular_robot_v1.0.elf 
   text	   data	    bss	    dec	    hex	filename
  32008	    484	   1900	  34392	   8658	STMars_modular_robot_v1.0.elf
Finished building: default.size.stdout
 
Finished building: STMars_modular_robot_v1.0.bin
 
Finished building: STMars_modular_robot_v1.0.list
 
20:00:00 **** Incremental Build of configuration Debug for project STMars_modular_robot_v1.0 ****
make -j4 all 
arm-none-eabi-size   STMars_modular_robot_v1.0.elf 
   text	   data	    bss	    dec	    hex	filename
  32008	    484	   1900	  34392	   8658	STMars_modular_robot_v1.0.elf
Finished building: default.size.stdout
 
20:04:23 **** Incremental Build of configuration Debug for project STMars_modular_robot_v1.0 ****
make -j4 all 
arm-none-eabi-size   STMars_modular_robot_v1.0.elf 
   text	   data	    bss	    dec	    hex	filename
  32008	    484	   1900	  34392	   8658	STMars_modular_robot_v1.0.elf
Finished building: default.size.stdout
 
