20:14:59 **** Clean-only build of configuration Debug for project STMars_modular_robot ****
make -j4 clean 
rm -rf *
 
20:15:24 **** Build of configuration Debug for project STMars_modular_robot ****
make -j4 all 
arm-none-eabi-gcc "../Drivers/STM32L4xx_HAL_Driver/Src/stm32l4xx_hal.c" -mcpu=cortex-m4 -std=gnu11 -g3 -DUSE_HAL_DRIVER -DDEBUG -DSTM32L432xx -c -I../Core/Inc -I../Drivers/STM32L4xx_HAL_Driver/Inc -I../Drivers/STM32L4xx_HAL_Driver/Inc/Legacy -I../Drivers/CMSIS/Device/ST/STM32L4xx/Include -I../Drivers/CMSIS/Include -O0 -ffunction-sections -fdata-sections -Wall -fstack-usage -MMD -MP -MF"Drivers/STM32L4xx_HAL_Driver/Src/stm32l4xx_hal.d" -MT"Drivers/STM32L4xx_HAL_Driver/Src/stm32l4xx_hal.o" --specs=nano.specs -mfpu=fpv4-sp-d16 -mfloat-abi=hard -mthumb -o "Drivers/STM32L4xx_HAL_Driver/Src/stm32l4xx_hal.o"
arm-none-eabi-gcc "../Drivers/STM32L4xx_HAL_Driver/Src/stm32l4xx_hal_cortex.c" -mcpu=cortex-m4 -std=gnu11 -g3 -DUSE_HAL_DRIVER -DDEBUG -DSTM32L432xx -c -I../Core/Inc -I../Drivers/STM32L4xx_HAL_Driver/Inc -I../Drivers/STM32L4xx_HAL_Driver/Inc/Legacy -I../Drivers/CMSIS/Device/ST/STM32L4xx/Include -I../Drivers/CMSIS/Include -O0 -ffunction-sections -fdata-sections -Wall -fstack-usage -MMD -MP -MF"Drivers/STM32L4xx_HAL_Driver/Src/stm32l4xx_hal_cortex.d" -MT"Drivers/STM32L4xx_HAL_Driver/Src/stm32l4xx_hal_cortex.o" --specs=nano.specs -mfpu=fpv4-sp-d16 -mfloat-abi=hard -mthumb -o "Drivers/STM32L4xx_HAL_Driver/Src/stm32l4xx_hal_cortex.o"
arm-none-eabi-gcc "../Drivers/STM32L4xx_HAL_Driver/Src/stm32l4xx_hal_dma.c" -mcpu=cortex-m4 -std=gnu11 -g3 -DUSE_HAL_DRIVER -DDEBUG -DSTM32L432xx -c -I../Core/Inc -I../Drivers/STM32L4xx_HAL_Driver/Inc -I../Drivers/STM32L4xx_HAL_Driver/Inc/Legacy -I../Drivers/CMSIS/Device/ST/STM32L4xx/Include -I../Drivers/CMSIS/Include -O0 -ffunction-sections -fdata-sections -Wall -fstack-usage -MMD -MP -MF"Drivers/STM32L4xx_HAL_Driver/Src/stm32l4xx_hal_dma.d" -MT"Drivers/STM32L4xx_HAL_Driver/Src/stm32l4xx_hal_dma.o" --specs=nano.specs -mfpu=fpv4-sp-d16 -mfloat-abi=hard -mthumb -o "Drivers/STM32L4xx_HAL_Driver/Src/stm32l4xx_hal_dma.o"
arm-none-eabi-gcc "../Drivers/STM32L4xx_HAL_Driver/Src/stm32l4xx_hal_dma_ex.c" -mcpu=cortex-m4 -std=gnu11 -g3 -DUSE_HAL_DRIVER -DDEBUG -DSTM32L432xx -c -I../Core/Inc -I../Drivers/STM32L4xx_HAL_Driver/Inc -I../Drivers/STM32L4xx_HAL_Driver/Inc/Legacy -I../Drivers/CMSIS/Device/ST/STM32L4xx/Include -I../Drivers/CMSIS/Include -O0 -ffunction-sections -fdata-sections -Wall -fstack-usage -MMD -MP -MF"Drivers/STM32L4xx_HAL_Driver/Src/stm32l4xx_hal_dma_ex.d" -MT"Drivers/STM32L4xx_HAL_Driver/Src/stm32l4xx_hal_dma_ex.o" --specs=nano.specs -mfpu=fpv4-sp-d16 -mfloat-abi=hard -mthumb -o "Drivers/STM32L4xx_HAL_Driver/Src/stm32l4xx_hal_dma_ex.o"
arm-none-eabi-gcc "../Drivers/STM32L4xx_HAL_Driver/Src/stm32l4xx_hal_exti.c" -mcpu=cortex-m4 -std=gnu11 -g3 -DUSE_HAL_DRIVER -DDEBUG -DSTM32L432xx -c -I../Core/Inc -I../Drivers/STM32L4xx_HAL_Driver/Inc -I../Drivers/STM32L4xx_HAL_Driver/Inc/Legacy -I../Drivers/CMSIS/Device/ST/STM32L4xx/Include -I../Drivers/CMSIS/Include -O0 -ffunction-sections -fdata-sections -Wall -fstack-usage -MMD -MP -MF"Drivers/STM32L4xx_HAL_Driver/Src/stm32l4xx_hal_exti.d" -MT"Drivers/STM32L4xx_HAL_Driver/Src/stm32l4xx_hal_exti.o" --specs=nano.specs -mfpu=fpv4-sp-d16 -mfloat-abi=hard -mthumb -o "Drivers/STM32L4xx_HAL_Driver/Src/stm32l4xx_hal_exti.o"
arm-none-eabi-gcc "../Drivers/STM32L4xx_HAL_Driver/Src/stm32l4xx_hal_flash.c" -mcpu=cortex-m4 -std=gnu11 -g3 -DUSE_HAL_DRIVER -DDEBUG -DSTM32L432xx -c -I../Core/Inc -I../Drivers/STM32L4xx_HAL_Driver/Inc -I../Drivers/STM32L4xx_HAL_Driver/Inc/Legacy -I../Drivers/CMSIS/Device/ST/STM32L4xx/Include -I../Drivers/CMSIS/Include -O0 -ffunction-sections -fdata-sections -Wall -fstack-usage -MMD -MP -MF"Drivers/STM32L4xx_HAL_Driver/Src/stm32l4xx_hal_flash.d" -MT"Drivers/STM32L4xx_HAL_Driver/Src/stm32l4xx_hal_flash.o" --specs=nano.specs -mfpu=fpv4-sp-d16 -mfloat-abi=hard -mthumb -o "Drivers/STM32L4xx_HAL_Driver/Src/stm32l4xx_hal_flash.o"
arm-none-eabi-gcc "../Drivers/STM32L4xx_HAL_Driver/Src/stm32l4xx_hal_flash_ex.c" -mcpu=cortex-m4 -std=gnu11 -g3 -DUSE_HAL_DRIVER -DDEBUG -DSTM32L432xx -c -I../Core/Inc -I../Drivers/STM32L4xx_HAL_Driver/Inc -I../Drivers/STM32L4xx_HAL_Driver/Inc/Legacy -I../Drivers/CMSIS/Device/ST/STM32L4xx/Include -I../Drivers/CMSIS/Include -O0 -ffunction-sections -fdata-sections -Wall -fstack-usage -MMD -MP -MF"Drivers/STM32L4xx_HAL_Driver/Src/stm32l4xx_hal_flash_ex.d" -MT"Drivers/STM32L4xx_HAL_Driver/Src/stm32l4xx_hal_flash_ex.o" --specs=nano.specs -mfpu=fpv4-sp-d16 -mfloat-abi=hard -mthumb -o "Drivers/STM32L4xx_HAL_Driver/Src/stm32l4xx_hal_flash_ex.o"
arm-none-eabi-gcc "../Drivers/STM32L4xx_HAL_Driver/Src/stm32l4xx_hal_flash_ramfunc.c" -mcpu=cortex-m4 -std=gnu11 -g3 -DUSE_HAL_DRIVER -DDEBUG -DSTM32L432xx -c -I../Core/Inc -I../Drivers/STM32L4xx_HAL_Driver/Inc -I../Drivers/STM32L4xx_HAL_Driver/Inc/Legacy -I../Drivers/CMSIS/Device/ST/STM32L4xx/Include -I../Drivers/CMSIS/Include -O0 -ffunction-sections -fdata-sections -Wall -fstack-usage -MMD -MP -MF"Drivers/STM32L4xx_HAL_Driver/Src/stm32l4xx_hal_flash_ramfunc.d" -MT"Drivers/STM32L4xx_HAL_Driver/Src/stm32l4xx_hal_flash_ramfunc.o" --specs=nano.specs -mfpu=fpv4-sp-d16 -mfloat-abi=hard -mthumb -o "Drivers/STM32L4xx_HAL_Driver/Src/stm32l4xx_hal_flash_ramfunc.o"
arm-none-eabi-gcc "../Drivers/STM32L4xx_HAL_Driver/Src/stm32l4xx_hal_gpio.c" -mcpu=cortex-m4 -std=gnu11 -g3 -DUSE_HAL_DRIVER -DDEBUG -DSTM32L432xx -c -I../Core/Inc -I../Drivers/STM32L4xx_HAL_Driver/Inc -I../Drivers/STM32L4xx_HAL_Driver/Inc/Legacy -I../Drivers/CMSIS/Device/ST/STM32L4xx/Include -I../Drivers/CMSIS/Include -O0 -ffunction-sections -fdata-sections -Wall -fstack-usage -MMD -MP -MF"Drivers/STM32L4xx_HAL_Driver/Src/stm32l4xx_hal_gpio.d" -MT"Drivers/STM32L4xx_HAL_Driver/Src/stm32l4xx_hal_gpio.o" --specs=nano.specs -mfpu=fpv4-sp-d16 -mfloat-abi=hard -mthumb -o "Drivers/STM32L4xx_HAL_Driver/Src/stm32l4xx_hal_gpio.o"
arm-none-eabi-gcc "../Drivers/STM32L4xx_HAL_Driver/Src/stm32l4xx_hal_i2c.c" -mcpu=cortex-m4 -std=gnu11 -g3 -DUSE_HAL_DRIVER -DDEBUG -DSTM32L432xx -c -I../Core/Inc -I../Drivers/STM32L4xx_HAL_Driver/Inc -I../Drivers/STM32L4xx_HAL_Driver/Inc/Legacy -I../Drivers/CMSIS/Device/ST/STM32L4xx/Include -I../Drivers/CMSIS/Include -O0 -ffunction-sections -fdata-sections -Wall -fstack-usage -MMD -MP -MF"Drivers/STM32L4xx_HAL_Driver/Src/stm32l4xx_hal_i2c.d" -MT"Drivers/STM32L4xx_HAL_Driver/Src/stm32l4xx_hal_i2c.o" --specs=nano.specs -mfpu=fpv4-sp-d16 -mfloat-abi=hard -mthumb -o "Drivers/STM32L4xx_HAL_Driver/Src/stm32l4xx_hal_i2c.o"
arm-none-eabi-gcc "../Drivers/STM32L4xx_HAL_Driver/Src/stm32l4xx_hal_i2c_ex.c" -mcpu=cortex-m4 -std=gnu11 -g3 -DUSE_HAL_DRIVER -DDEBUG -DSTM32L432xx -c -I../Core/Inc -I../Drivers/STM32L4xx_HAL_Driver/Inc -I../Drivers/STM32L4xx_HAL_Driver/Inc/Legacy -I../Drivers/CMSIS/Device/ST/STM32L4xx/Include -I../Drivers/CMSIS/Include -O0 -ffunction-sections -fdata-sections -Wall -fstack-usage -MMD -MP -MF"Drivers/STM32L4xx_HAL_Driver/Src/stm32l4xx_hal_i2c_ex.d" -MT"Drivers/STM32L4xx_HAL_Driver/Src/stm32l4xx_hal_i2c_ex.o" --specs=nano.specs -mfpu=fpv4-sp-d16 -mfloat-abi=hard -mthumb -o "Drivers/STM32L4xx_HAL_Driver/Src/stm32l4xx_hal_i2c_ex.o"
arm-none-eabi-gcc "../Drivers/STM32L4xx_HAL_Driver/Src/stm32l4xx_hal_pwr.c" -mcpu=cortex-m4 -std=gnu11 -g3 -DUSE_HAL_DRIVER -DDEBUG -DSTM32L432xx -c -I../Core/Inc -I../Drivers/STM32L4xx_HAL_Driver/Inc -I../Drivers/STM32L4xx_HAL_Driver/Inc/Legacy -I../Drivers/CMSIS/Device/ST/STM32L4xx/Include -I../Drivers/CMSIS/Include -O0 -ffunction-sections -fdata-sections -Wall -fstack-usage -MMD -MP -MF"Drivers/STM32L4xx_HAL_Driver/Src/stm32l4xx_hal_pwr.d" -MT"Drivers/STM32L4xx_HAL_Driver/Src/stm32l4xx_hal_pwr.o" --specs=nano.specs -mfpu=fpv4-sp-d16 -mfloat-abi=hard -mthumb -o "Drivers/STM32L4xx_HAL_Driver/Src/stm32l4xx_hal_pwr.o"
arm-none-eabi-gcc "../Drivers/STM32L4xx_HAL_Driver/Src/stm32l4xx_hal_pwr_ex.c" -mcpu=cortex-m4 -std=gnu11 -g3 -DUSE_HAL_DRIVER -DDEBUG -DSTM32L432xx -c -I../Core/Inc -I../Drivers/STM32L4xx_HAL_Driver/Inc -I../Drivers/STM32L4xx_HAL_Driver/Inc/Legacy -I../Drivers/CMSIS/Device/ST/STM32L4xx/Include -I../Drivers/CMSIS/Include -O0 -ffunction-sections -fdata-sections -Wall -fstack-usage -MMD -MP -MF"Drivers/STM32L4xx_HAL_Driver/Src/stm32l4xx_hal_pwr_ex.d" -MT"Drivers/STM32L4xx_HAL_Driver/Src/stm32l4xx_hal_pwr_ex.o" --specs=nano.specs -mfpu=fpv4-sp-d16 -mfloat-abi=hard -mthumb -o "Drivers/STM32L4xx_HAL_Driver/Src/stm32l4xx_hal_pwr_ex.o"
arm-none-eabi-gcc "../Drivers/STM32L4xx_HAL_Driver/Src/stm32l4xx_hal_rcc.c" -mcpu=cortex-m4 -std=gnu11 -g3 -DUSE_HAL_DRIVER -DDEBUG -DSTM32L432xx -c -I../Core/Inc -I../Drivers/STM32L4xx_HAL_Driver/Inc -I../Drivers/STM32L4xx_HAL_Driver/Inc/Legacy -I../Drivers/CMSIS/Device/ST/STM32L4xx/Include -I../Drivers/CMSIS/Include -O0 -ffunction-sections -fdata-sections -Wall -fstack-usage -MMD -MP -MF"Drivers/STM32L4xx_HAL_Driver/Src/stm32l4xx_hal_rcc.d" -MT"Drivers/STM32L4xx_HAL_Driver/Src/stm32l4xx_hal_rcc.o" --specs=nano.specs -mfpu=fpv4-sp-d16 -mfloat-abi=hard -mthumb -o "Drivers/STM32L4xx_HAL_Driver/Src/stm32l4xx_hal_rcc.o"
arm-none-eabi-gcc "../Drivers/STM32L4xx_HAL_Driver/Src/stm32l4xx_hal_rcc_ex.c" -mcpu=cortex-m4 -std=gnu11 -g3 -DUSE_HAL_DRIVER -DDEBUG -DSTM32L432xx -c -I../Core/Inc -I../Drivers/STM32L4xx_HAL_Driver/Inc -I../Drivers/STM32L4xx_HAL_Driver/Inc/Legacy -I../Drivers/CMSIS/Device/ST/STM32L4xx/Include -I../Drivers/CMSIS/Include -O0 -ffunction-sections -fdata-sections -Wall -fstack-usage -MMD -MP -MF"Drivers/STM32L4xx_HAL_Driver/Src/stm32l4xx_hal_rcc_ex.d" -MT"Drivers/STM32L4xx_HAL_Driver/Src/stm32l4xx_hal_rcc_ex.o" --specs=nano.specs -mfpu=fpv4-sp-d16 -mfloat-abi=hard -mthumb -o "Drivers/STM32L4xx_HAL_Driver/Src/stm32l4xx_hal_rcc_ex.o"
arm-none-eabi-gcc "../Drivers/STM32L4xx_HAL_Driver/Src/stm32l4xx_hal_tim.c" -mcpu=cortex-m4 -std=gnu11 -g3 -DUSE_HAL_DRIVER -DDEBUG -DSTM32L432xx -c -I../Core/Inc -I../Drivers/STM32L4xx_HAL_Driver/Inc -I../Drivers/STM32L4xx_HAL_Driver/Inc/Legacy -I../Drivers/CMSIS/Device/ST/STM32L4xx/Include -I../Drivers/CMSIS/Include -O0 -ffunction-sections -fdata-sections -Wall -fstack-usage -MMD -MP -MF"Drivers/STM32L4xx_HAL_Driver/Src/stm32l4xx_hal_tim.d" -MT"Drivers/STM32L4xx_HAL_Driver/Src/stm32l4xx_hal_tim.o" --specs=nano.specs -mfpu=fpv4-sp-d16 -mfloat-abi=hard -mthumb -o "Drivers/STM32L4xx_HAL_Driver/Src/stm32l4xx_hal_tim.o"
arm-none-eabi-gcc "../Drivers/STM32L4xx_HAL_Driver/Src/stm32l4xx_hal_tim_ex.c" -mcpu=cortex-m4 -std=gnu11 -g3 -DUSE_HAL_DRIVER -DDEBUG -DSTM32L432xx -c -I../Core/Inc -I../Drivers/STM32L4xx_HAL_Driver/Inc -I../Drivers/STM32L4xx_HAL_Driver/Inc/Legacy -I../Drivers/CMSIS/Device/ST/STM32L4xx/Include -I../Drivers/CMSIS/Include -O0 -ffunction-sections -fdata-sections -Wall -fstack-usage -MMD -MP -MF"Drivers/STM32L4xx_HAL_Driver/Src/stm32l4xx_hal_tim_ex.d" -MT"Drivers/STM32L4xx_HAL_Driver/Src/stm32l4xx_hal_tim_ex.o" --specs=nano.specs -mfpu=fpv4-sp-d16 -mfloat-abi=hard -mthumb -o "Drivers/STM32L4xx_HAL_Driver/Src/stm32l4xx_hal_tim_ex.o"
arm-none-eabi-gcc "../Drivers/STM32L4xx_HAL_Driver/Src/stm32l4xx_hal_uart.c" -mcpu=cortex-m4 -std=gnu11 -g3 -DUSE_HAL_DRIVER -DDEBUG -DSTM32L432xx -c -I../Core/Inc -I../Drivers/STM32L4xx_HAL_Driver/Inc -I../Drivers/STM32L4xx_HAL_Driver/Inc/Legacy -I../Drivers/CMSIS/Device/ST/STM32L4xx/Include -I../Drivers/CMSIS/Include -O0 -ffunction-sections -fdata-sections -Wall -fstack-usage -MMD -MP -MF"Drivers/STM32L4xx_HAL_Driver/Src/stm32l4xx_hal_uart.d" -MT"Drivers/STM32L4xx_HAL_Driver/Src/stm32l4xx_hal_uart.o" --specs=nano.specs -mfpu=fpv4-sp-d16 -mfloat-abi=hard -mthumb -o "Drivers/STM32L4xx_HAL_Driver/Src/stm32l4xx_hal_uart.o"
arm-none-eabi-gcc "../Drivers/STM32L4xx_HAL_Driver/Src/stm32l4xx_hal_uart_ex.c" -mcpu=cortex-m4 -std=gnu11 -g3 -DUSE_HAL_DRIVER -DDEBUG -DSTM32L432xx -c -I../Core/Inc -I../Drivers/STM32L4xx_HAL_Driver/Inc -I../Drivers/STM32L4xx_HAL_Driver/Inc/Legacy -I../Drivers/CMSIS/Device/ST/STM32L4xx/Include -I../Drivers/CMSIS/Include -O0 -ffunction-sections -fdata-sections -Wall -fstack-usage -MMD -MP -MF"Drivers/STM32L4xx_HAL_Driver/Src/stm32l4xx_hal_uart_ex.d" -MT"Drivers/STM32L4xx_HAL_Driver/Src/stm32l4xx_hal_uart_ex.o" --specs=nano.specs -mfpu=fpv4-sp-d16 -mfloat-abi=hard -mthumb -o "Drivers/STM32L4xx_HAL_Driver/Src/stm32l4xx_hal_uart_ex.o"
arm-none-eabi-gcc -mcpu=cortex-m4 -g3 -c -x assembler-with-cpp -MMD -MP -MF"Core/Startup/startup_stm32l432kcux.d" -MT"Core/Startup/startup_stm32l432kcux.o" --specs=nano.specs -mfpu=fpv4-sp-d16 -mfloat-abi=hard -mthumb -o "Core/Startup/startup_stm32l432kcux.o" "../Core/Startup/startup_stm32l432kcux.s"
arm-none-eabi-gcc "../Core/Src/dma.c" -mcpu=cortex-m4 -std=gnu11 -g3 -DUSE_HAL_DRIVER -DDEBUG -DSTM32L432xx -c -I../Core/Inc -I../Drivers/STM32L4xx_HAL_Driver/Inc -I../Drivers/STM32L4xx_HAL_Driver/Inc/Legacy -I../Drivers/CMSIS/Device/ST/STM32L4xx/Include -I../Drivers/CMSIS/Include -O0 -ffunction-sections -fdata-sections -Wall -fstack-usage -MMD -MP -MF"Core/Src/dma.d" -MT"Core/Src/dma.o" --specs=nano.specs -mfpu=fpv4-sp-d16 -mfloat-abi=hard -mthumb -o "Core/Src/dma.o"
arm-none-eabi-gcc "../Core/Src/gpio.c" -mcpu=cortex-m4 -std=gnu11 -g3 -DUSE_HAL_DRIVER -DDEBUG -DSTM32L432xx -c -I../Core/Inc -I../Drivers/STM32L4xx_HAL_Driver/Inc -I../Drivers/STM32L4xx_HAL_Driver/Inc/Legacy -I../Drivers/CMSIS/Device/ST/STM32L4xx/Include -I../Drivers/CMSIS/Include -O0 -ffunction-sections -fdata-sections -Wall -fstack-usage -MMD -MP -MF"Core/Src/gpio.d" -MT"Core/Src/gpio.o" --specs=nano.specs -mfpu=fpv4-sp-d16 -mfloat-abi=hard -mthumb -o "Core/Src/gpio.o"
arm-none-eabi-gcc "../Core/Src/main.c" -mcpu=cortex-m4 -std=gnu11 -g3 -DUSE_HAL_DRIVER -DDEBUG -DSTM32L432xx -c -I../Core/Inc -I../Drivers/STM32L4xx_HAL_Driver/Inc -I../Drivers/STM32L4xx_HAL_Driver/Inc/Legacy -I../Drivers/CMSIS/Device/ST/STM32L4xx/Include -I../Drivers/CMSIS/Include -O0 -ffunction-sections -fdata-sections -Wall -fstack-usage -MMD -MP -MF"Core/Src/main.d" -MT"Core/Src/main.o" --specs=nano.specs -mfpu=fpv4-sp-d16 -mfloat-abi=hard -mthumb -o "Core/Src/main.o"
arm-none-eabi-gcc "../Core/Src/parser.c" -mcpu=cortex-m4 -std=gnu11 -g3 -DUSE_HAL_DRIVER -DDEBUG -DSTM32L432xx -c -I../Core/Inc -I../Drivers/STM32L4xx_HAL_Driver/Inc -I../Drivers/STM32L4xx_HAL_Driver/Inc/Legacy -I../Drivers/CMSIS/Device/ST/STM32L4xx/Include -I../Drivers/CMSIS/Include -O0 -ffunction-sections -fdata-sections -Wall -fstack-usage -MMD -MP -MF"Core/Src/parser.d" -MT"Core/Src/parser.o" --specs=nano.specs -mfpu=fpv4-sp-d16 -mfloat-abi=hard -mthumb -o "Core/Src/parser.o"
arm-none-eabi-gcc "../Core/Src/ring_buffer.c" -mcpu=cortex-m4 -std=gnu11 -g3 -DUSE_HAL_DRIVER -DDEBUG -DSTM32L432xx -c -I../Core/Inc -I../Drivers/STM32L4xx_HAL_Driver/Inc -I../Drivers/STM32L4xx_HAL_Driver/Inc/Legacy -I../Drivers/CMSIS/Device/ST/STM32L4xx/Include -I../Drivers/CMSIS/Include -O0 -ffunction-sections -fdata-sections -Wall -fstack-usage -MMD -MP -MF"Core/Src/ring_buffer.d" -MT"Core/Src/ring_buffer.o" --specs=nano.specs -mfpu=fpv4-sp-d16 -mfloat-abi=hard -mthumb -o "Core/Src/ring_buffer.o"
arm-none-eabi-gcc "../Core/Src/stm32l4xx_hal_msp.c" -mcpu=cortex-m4 -std=gnu11 -g3 -DUSE_HAL_DRIVER -DDEBUG -DSTM32L432xx -c -I../Core/Inc -I../Drivers/STM32L4xx_HAL_Driver/Inc -I../Drivers/STM32L4xx_HAL_Driver/Inc/Legacy -I../Drivers/CMSIS/Device/ST/STM32L4xx/Include -I../Drivers/CMSIS/Include -O0 -ffunction-sections -fdata-sections -Wall -fstack-usage -MMD -MP -MF"Core/Src/stm32l4xx_hal_msp.d" -MT"Core/Src/stm32l4xx_hal_msp.o" --specs=nano.specs -mfpu=fpv4-sp-d16 -mfloat-abi=hard -mthumb -o "Core/Src/stm32l4xx_hal_msp.o"
arm-none-eabi-gcc "../Core/Src/stm32l4xx_it.c" -mcpu=cortex-m4 -std=gnu11 -g3 -DUSE_HAL_DRIVER -DDEBUG -DSTM32L432xx -c -I../Core/Inc -I../Drivers/STM32L4xx_HAL_Driver/Inc -I../Drivers/STM32L4xx_HAL_Driver/Inc/Legacy -I../Drivers/CMSIS/Device/ST/STM32L4xx/Include -I../Drivers/CMSIS/Include -O0 -ffunction-sections -fdata-sections -Wall -fstack-usage -MMD -MP -MF"Core/Src/stm32l4xx_it.d" -MT"Core/Src/stm32l4xx_it.o" --specs=nano.specs -mfpu=fpv4-sp-d16 -mfloat-abi=hard -mthumb -o "Core/Src/stm32l4xx_it.o"
arm-none-eabi-gcc "../Core/Src/syscalls.c" -mcpu=cortex-m4 -std=gnu11 -g3 -DUSE_HAL_DRIVER -DDEBUG -DSTM32L432xx -c -I../Core/Inc -I../Drivers/STM32L4xx_HAL_Driver/Inc -I../Drivers/STM32L4xx_HAL_Driver/Inc/Legacy -I../Drivers/CMSIS/Device/ST/STM32L4xx/Include -I../Drivers/CMSIS/Include -O0 -ffunction-sections -fdata-sections -Wall -fstack-usage -MMD -MP -MF"Core/Src/syscalls.d" -MT"Core/Src/syscalls.o" --specs=nano.specs -mfpu=fpv4-sp-d16 -mfloat-abi=hard -mthumb -o "Core/Src/syscalls.o"
arm-none-eabi-gcc "../Core/Src/sysmem.c" -mcpu=cortex-m4 -std=gnu11 -g3 -DUSE_HAL_DRIVER -DDEBUG -DSTM32L432xx -c -I../Core/Inc -I../Drivers/STM32L4xx_HAL_Driver/Inc -I../Drivers/STM32L4xx_HAL_Driver/Inc/Legacy -I../Drivers/CMSIS/Device/ST/STM32L4xx/Include -I../Drivers/CMSIS/Include -O0 -ffunction-sections -fdata-sections -Wall -fstack-usage -MMD -MP -MF"Core/Src/sysmem.d" -MT"Core/Src/sysmem.o" --specs=nano.specs -mfpu=fpv4-sp-d16 -mfloat-abi=hard -mthumb -o "Core/Src/sysmem.o"
arm-none-eabi-gcc "../Core/Src/system_stm32l4xx.c" -mcpu=cortex-m4 -std=gnu11 -g3 -DUSE_HAL_DRIVER -DDEBUG -DSTM32L432xx -c -I../Core/Inc -I../Drivers/STM32L4xx_HAL_Driver/Inc -I../Drivers/STM32L4xx_HAL_Driver/Inc/Legacy -I../Drivers/CMSIS/Device/ST/STM32L4xx/Include -I../Drivers/CMSIS/Include -O0 -ffunction-sections -fdata-sections -Wall -fstack-usage -MMD -MP -MF"Core/Src/system_stm32l4xx.d" -MT"Core/Src/system_stm32l4xx.o" --specs=nano.specs -mfpu=fpv4-sp-d16 -mfloat-abi=hard -mthumb -o "Core/Src/system_stm32l4xx.o"
arm-none-eabi-gcc "../Core/Src/uartdma.c" -mcpu=cortex-m4 -std=gnu11 -g3 -DUSE_HAL_DRIVER -DDEBUG -DSTM32L432xx -c -I../Core/Inc -I../Drivers/STM32L4xx_HAL_Driver/Inc -I../Drivers/STM32L4xx_HAL_Driver/Inc/Legacy -I../Drivers/CMSIS/Device/ST/STM32L4xx/Include -I../Drivers/CMSIS/Include -O0 -ffunction-sections -fdata-sections -Wall -fstack-usage -MMD -MP -MF"Core/Src/uartdma.d" -MT"Core/Src/uartdma.o" --specs=nano.specs -mfpu=fpv4-sp-d16 -mfloat-abi=hard -mthumb -o "Core/Src/uartdma.o"
arm-none-eabi-gcc "../Core/Src/usart.c" -mcpu=cortex-m4 -std=gnu11 -g3 -DUSE_HAL_DRIVER -DDEBUG -DSTM32L432xx -c -I../Core/Inc -I../Drivers/STM32L4xx_HAL_Driver/Inc -I../Drivers/STM32L4xx_HAL_Driver/Inc/Legacy -I../Drivers/CMSIS/Device/ST/STM32L4xx/Include -I../Drivers/CMSIS/Include -O0 -ffunction-sections -fdata-sections -Wall -fstack-usage -MMD -MP -MF"Core/Src/usart.d" -MT"Core/Src/usart.o" --specs=nano.specs -mfpu=fpv4-sp-d16 -mfloat-abi=hard -mthumb -o "Core/Src/usart.o"
arm-none-eabi-gcc -o "STMars_modular_robot.elf" @"objects.list"   -mcpu=cortex-m4 -T"D:\STM32\STM32MARS\STMars_modular_robot\STM32L432KCUX_FLASH.ld" --specs=nosys.specs -Wl,-Map="STMars_modular_robot.map" -Wl,--gc-sections -static --specs=nano.specs -mfpu=fpv4-sp-d16 -mfloat-abi=hard -mthumb -u _printf_float -u _scanf_float -Wl,--start-group -lc -lm -Wl,--end-group
Finished building target: STMars_modular_robot.elf
 
arm-none-eabi-size   STMars_modular_robot.elf 
arm-none-eabi-objdump -h -S  STMars_modular_robot.elf  > "STMars_modular_robot.list"
arm-none-eabi-objcopy  -O binary  STMars_modular_robot.elf  "STMars_modular_robot.bin"
   text	   data	    bss	    dec	    hex	filename
  35384	    516	   2380	  38280	   9588	STMars_modular_robot.elf
Finished building: default.size.stdout
 
Finished building: STMars_modular_robot.bin
 
Finished building: STMars_modular_robot.list
 
20:15:45 **** Incremental Build of configuration Debug for project STMars_modular_robot ****
make -j4 all 
arm-none-eabi-size   STMars_modular_robot.elf 
   text	   data	    bss	    dec	    hex	filename
  35384	    516	   2380	  38280	   9588	STMars_modular_robot.elf
Finished building: default.size.stdout
 
20:19:33 **** Incremental Build of configuration Debug for project STMars_modular_robot ****
make -j4 all 
arm-none-eabi-gcc "../Core/Src/main.c" -mcpu=cortex-m4 -std=gnu11 -g3 -DUSE_HAL_DRIVER -DDEBUG -DSTM32L432xx -c -I../Core/Inc -I../Drivers/STM32L4xx_HAL_Driver/Inc -I../Drivers/STM32L4xx_HAL_Driver/Inc/Legacy -I../Drivers/CMSIS/Device/ST/STM32L4xx/Include -I../Drivers/CMSIS/Include -O0 -ffunction-sections -fdata-sections -Wall -fstack-usage -MMD -MP -MF"Core/Src/main.d" -MT"Core/Src/main.o" --specs=nano.specs -mfpu=fpv4-sp-d16 -mfloat-abi=hard -mthumb -o "Core/Src/main.o"
arm-none-eabi-gcc -o "STMars_modular_robot.elf" @"objects.list"   -mcpu=cortex-m4 -T"D:\STM32\STM32MARS\STMars_modular_robot\STM32L432KCUX_FLASH.ld" --specs=nosys.specs -Wl,-Map="STMars_modular_robot.map" -Wl,--gc-sections -static --specs=nano.specs -mfpu=fpv4-sp-d16 -mfloat-abi=hard -mthumb -u _printf_float -u _scanf_float -Wl,--start-group -lc -lm -Wl,--end-group
Finished building target: STMars_modular_robot.elf
 
arm-none-eabi-objdump -h -S  STMars_modular_robot.elf  > "STMars_modular_robot.list"
arm-none-eabi-objcopy  -O binary  STMars_modular_robot.elf  "STMars_modular_robot.bin"
arm-none-eabi-size   STMars_modular_robot.elf 
   text	   data	    bss	    dec	    hex	filename
  34880	    516	   2380	  37776	   9390	STMars_modular_robot.elf
Finished building: default.size.stdout
 
Finished building: STMars_modular_robot.bin
 
Finished building: STMars_modular_robot.list
 
20:19:38 **** Incremental Build of configuration Debug for project STMars_modular_robot ****
make -j4 all 
arm-none-eabi-size   STMars_modular_robot.elf 
   text	   data	    bss	    dec	    hex	filename
  34880	    516	   2380	  37776	   9390	STMars_modular_robot.elf
Finished building: default.size.stdout
 
20:30:17 **** Incremental Build of configuration Debug for project 14_msm_nuc_UART_DMA_RX_TX_Pars2 ****
make -j4 all 
arm-none-eabi-size   14_msm_nuc_UART_DMA_RX_TX_Pars2.elf 
   text	   data	    bss	    dec	    hex	filename
  32420	    516	   2236	  35172	   8964	14_msm_nuc_UART_DMA_RX_TX_Pars2.elf
Finished building: default.size.stdout
 
21:05:26 **** Incremental Build of configuration Debug for project 14_msm_nuc_UART_DMA_RX_TX_Pars2 ****
make -j4 all 
arm-none-eabi-size   14_msm_nuc_UART_DMA_RX_TX_Pars2.elf 
   text	   data	    bss	    dec	    hex	filename
  32420	    516	   2236	  35172	   8964	14_msm_nuc_UART_DMA_RX_TX_Pars2.elf
Finished building: default.size.stdout
 
21:05:26 **** Incremental Build of configuration Debug for project STMars_modular_robot ****
make -j4 all 
arm-none-eabi-gcc "../Core/Src/main.c" -mcpu=cortex-m4 -std=gnu11 -g3 -DUSE_HAL_DRIVER -DDEBUG -DSTM32L432xx -c -I../Core/Inc -I../Drivers/STM32L4xx_HAL_Driver/Inc -I../Drivers/STM32L4xx_HAL_Driver/Inc/Legacy -I../Drivers/CMSIS/Device/ST/STM32L4xx/Include -I../Drivers/CMSIS/Include -O0 -ffunction-sections -fdata-sections -Wall -fstack-usage -MMD -MP -MF"Core/Src/main.d" -MT"Core/Src/main.o" --specs=nano.specs -mfpu=fpv4-sp-d16 -mfloat-abi=hard -mthumb -o "Core/Src/main.o"
arm-none-eabi-gcc "../Core/Src/parser.c" -mcpu=cortex-m4 -std=gnu11 -g3 -DUSE_HAL_DRIVER -DDEBUG -DSTM32L432xx -c -I../Core/Inc -I../Drivers/STM32L4xx_HAL_Driver/Inc -I../Drivers/STM32L4xx_HAL_Driver/Inc/Legacy -I../Drivers/CMSIS/Device/ST/STM32L4xx/Include -I../Drivers/CMSIS/Include -O0 -ffunction-sections -fdata-sections -Wall -fstack-usage -MMD -MP -MF"Core/Src/parser.d" -MT"Core/Src/parser.o" --specs=nano.specs -mfpu=fpv4-sp-d16 -mfloat-abi=hard -mthumb -o "Core/Src/parser.o"
arm-none-eabi-gcc "../Core/Src/stm32l4xx_it.c" -mcpu=cortex-m4 -std=gnu11 -g3 -DUSE_HAL_DRIVER -DDEBUG -DSTM32L432xx -c -I../Core/Inc -I../Drivers/STM32L4xx_HAL_Driver/Inc -I../Drivers/STM32L4xx_HAL_Driver/Inc/Legacy -I../Drivers/CMSIS/Device/ST/STM32L4xx/Include -I../Drivers/CMSIS/Include -O0 -ffunction-sections -fdata-sections -Wall -fstack-usage -MMD -MP -MF"Core/Src/stm32l4xx_it.d" -MT"Core/Src/stm32l4xx_it.o" --specs=nano.specs -mfpu=fpv4-sp-d16 -mfloat-abi=hard -mthumb -o "Core/Src/stm32l4xx_it.o"
arm-none-eabi-gcc "../Core/Src/uartdma.c" -mcpu=cortex-m4 -std=gnu11 -g3 -DUSE_HAL_DRIVER -DDEBUG -DSTM32L432xx -c -I../Core/Inc -I../Drivers/STM32L4xx_HAL_Driver/Inc -I../Drivers/STM32L4xx_HAL_Driver/Inc/Legacy -I../Drivers/CMSIS/Device/ST/STM32L4xx/Include -I../Drivers/CMSIS/Include -O0 -ffunction-sections -fdata-sections -Wall -fstack-usage -MMD -MP -MF"Core/Src/uartdma.d" -MT"Core/Src/uartdma.o" --specs=nano.specs -mfpu=fpv4-sp-d16 -mfloat-abi=hard -mthumb -o "Core/Src/uartdma.o"
arm-none-eabi-gcc -o "STMars_modular_robot.elf" @"objects.list"   -mcpu=cortex-m4 -T"D:\STM32\STM32MARS\STMars_modular_robot\STM32L432KCUX_FLASH.ld" --specs=nosys.specs -Wl,-Map="STMars_modular_robot.map" -Wl,--gc-sections -static --specs=nano.specs -mfpu=fpv4-sp-d16 -mfloat-abi=hard -mthumb -u _printf_float -u _scanf_float -Wl,--start-group -lc -lm -Wl,--end-group
Finished building target: STMars_modular_robot.elf
 
arm-none-eabi-objdump -h -S  STMars_modular_robot.elf  > "STMars_modular_robot.list"
arm-none-eabi-objcopy  -O binary  STMars_modular_robot.elf  "STMars_modular_robot.bin"
arm-none-eabi-size   STMars_modular_robot.elf 
   text	   data	    bss	    dec	    hex	filename
  34880	    516	   2380	  37776	   9390	STMars_modular_robot.elf
Finished building: default.size.stdout
 
Finished building: STMars_modular_robot.bin
 
Finished building: STMars_modular_robot.list
 
21:05:32 **** Incremental Build of configuration Debug for project STMars_modular_robot ****
make -j4 all 
arm-none-eabi-size   STMars_modular_robot.elf 
   text	   data	    bss	    dec	    hex	filename
  34880	    516	   2380	  37776	   9390	STMars_modular_robot.elf
Finished building: default.size.stdout
 
21:08:06 **** Incremental Build of configuration Debug for project STMars_modular_robot ****
make -j4 all 
arm-none-eabi-size   STMars_modular_robot.elf 
   text	   data	    bss	    dec	    hex	filename
  34880	    516	   2380	  37776	   9390	STMars_modular_robot.elf
Finished building: default.size.stdout
 
21:08:15 **** Incremental Build of configuration Debug for project STMars_modular_robot ****
make -j4 all 
arm-none-eabi-size   STMars_modular_robot.elf 
   text	   data	    bss	    dec	    hex	filename
  34880	    516	   2380	  37776	   9390	STMars_modular_robot.elf
Finished building: default.size.stdout
 
21:19:11 **** Incremental Build of configuration Debug for project 14_msm_nuc_UART_DMA_RX_TX_Pars2 ****
make -j4 all 
arm-none-eabi-size   14_msm_nuc_UART_DMA_RX_TX_Pars2.elf 
   text	   data	    bss	    dec	    hex	filename
  32420	    516	   2236	  35172	   8964	14_msm_nuc_UART_DMA_RX_TX_Pars2.elf
Finished building: default.size.stdout
 
21:19:11 **** Incremental Build of configuration Debug for project STMars_modular_robot ****
make -j4 all 
arm-none-eabi-gcc "../Core/Src/uartdma.c" -mcpu=cortex-m4 -std=gnu11 -g3 -DUSE_HAL_DRIVER -DDEBUG -DSTM32L432xx -c -I../Core/Inc -I../Drivers/STM32L4xx_HAL_Driver/Inc -I../Drivers/STM32L4xx_HAL_Driver/Inc/Legacy -I../Drivers/CMSIS/Device/ST/STM32L4xx/Include -I../Drivers/CMSIS/Include -O0 -ffunction-sections -fdata-sections -Wall -fstack-usage -MMD -MP -MF"Core/Src/uartdma.d" -MT"Core/Src/uartdma.o" --specs=nano.specs -mfpu=fpv4-sp-d16 -mfloat-abi=hard -mthumb -o "Core/Src/uartdma.o"
arm-none-eabi-gcc -o "STMars_modular_robot.elf" @"objects.list"   -mcpu=cortex-m4 -T"D:\STM32\STM32MARS\STMars_modular_robot\STM32L432KCUX_FLASH.ld" --specs=nosys.specs -Wl,-Map="STMars_modular_robot.map" -Wl,--gc-sections -static --specs=nano.specs -mfpu=fpv4-sp-d16 -mfloat-abi=hard -mthumb -u _printf_float -u _scanf_float -Wl,--start-group -lc -lm -Wl,--end-group
Core/Src/main.o: In function `main':
D:/STM32/STM32MARS/STMars_modular_robot/Debug/../Core/Src/main.c:100: undefined reference to `UARTDMA_IsDataReceivedReady'
Core/Src/parser.o: In function `UART_ParseLED':
D:/STM32/STM32MARS/STMars_modular_robot/Debug/../Core/Src/parser.c:37: undefined reference to `UARTDMA_Print'
D:/STM32/STM32MARS/STMars_modular_robot/Debug/../Core/Src/parser.c:46: undefined reference to `UARTDMA_Print'
D:/STM32/STM32MARS/STMars_modular_robot/Debug/../Core/Src/parser.c:51: undefined reference to `UARTDMA_Print'
D:/STM32/STM32MARS/STMars_modular_robot/Debug/../Core/Src/parser.c:55: undefined reference to `UARTDMA_Print'
Core/Src/parser.o: In function `UART_ParseENV':
D:/STM32/STM32MARS/STMars_modular_robot/Debug/../Core/Src/parser.c:79: undefined reference to `UARTDMA_Print'
Core/Src/parser.o:D:/STM32/STM32MARS/STMars_modular_robot/Debug/../Core/Src/parser.c:89: more undefined references to `UARTDMA_Print' follow
Core/Src/parser.o: In function `UART_ParseLine':
D:/STM32/STM32MARS/STMars_modular_robot/Debug/../Core/Src/parser.c:146: undefined reference to `UARTDMA_GetLineFromReceiveBuffer'
Core/Src/stm32l4xx_it.o: In function `DMA1_Channel5_IRQHandler':
D:/STM32/STM32MARS/STMars_modular_robot/Debug/../Core/Src/stm32l4xx_it.c:225: undefined reference to `UARTDMA_DmaReceiveIrqHandler'
Core/Src/stm32l4xx_it.o: In function `USART1_IRQHandler':
D:/STM32/STM32MARS/STMars_modular_robot/Debug/../Core/Src/stm32l4xx_it.c:240: undefined reference to `UARTDMA_UartIrqHandler'
collect2.exe: error: ld returned 1 exit status
make: *** [makefile:58: STMars_modular_robot.elf] Error 1
"make -j4 all" terminated with exit code 2. Build might be incomplete.
21:19:53 **** Incremental Build of configuration Debug for project 14_msm_nuc_UART_DMA_RX_TX_Pars2 ****
make -j4 all 
arm-none-eabi-size   14_msm_nuc_UART_DMA_RX_TX_Pars2.elf 
   text	   data	    bss	    dec	    hex	filename
  32420	    516	   2236	  35172	   8964	14_msm_nuc_UART_DMA_RX_TX_Pars2.elf
Finished building: default.size.stdout
 
21:19:53 **** Incremental Build of configuration Debug for project STMars_modular_robot ****
make -j4 all 
arm-none-eabi-gcc "../Core/Src/main.c" -mcpu=cortex-m4 -std=gnu11 -g3 -DUSE_HAL_DRIVER -DDEBUG -DSTM32L432xx -c -I../Core/Inc -I../Drivers/STM32L4xx_HAL_Driver/Inc -I../Drivers/STM32L4xx_HAL_Driver/Inc/Legacy -I../Drivers/CMSIS/Device/ST/STM32L4xx/Include -I../Drivers/CMSIS/Include -O0 -ffunction-sections -fdata-sections -Wall -fstack-usage -MMD -MP -MF"Core/Src/main.d" -MT"Core/Src/main.o" --specs=nano.specs -mfpu=fpv4-sp-d16 -mfloat-abi=hard -mthumb -o "Core/Src/main.o"
arm-none-eabi-gcc -o "STMars_modular_robot.elf" @"objects.list"   -mcpu=cortex-m4 -T"D:\STM32\STM32MARS\STMars_modular_robot\STM32L432KCUX_FLASH.ld" --specs=nosys.specs -Wl,-Map="STMars_modular_robot.map" -Wl,--gc-sections -static --specs=nano.specs -mfpu=fpv4-sp-d16 -mfloat-abi=hard -mthumb -u _printf_float -u _scanf_float -Wl,--start-group -lc -lm -Wl,--end-group
Core/Src/stm32l4xx_it.o: In function `DMA1_Channel5_IRQHandler':
D:/STM32/STM32MARS/STMars_modular_robot/Debug/../Core/Src/stm32l4xx_it.c:225: undefined reference to `UARTDMA_DmaReceiveIrqHandler'
Core/Src/stm32l4xx_it.o: In function `USART1_IRQHandler':
D:/STM32/STM32MARS/STMars_modular_robot/Debug/../Core/Src/stm32l4xx_it.c:240: undefined reference to `UARTDMA_UartIrqHandler'
collect2.exe: error: ld returned 1 exit status
make: *** [makefile:58: STMars_modular_robot.elf] Error 1
"make -j4 all" terminated with exit code 2. Build might be incomplete.
21:20:13 **** Incremental Build of configuration Debug for project 14_msm_nuc_UART_DMA_RX_TX_Pars2 ****
make -j4 all 
arm-none-eabi-size   14_msm_nuc_UART_DMA_RX_TX_Pars2.elf 
   text	   data	    bss	    dec	    hex	filename
  32420	    516	   2236	  35172	   8964	14_msm_nuc_UART_DMA_RX_TX_Pars2.elf
Finished building: default.size.stdout
 
21:20:13 **** Incremental Build of configuration Debug for project STMars_modular_robot ****
make -j4 all 
arm-none-eabi-gcc "../Core/Src/stm32l4xx_it.c" -mcpu=cortex-m4 -std=gnu11 -g3 -DUSE_HAL_DRIVER -DDEBUG -DSTM32L432xx -c -I../Core/Inc -I../Drivers/STM32L4xx_HAL_Driver/Inc -I../Drivers/STM32L4xx_HAL_Driver/Inc/Legacy -I../Drivers/CMSIS/Device/ST/STM32L4xx/Include -I../Drivers/CMSIS/Include -O0 -ffunction-sections -fdata-sections -Wall -fstack-usage -MMD -MP -MF"Core/Src/stm32l4xx_it.d" -MT"Core/Src/stm32l4xx_it.o" --specs=nano.specs -mfpu=fpv4-sp-d16 -mfloat-abi=hard -mthumb -o "Core/Src/stm32l4xx_it.o"
arm-none-eabi-gcc -o "STMars_modular_robot.elf" @"objects.list"   -mcpu=cortex-m4 -T"D:\STM32\STM32MARS\STMars_modular_robot\STM32L432KCUX_FLASH.ld" --specs=nosys.specs -Wl,-Map="STMars_modular_robot.map" -Wl,--gc-sections -static --specs=nano.specs -mfpu=fpv4-sp-d16 -mfloat-abi=hard -mthumb -u _printf_float -u _scanf_float -Wl,--start-group -lc -lm -Wl,--end-group
Finished building target: STMars_modular_robot.elf
 
arm-none-eabi-objdump -h -S  STMars_modular_robot.elf  > "STMars_modular_robot.list"
arm-none-eabi-objcopy  -O binary  STMars_modular_robot.elf  "STMars_modular_robot.bin"
arm-none-eabi-size   STMars_modular_robot.elf 
   text	   data	    bss	    dec	    hex	filename
  32680	    484	   2316	  35480	   8a98	STMars_modular_robot.elf
Finished building: default.size.stdout
 
Finished building: STMars_modular_robot.bin
 
Finished building: STMars_modular_robot.list
 
21:20:24 **** Incremental Build of configuration Debug for project 14_msm_nuc_UART_DMA_RX_TX_Pars2 ****
make -j4 all 
arm-none-eabi-size   14_msm_nuc_UART_DMA_RX_TX_Pars2.elf 
   text	   data	    bss	    dec	    hex	filename
  32420	    516	   2236	  35172	   8964	14_msm_nuc_UART_DMA_RX_TX_Pars2.elf
Finished building: default.size.stdout
 
21:20:24 **** Incremental Build of configuration Debug for project STMars_modular_robot ****
make -j4 all 
arm-none-eabi-size   STMars_modular_robot.elf 
   text	   data	    bss	    dec	    hex	filename
  32680	    484	   2316	  35480	   8a98	STMars_modular_robot.elf
Finished building: default.size.stdout
 
21:20:27 **** Incremental Build of configuration Debug for project STMars_modular_robot ****
make -j4 all 
arm-none-eabi-size   STMars_modular_robot.elf 
   text	   data	    bss	    dec	    hex	filename
  32680	    484	   2316	  35480	   8a98	STMars_modular_robot.elf
Finished building: default.size.stdout
 
21:21:53 **** Incremental Build of configuration Debug for project 14_msm_nuc_UART_DMA_RX_TX_Pars2 ****
make -j4 all 
arm-none-eabi-size   14_msm_nuc_UART_DMA_RX_TX_Pars2.elf 
   text	   data	    bss	    dec	    hex	filename
  32420	    516	   2236	  35172	   8964	14_msm_nuc_UART_DMA_RX_TX_Pars2.elf
Finished building: default.size.stdout
 
21:21:53 **** Incremental Build of configuration Debug for project STMars_modular_robot ****
make -j4 all 
arm-none-eabi-gcc "../Core/Src/stm32l4xx_it.c" -mcpu=cortex-m4 -std=gnu11 -g3 -DUSE_HAL_DRIVER -DDEBUG -DSTM32L432xx -c -I../Core/Inc -I../Drivers/STM32L4xx_HAL_Driver/Inc -I../Drivers/STM32L4xx_HAL_Driver/Inc/Legacy -I../Drivers/CMSIS/Device/ST/STM32L4xx/Include -I../Drivers/CMSIS/Include -O0 -ffunction-sections -fdata-sections -Wall -fstack-usage -MMD -MP -MF"Core/Src/stm32l4xx_it.d" -MT"Core/Src/stm32l4xx_it.o" --specs=nano.specs -mfpu=fpv4-sp-d16 -mfloat-abi=hard -mthumb -o "Core/Src/stm32l4xx_it.o"
arm-none-eabi-gcc "../Core/Src/uartdma.c" -mcpu=cortex-m4 -std=gnu11 -g3 -DUSE_HAL_DRIVER -DDEBUG -DSTM32L432xx -c -I../Core/Inc -I../Drivers/STM32L4xx_HAL_Driver/Inc -I../Drivers/STM32L4xx_HAL_Driver/Inc/Legacy -I../Drivers/CMSIS/Device/ST/STM32L4xx/Include -I../Drivers/CMSIS/Include -O0 -ffunction-sections -fdata-sections -Wall -fstack-usage -MMD -MP -MF"Core/Src/uartdma.d" -MT"Core/Src/uartdma.o" --specs=nano.specs -mfpu=fpv4-sp-d16 -mfloat-abi=hard -mthumb -o "Core/Src/uartdma.o"
arm-none-eabi-gcc -o "STMars_modular_robot.elf" @"objects.list"   -mcpu=cortex-m4 -T"D:\STM32\STM32MARS\STMars_modular_robot\STM32L432KCUX_FLASH.ld" --specs=nosys.specs -Wl,-Map="STMars_modular_robot.map" -Wl,--gc-sections -static --specs=nano.specs -mfpu=fpv4-sp-d16 -mfloat-abi=hard -mthumb -u _printf_float -u _scanf_float -Wl,--start-group -lc -lm -Wl,--end-group
Finished building target: STMars_modular_robot.elf
 
arm-none-eabi-objdump -h -S  STMars_modular_robot.elf  > "STMars_modular_robot.list"
arm-none-eabi-objcopy  -O binary  STMars_modular_robot.elf  "STMars_modular_robot.bin"
arm-none-eabi-size   STMars_modular_robot.elf 
   text	   data	    bss	    dec	    hex	filename
  33080	    484	   2316	  35880	   8c28	STMars_modular_robot.elf
Finished building: default.size.stdout
 
Finished building: STMars_modular_robot.bin
 
Finished building: STMars_modular_robot.list
 
21:36:38 **** Incremental Build of configuration Debug for project 14_msm_nuc_UART_DMA_RX_TX_Pars2 ****
make -j4 all 
arm-none-eabi-size   14_msm_nuc_UART_DMA_RX_TX_Pars2.elf 
   text	   data	    bss	    dec	    hex	filename
  32420	    516	   2236	  35172	   8964	14_msm_nuc_UART_DMA_RX_TX_Pars2.elf
Finished building: default.size.stdout
 
21:36:39 **** Incremental Build of configuration Debug for project STMars_modular_robot ****
make -j4 all 
arm-none-eabi-gcc "../Core/Src/main.c" -mcpu=cortex-m4 -std=gnu11 -g3 -DUSE_HAL_DRIVER -DDEBUG -DSTM32L432xx -c -I../Core/Inc -I../Drivers/STM32L4xx_HAL_Driver/Inc -I../Drivers/STM32L4xx_HAL_Driver/Inc/Legacy -I../Drivers/CMSIS/Device/ST/STM32L4xx/Include -I../Drivers/CMSIS/Include -O0 -ffunction-sections -fdata-sections -Wall -fstack-usage -MMD -MP -MF"Core/Src/main.d" -MT"Core/Src/main.o" --specs=nano.specs -mfpu=fpv4-sp-d16 -mfloat-abi=hard -mthumb -o "Core/Src/main.o"
arm-none-eabi-gcc "../Core/Src/uartdma.c" -mcpu=cortex-m4 -std=gnu11 -g3 -DUSE_HAL_DRIVER -DDEBUG -DSTM32L432xx -c -I../Core/Inc -I../Drivers/STM32L4xx_HAL_Driver/Inc -I../Drivers/STM32L4xx_HAL_Driver/Inc/Legacy -I../Drivers/CMSIS/Device/ST/STM32L4xx/Include -I../Drivers/CMSIS/Include -O0 -ffunction-sections -fdata-sections -Wall -fstack-usage -MMD -MP -MF"Core/Src/uartdma.d" -MT"Core/Src/uartdma.o" --specs=nano.specs -mfpu=fpv4-sp-d16 -mfloat-abi=hard -mthumb -o "Core/Src/uartdma.o"
arm-none-eabi-gcc -o "STMars_modular_robot.elf" @"objects.list"   -mcpu=cortex-m4 -T"D:\STM32\STM32MARS\STMars_modular_robot\STM32L432KCUX_FLASH.ld" --specs=nosys.specs -Wl,-Map="STMars_modular_robot.map" -Wl,--gc-sections -static --specs=nano.specs -mfpu=fpv4-sp-d16 -mfloat-abi=hard -mthumb -u _printf_float -u _scanf_float -Wl,--start-group -lc -lm -Wl,--end-group
Finished building target: STMars_modular_robot.elf
 
arm-none-eabi-objdump -h -S  STMars_modular_robot.elf  > "STMars_modular_robot.list"
arm-none-eabi-objcopy  -O binary  STMars_modular_robot.elf  "STMars_modular_robot.bin"
arm-none-eabi-size   STMars_modular_robot.elf 
   text	   data	    bss	    dec	    hex	filename
  34872	    516	   2380	  37768	   9388	STMars_modular_robot.elf
Finished building: default.size.stdout
 
Finished building: STMars_modular_robot.bin
 
Finished building: STMars_modular_robot.list
 
22:18:42 **** Incremental Build of configuration Debug for project 14_msm_nuc_UART_DMA_RX_TX_Pars2 ****
make -j4 all 
arm-none-eabi-size   14_msm_nuc_UART_DMA_RX_TX_Pars2.elf 
   text	   data	    bss	    dec	    hex	filename
  32420	    516	   2236	  35172	   8964	14_msm_nuc_UART_DMA_RX_TX_Pars2.elf
Finished building: default.size.stdout
 
22:18:42 **** Incremental Build of configuration Debug for project STMars_modular_robot ****
make -j4 all 
arm-none-eabi-gcc "../Core/Src/main.c" -mcpu=cortex-m4 -std=gnu11 -g3 -DUSE_HAL_DRIVER -DDEBUG -DSTM32L432xx -c -I../Core/Inc -I../Drivers/STM32L4xx_HAL_Driver/Inc -I../Drivers/STM32L4xx_HAL_Driver/Inc/Legacy -I../Drivers/CMSIS/Device/ST/STM32L4xx/Include -I../Drivers/CMSIS/Include -O0 -ffunction-sections -fdata-sections -Wall -fstack-usage -MMD -MP -MF"Core/Src/main.d" -MT"Core/Src/main.o" --specs=nano.specs -mfpu=fpv4-sp-d16 -mfloat-abi=hard -mthumb -o "Core/Src/main.o"
arm-none-eabi-gcc "../Core/Src/stm32l4xx_it.c" -mcpu=cortex-m4 -std=gnu11 -g3 -DUSE_HAL_DRIVER -DDEBUG -DSTM32L432xx -c -I../Core/Inc -I../Drivers/STM32L4xx_HAL_Driver/Inc -I../Drivers/STM32L4xx_HAL_Driver/Inc/Legacy -I../Drivers/CMSIS/Device/ST/STM32L4xx/Include -I../Drivers/CMSIS/Include -O0 -ffunction-sections -fdata-sections -Wall -fstack-usage -MMD -MP -MF"Core/Src/stm32l4xx_it.d" -MT"Core/Src/stm32l4xx_it.o" --specs=nano.specs -mfpu=fpv4-sp-d16 -mfloat-abi=hard -mthumb -o "Core/Src/stm32l4xx_it.o"
arm-none-eabi-gcc "../Core/Src/uartdma.c" -mcpu=cortex-m4 -std=gnu11 -g3 -DUSE_HAL_DRIVER -DDEBUG -DSTM32L432xx -c -I../Core/Inc -I../Drivers/STM32L4xx_HAL_Driver/Inc -I../Drivers/STM32L4xx_HAL_Driver/Inc/Legacy -I../Drivers/CMSIS/Device/ST/STM32L4xx/Include -I../Drivers/CMSIS/Include -O0 -ffunction-sections -fdata-sections -Wall -fstack-usage -MMD -MP -MF"Core/Src/uartdma.d" -MT"Core/Src/uartdma.o" --specs=nano.specs -mfpu=fpv4-sp-d16 -mfloat-abi=hard -mthumb -o "Core/Src/uartdma.o"
arm-none-eabi-gcc -o "STMars_modular_robot.elf" @"objects.list"   -mcpu=cortex-m4 -T"D:\STM32\STM32MARS\STMars_modular_robot\STM32L432KCUX_FLASH.ld" --specs=nosys.specs -Wl,-Map="STMars_modular_robot.map" -Wl,--gc-sections -static --specs=nano.specs -mfpu=fpv4-sp-d16 -mfloat-abi=hard -mthumb -u _printf_float -u _scanf_float -Wl,--start-group -lc -lm -Wl,--end-group
Finished building target: STMars_modular_robot.elf
 
arm-none-eabi-objdump -h -S  STMars_modular_robot.elf  > "STMars_modular_robot.list"
arm-none-eabi-objcopy  -O binary  STMars_modular_robot.elf  "STMars_modular_robot.bin"
arm-none-eabi-size   STMars_modular_robot.elf 
   text	   data	    bss	    dec	    hex	filename
  34480	    516	   2380	  37376	   9200	STMars_modular_robot.elf
Finished building: default.size.stdout
 
Finished building: STMars_modular_robot.bin
 
Finished building: STMars_modular_robot.list
 
22:18:56 **** Incremental Build of configuration Debug for project STMars_modular_robot ****
make -j4 all 
arm-none-eabi-size   STMars_modular_robot.elf 
   text	   data	    bss	    dec	    hex	filename
  34480	    516	   2380	  37376	   9200	STMars_modular_robot.elf
Finished building: default.size.stdout
 
22:25:57 **** Incremental Build of configuration Debug for project 14_msm_nuc_UART_DMA_RX_TX_Pars2 ****
make -j4 all 
arm-none-eabi-size   14_msm_nuc_UART_DMA_RX_TX_Pars2.elf 
   text	   data	    bss	    dec	    hex	filename
  32420	    516	   2236	  35172	   8964	14_msm_nuc_UART_DMA_RX_TX_Pars2.elf
Finished building: default.size.stdout
 
22:25:58 **** Incremental Build of configuration Debug for project STMars_modular_robot ****
make -j4 all 
arm-none-eabi-gcc "../Core/Src/main.c" -mcpu=cortex-m4 -std=gnu11 -g3 -DUSE_HAL_DRIVER -DDEBUG -DSTM32L432xx -c -I../Core/Inc -I../Drivers/STM32L4xx_HAL_Driver/Inc -I../Drivers/STM32L4xx_HAL_Driver/Inc/Legacy -I../Drivers/CMSIS/Device/ST/STM32L4xx/Include -I../Drivers/CMSIS/Include -O0 -ffunction-sections -fdata-sections -Wall -fstack-usage -MMD -MP -MF"Core/Src/main.d" -MT"Core/Src/main.o" --specs=nano.specs -mfpu=fpv4-sp-d16 -mfloat-abi=hard -mthumb -o "Core/Src/main.o"
../Core/Src/main.c:184:13: warning: 'MX_NVIC_Init' defined but not used [-Wunused-function]
 static void MX_NVIC_Init(void)
             ^~~~~~~~~~~~
arm-none-eabi-gcc -o "STMars_modular_robot.elf" @"objects.list"   -mcpu=cortex-m4 -T"D:\STM32\STM32MARS\STMars_modular_robot\STM32L432KCUX_FLASH.ld" --specs=nosys.specs -Wl,-Map="STMars_modular_robot.map" -Wl,--gc-sections -static --specs=nano.specs -mfpu=fpv4-sp-d16 -mfloat-abi=hard -mthumb -u _printf_float -u _scanf_float -Wl,--start-group -lc -lm -Wl,--end-group
Finished building target: STMars_modular_robot.elf
 
arm-none-eabi-objdump -h -S  STMars_modular_robot.elf  > "STMars_modular_robot.list"
arm-none-eabi-objcopy  -O binary  STMars_modular_robot.elf  "STMars_modular_robot.bin"
arm-none-eabi-size   STMars_modular_robot.elf 
   text	   data	    bss	    dec	    hex	filename
  34328	    516	   2380	  37224	   9168	STMars_modular_robot.elf
Finished building: default.size.stdout
 
Finished building: STMars_modular_robot.bin
 
Finished building: STMars_modular_robot.list
 
22:26:12 **** Incremental Build of configuration Debug for project STMars_modular_robot ****
make -j4 all 
arm-none-eabi-size   STMars_modular_robot.elf 
   text	   data	    bss	    dec	    hex	filename
  34328	    516	   2380	  37224	   9168	STMars_modular_robot.elf
Finished building: default.size.stdout
 
22:39:03 **** Incremental Build of configuration Debug for project 14_msm_nuc_UART_DMA_RX_TX_Pars2 ****
make -j4 all 
arm-none-eabi-size   14_msm_nuc_UART_DMA_RX_TX_Pars2.elf 
   text	   data	    bss	    dec	    hex	filename
  32420	    516	   2236	  35172	   8964	14_msm_nuc_UART_DMA_RX_TX_Pars2.elf
Finished building: default.size.stdout
 
22:39:03 **** Incremental Build of configuration Debug for project STMars_modular_robot ****
make -j4 all 
arm-none-eabi-gcc "../Core/Src/main.c" -mcpu=cortex-m4 -std=gnu11 -g3 -DUSE_HAL_DRIVER -DDEBUG -DSTM32L432xx -c -I../Core/Inc -I../Drivers/STM32L4xx_HAL_Driver/Inc -I../Drivers/STM32L4xx_HAL_Driver/Inc/Legacy -I../Drivers/CMSIS/Device/ST/STM32L4xx/Include -I../Drivers/CMSIS/Include -O0 -ffunction-sections -fdata-sections -Wall -fstack-usage -MMD -MP -MF"Core/Src/main.d" -MT"Core/Src/main.o" --specs=nano.specs -mfpu=fpv4-sp-d16 -mfloat-abi=hard -mthumb -o "Core/Src/main.o"
arm-none-eabi-gcc "../Core/Src/uartdma.c" -mcpu=cortex-m4 -std=gnu11 -g3 -DUSE_HAL_DRIVER -DDEBUG -DSTM32L432xx -c -I../Core/Inc -I../Drivers/STM32L4xx_HAL_Driver/Inc -I../Drivers/STM32L4xx_HAL_Driver/Inc/Legacy -I../Drivers/CMSIS/Device/ST/STM32L4xx/Include -I../Drivers/CMSIS/Include -O0 -ffunction-sections -fdata-sections -Wall -fstack-usage -MMD -MP -MF"Core/Src/uartdma.d" -MT"Core/Src/uartdma.o" --specs=nano.specs -mfpu=fpv4-sp-d16 -mfloat-abi=hard -mthumb -o "Core/Src/uartdma.o"
../Core/Src/main.c:184:13: warning: 'MX_NVIC_Init' defined but not used [-Wunused-function]
 static void MX_NVIC_Init(void)
             ^~~~~~~~~~~~
arm-none-eabi-gcc -o "STMars_modular_robot.elf" @"objects.list"   -mcpu=cortex-m4 -T"D:\STM32\STM32MARS\STMars_modular_robot\STM32L432KCUX_FLASH.ld" --specs=nosys.specs -Wl,-Map="STMars_modular_robot.map" -Wl,--gc-sections -static --specs=nano.specs -mfpu=fpv4-sp-d16 -mfloat-abi=hard -mthumb -u _printf_float -u _scanf_float -Wl,--start-group -lc -lm -Wl,--end-group
Finished building target: STMars_modular_robot.elf
 
arm-none-eabi-objdump -h -S  STMars_modular_robot.elf  > "STMars_modular_robot.list"
arm-none-eabi-objcopy  -O binary  STMars_modular_robot.elf  "STMars_modular_robot.bin"
arm-none-eabi-size   STMars_modular_robot.elf 
   text	   data	    bss	    dec	    hex	filename
  33808	    516	   2380	  36704	   8f60	STMars_modular_robot.elf
Finished building: default.size.stdout
 
Finished building: STMars_modular_robot.bin
 
Finished building: STMars_modular_robot.list
 
22:39:10 **** Incremental Build of configuration Debug for project STMars_modular_robot ****
make -j4 all 
arm-none-eabi-size   STMars_modular_robot.elf 
   text	   data	    bss	    dec	    hex	filename
  33808	    516	   2380	  36704	   8f60	STMars_modular_robot.elf
Finished building: default.size.stdout
 
22:42:22 **** Incremental Build of configuration Debug for project 14_msm_nuc_UART_DMA_RX_TX_Pars2 ****
make -j4 all 
arm-none-eabi-size   14_msm_nuc_UART_DMA_RX_TX_Pars2.elf 
   text	   data	    bss	    dec	    hex	filename
  32420	    516	   2236	  35172	   8964	14_msm_nuc_UART_DMA_RX_TX_Pars2.elf
Finished building: default.size.stdout
 
22:42:22 **** Incremental Build of configuration Debug for project STMars_modular_robot ****
make -j4 all 
arm-none-eabi-gcc "../Core/Src/main.c" -mcpu=cortex-m4 -std=gnu11 -g3 -DUSE_HAL_DRIVER -DDEBUG -DSTM32L432xx -c -I../Core/Inc -I../Drivers/STM32L4xx_HAL_Driver/Inc -I../Drivers/STM32L4xx_HAL_Driver/Inc/Legacy -I../Drivers/CMSIS/Device/ST/STM32L4xx/Include -I../Drivers/CMSIS/Include -O0 -ffunction-sections -fdata-sections -Wall -fstack-usage -MMD -MP -MF"Core/Src/main.d" -MT"Core/Src/main.o" --specs=nano.specs -mfpu=fpv4-sp-d16 -mfloat-abi=hard -mthumb -o "Core/Src/main.o"
../Core/Src/main.c:184:13: warning: 'MX_NVIC_Init' defined but not used [-Wunused-function]
 static void MX_NVIC_Init(void)
             ^~~~~~~~~~~~
arm-none-eabi-gcc -o "STMars_modular_robot.elf" @"objects.list"   -mcpu=cortex-m4 -T"D:\STM32\STM32MARS\STMars_modular_robot\STM32L432KCUX_FLASH.ld" --specs=nosys.specs -Wl,-Map="STMars_modular_robot.map" -Wl,--gc-sections -static --specs=nano.specs -mfpu=fpv4-sp-d16 -mfloat-abi=hard -mthumb -u _printf_float -u _scanf_float -Wl,--start-group -lc -lm -Wl,--end-group
Finished building target: STMars_modular_robot.elf
 
arm-none-eabi-objdump -h -S  STMars_modular_robot.elf  > "STMars_modular_robot.list"
arm-none-eabi-objcopy  -O binary  STMars_modular_robot.elf  "STMars_modular_robot.bin"
arm-none-eabi-size   STMars_modular_robot.elf 
   text	   data	    bss	    dec	    hex	filename
  34328	    516	   2380	  37224	   9168	STMars_modular_robot.elf
Finished building: default.size.stdout
 
Finished building: STMars_modular_robot.bin
 
Finished building: STMars_modular_robot.list
 
22:42:28 **** Incremental Build of configuration Debug for project 14_msm_nuc_UART_DMA_RX_TX_Pars2 ****
make -j4 all 
arm-none-eabi-size   14_msm_nuc_UART_DMA_RX_TX_Pars2.elf 
   text	   data	    bss	    dec	    hex	filename
  32420	    516	   2236	  35172	   8964	14_msm_nuc_UART_DMA_RX_TX_Pars2.elf
Finished building: default.size.stdout
 
22:42:28 **** Incremental Build of configuration Debug for project STMars_modular_robot ****
make -j4 all 
arm-none-eabi-size   STMars_modular_robot.elf 
   text	   data	    bss	    dec	    hex	filename
  34328	    516	   2380	  37224	   9168	STMars_modular_robot.elf
Finished building: default.size.stdout
 
22:42:31 **** Incremental Build of configuration Debug for project STMars_modular_robot ****
make -j4 all 
arm-none-eabi-size   STMars_modular_robot.elf 
   text	   data	    bss	    dec	    hex	filename
  34328	    516	   2380	  37224	   9168	STMars_modular_robot.elf
Finished building: default.size.stdout
 
22:46:46 **** Incremental Build of configuration Debug for project 14_msm_nuc_UART_DMA_RX_TX_Pars2 ****
make -j4 all 
arm-none-eabi-size   14_msm_nuc_UART_DMA_RX_TX_Pars2.elf 
   text	   data	    bss	    dec	    hex	filename
  32420	    516	   2236	  35172	   8964	14_msm_nuc_UART_DMA_RX_TX_Pars2.elf
Finished building: default.size.stdout
 
22:46:47 **** Incremental Build of configuration Debug for project STMars_modular_robot ****
make -j4 all 
arm-none-eabi-gcc "../Core/Src/uartdma.c" -mcpu=cortex-m4 -std=gnu11 -g3 -DUSE_HAL_DRIVER -DDEBUG -DSTM32L432xx -c -I../Core/Inc -I../Drivers/STM32L4xx_HAL_Driver/Inc -I../Drivers/STM32L4xx_HAL_Driver/Inc/Legacy -I../Drivers/CMSIS/Device/ST/STM32L4xx/Include -I../Drivers/CMSIS/Include -O0 -ffunction-sections -fdata-sections -Wall -fstack-usage -MMD -MP -MF"Core/Src/uartdma.d" -MT"Core/Src/uartdma.o" --specs=nano.specs -mfpu=fpv4-sp-d16 -mfloat-abi=hard -mthumb -o "Core/Src/uartdma.o"
arm-none-eabi-gcc -o "STMars_modular_robot.elf" @"objects.list"   -mcpu=cortex-m4 -T"D:\STM32\STM32MARS\STMars_modular_robot\STM32L432KCUX_FLASH.ld" --specs=nosys.specs -Wl,-Map="STMars_modular_robot.map" -Wl,--gc-sections -static --specs=nano.specs -mfpu=fpv4-sp-d16 -mfloat-abi=hard -mthumb -u _printf_float -u _scanf_float -Wl,--start-group -lc -lm -Wl,--end-group
Finished building target: STMars_modular_robot.elf
 
arm-none-eabi-objdump -h -S  STMars_modular_robot.elf  > "STMars_modular_robot.list"
arm-none-eabi-objcopy  -O binary  STMars_modular_robot.elf  "STMars_modular_robot.bin"
arm-none-eabi-size   STMars_modular_robot.elf 
   text	   data	    bss	    dec	    hex	filename
  34328	    516	   2380	  37224	   9168	STMars_modular_robot.elf
Finished building: default.size.stdout
 
Finished building: STMars_modular_robot.bin
 
Finished building: STMars_modular_robot.list
 
22:46:52 **** Incremental Build of configuration Debug for project STMars_modular_robot ****
make -j4 all 
arm-none-eabi-size   STMars_modular_robot.elf 
   text	   data	    bss	    dec	    hex	filename
  34328	    516	   2380	  37224	   9168	STMars_modular_robot.elf
Finished building: default.size.stdout
 
22:49:47 **** Incremental Build of configuration Debug for project 14_msm_nuc_UART_DMA_RX_TX_Pars2 ****
make -j4 all 
arm-none-eabi-size   14_msm_nuc_UART_DMA_RX_TX_Pars2.elf 
   text	   data	    bss	    dec	    hex	filename
  32420	    516	   2236	  35172	   8964	14_msm_nuc_UART_DMA_RX_TX_Pars2.elf
Finished building: default.size.stdout
 
22:49:47 **** Incremental Build of configuration Debug for project STMars_modular_robot ****
make -j4 all 
arm-none-eabi-gcc "../Core/Src/uartdma.c" -mcpu=cortex-m4 -std=gnu11 -g3 -DUSE_HAL_DRIVER -DDEBUG -DSTM32L432xx -c -I../Core/Inc -I../Drivers/STM32L4xx_HAL_Driver/Inc -I../Drivers/STM32L4xx_HAL_Driver/Inc/Legacy -I../Drivers/CMSIS/Device/ST/STM32L4xx/Include -I../Drivers/CMSIS/Include -O0 -ffunction-sections -fdata-sections -Wall -fstack-usage -MMD -MP -MF"Core/Src/uartdma.d" -MT"Core/Src/uartdma.o" --specs=nano.specs -mfpu=fpv4-sp-d16 -mfloat-abi=hard -mthumb -o "Core/Src/uartdma.o"
arm-none-eabi-gcc -o "STMars_modular_robot.elf" @"objects.list"   -mcpu=cortex-m4 -T"D:\STM32\STM32MARS\STMars_modular_robot\STM32L432KCUX_FLASH.ld" --specs=nosys.specs -Wl,-Map="STMars_modular_robot.map" -Wl,--gc-sections -static --specs=nano.specs -mfpu=fpv4-sp-d16 -mfloat-abi=hard -mthumb -u _printf_float -u _scanf_float -Wl,--start-group -lc -lm -Wl,--end-group
Finished building target: STMars_modular_robot.elf
 
arm-none-eabi-objdump -h -S  STMars_modular_robot.elf  > "STMars_modular_robot.list"
arm-none-eabi-objcopy  -O binary  STMars_modular_robot.elf  "STMars_modular_robot.bin"
arm-none-eabi-size   STMars_modular_robot.elf 
   text	   data	    bss	    dec	    hex	filename
  34320	    516	   2380	  37216	   9160	STMars_modular_robot.elf
Finished building: default.size.stdout
 
Finished building: STMars_modular_robot.bin
 
Finished building: STMars_modular_robot.list
 
22:49:51 **** Incremental Build of configuration Debug for project STMars_modular_robot ****
make -j4 all 
arm-none-eabi-size   STMars_modular_robot.elf 
   text	   data	    bss	    dec	    hex	filename
  34320	    516	   2380	  37216	   9160	STMars_modular_robot.elf
Finished building: default.size.stdout
 
22:52:35 **** Incremental Build of configuration Debug for project 14_msm_nuc_UART_DMA_RX_TX_Pars2 ****
make -j4 all 
arm-none-eabi-size   14_msm_nuc_UART_DMA_RX_TX_Pars2.elf 
   text	   data	    bss	    dec	    hex	filename
  32420	    516	   2236	  35172	   8964	14_msm_nuc_UART_DMA_RX_TX_Pars2.elf
Finished building: default.size.stdout
 
22:52:36 **** Incremental Build of configuration Debug for project STMars_modular_robot ****
make -j4 all 
arm-none-eabi-gcc "../Core/Src/main.c" -mcpu=cortex-m4 -std=gnu11 -g3 -DUSE_HAL_DRIVER -DDEBUG -DSTM32L432xx -c -I../Core/Inc -I../Drivers/STM32L4xx_HAL_Driver/Inc -I../Drivers/STM32L4xx_HAL_Driver/Inc/Legacy -I../Drivers/CMSIS/Device/ST/STM32L4xx/Include -I../Drivers/CMSIS/Include -O0 -ffunction-sections -fdata-sections -Wall -fstack-usage -MMD -MP -MF"Core/Src/main.d" -MT"Core/Src/main.o" --specs=nano.specs -mfpu=fpv4-sp-d16 -mfloat-abi=hard -mthumb -o "Core/Src/main.o"
../Core/Src/main.c:184:13: warning: 'MX_NVIC_Init' defined but not used [-Wunused-function]
 static void MX_NVIC_Init(void)
             ^~~~~~~~~~~~
arm-none-eabi-gcc -o "STMars_modular_robot.elf" @"objects.list"   -mcpu=cortex-m4 -T"D:\STM32\STM32MARS\STMars_modular_robot\STM32L432KCUX_FLASH.ld" --specs=nosys.specs -Wl,-Map="STMars_modular_robot.map" -Wl,--gc-sections -static --specs=nano.specs -mfpu=fpv4-sp-d16 -mfloat-abi=hard -mthumb -u _printf_float -u _scanf_float -Wl,--start-group -lc -lm -Wl,--end-group
Finished building target: STMars_modular_robot.elf
 
arm-none-eabi-objdump -h -S  STMars_modular_robot.elf  > "STMars_modular_robot.list"
arm-none-eabi-objcopy  -O binary  STMars_modular_robot.elf  "STMars_modular_robot.bin"
arm-none-eabi-size   STMars_modular_robot.elf 
   text	   data	    bss	    dec	    hex	filename
  33792	    516	   2380	  36688	   8f50	STMars_modular_robot.elf
Finished building: default.size.stdout
 
Finished building: STMars_modular_robot.bin
 
Finished building: STMars_modular_robot.list
 
22:52:40 **** Incremental Build of configuration Debug for project STMars_modular_robot ****
make -j4 all 
arm-none-eabi-size   STMars_modular_robot.elf 
   text	   data	    bss	    dec	    hex	filename
  33792	    516	   2380	  36688	   8f50	STMars_modular_robot.elf
Finished building: default.size.stdout
 
00:05:58 **** Build of configuration Debug for project STMars_modular_robot_vbp ****
make -j4 all 
arm-none-eabi-gcc "../Drivers/STM32F4xx_HAL_Driver/Src/stm32f4xx_hal.c" -mcpu=cortex-m4 -std=gnu11 -g3 -DUSE_HAL_DRIVER -DSTM32F411xE -DDEBUG -c -I../Core/Inc -I../Drivers/STM32F4xx_HAL_Driver/Inc -I../Drivers/STM32F4xx_HAL_Driver/Inc/Legacy -I../Drivers/CMSIS/Device/ST/STM32F4xx/Include -I../Drivers/CMSIS/Include -O0 -ffunction-sections -fdata-sections -Wall -fstack-usage -MMD -MP -MF"Drivers/STM32F4xx_HAL_Driver/Src/stm32f4xx_hal.d" -MT"Drivers/STM32F4xx_HAL_Driver/Src/stm32f4xx_hal.o" --specs=nano.specs -mfpu=fpv4-sp-d16 -mfloat-abi=hard -mthumb -o "Drivers/STM32F4xx_HAL_Driver/Src/stm32f4xx_hal.o"
arm-none-eabi-gcc "../Drivers/STM32F4xx_HAL_Driver/Src/stm32f4xx_hal_cortex.c" -mcpu=cortex-m4 -std=gnu11 -g3 -DUSE_HAL_DRIVER -DSTM32F411xE -DDEBUG -c -I../Core/Inc -I../Drivers/STM32F4xx_HAL_Driver/Inc -I../Drivers/STM32F4xx_HAL_Driver/Inc/Legacy -I../Drivers/CMSIS/Device/ST/STM32F4xx/Include -I../Drivers/CMSIS/Include -O0 -ffunction-sections -fdata-sections -Wall -fstack-usage -MMD -MP -MF"Drivers/STM32F4xx_HAL_Driver/Src/stm32f4xx_hal_cortex.d" -MT"Drivers/STM32F4xx_HAL_Driver/Src/stm32f4xx_hal_cortex.o" --specs=nano.specs -mfpu=fpv4-sp-d16 -mfloat-abi=hard -mthumb -o "Drivers/STM32F4xx_HAL_Driver/Src/stm32f4xx_hal_cortex.o"
arm-none-eabi-gcc "../Drivers/STM32F4xx_HAL_Driver/Src/stm32f4xx_hal_dma.c" -mcpu=cortex-m4 -std=gnu11 -g3 -DUSE_HAL_DRIVER -DSTM32F411xE -DDEBUG -c -I../Core/Inc -I../Drivers/STM32F4xx_HAL_Driver/Inc -I../Drivers/STM32F4xx_HAL_Driver/Inc/Legacy -I../Drivers/CMSIS/Device/ST/STM32F4xx/Include -I../Drivers/CMSIS/Include -O0 -ffunction-sections -fdata-sections -Wall -fstack-usage -MMD -MP -MF"Drivers/STM32F4xx_HAL_Driver/Src/stm32f4xx_hal_dma.d" -MT"Drivers/STM32F4xx_HAL_Driver/Src/stm32f4xx_hal_dma.o" --specs=nano.specs -mfpu=fpv4-sp-d16 -mfloat-abi=hard -mthumb -o "Drivers/STM32F4xx_HAL_Driver/Src/stm32f4xx_hal_dma.o"
arm-none-eabi-gcc "../Drivers/STM32F4xx_HAL_Driver/Src/stm32f4xx_hal_dma_ex.c" -mcpu=cortex-m4 -std=gnu11 -g3 -DUSE_HAL_DRIVER -DSTM32F411xE -DDEBUG -c -I../Core/Inc -I../Drivers/STM32F4xx_HAL_Driver/Inc -I../Drivers/STM32F4xx_HAL_Driver/Inc/Legacy -I../Drivers/CMSIS/Device/ST/STM32F4xx/Include -I../Drivers/CMSIS/Include -O0 -ffunction-sections -fdata-sections -Wall -fstack-usage -MMD -MP -MF"Drivers/STM32F4xx_HAL_Driver/Src/stm32f4xx_hal_dma_ex.d" -MT"Drivers/STM32F4xx_HAL_Driver/Src/stm32f4xx_hal_dma_ex.o" --specs=nano.specs -mfpu=fpv4-sp-d16 -mfloat-abi=hard -mthumb -o "Drivers/STM32F4xx_HAL_Driver/Src/stm32f4xx_hal_dma_ex.o"
arm-none-eabi-gcc "../Drivers/STM32F4xx_HAL_Driver/Src/stm32f4xx_hal_exti.c" -mcpu=cortex-m4 -std=gnu11 -g3 -DUSE_HAL_DRIVER -DSTM32F411xE -DDEBUG -c -I../Core/Inc -I../Drivers/STM32F4xx_HAL_Driver/Inc -I../Drivers/STM32F4xx_HAL_Driver/Inc/Legacy -I../Drivers/CMSIS/Device/ST/STM32F4xx/Include -I../Drivers/CMSIS/Include -O0 -ffunction-sections -fdata-sections -Wall -fstack-usage -MMD -MP -MF"Drivers/STM32F4xx_HAL_Driver/Src/stm32f4xx_hal_exti.d" -MT"Drivers/STM32F4xx_HAL_Driver/Src/stm32f4xx_hal_exti.o" --specs=nano.specs -mfpu=fpv4-sp-d16 -mfloat-abi=hard -mthumb -o "Drivers/STM32F4xx_HAL_Driver/Src/stm32f4xx_hal_exti.o"
arm-none-eabi-gcc "../Drivers/STM32F4xx_HAL_Driver/Src/stm32f4xx_hal_flash.c" -mcpu=cortex-m4 -std=gnu11 -g3 -DUSE_HAL_DRIVER -DSTM32F411xE -DDEBUG -c -I../Core/Inc -I../Drivers/STM32F4xx_HAL_Driver/Inc -I../Drivers/STM32F4xx_HAL_Driver/Inc/Legacy -I../Drivers/CMSIS/Device/ST/STM32F4xx/Include -I../Drivers/CMSIS/Include -O0 -ffunction-sections -fdata-sections -Wall -fstack-usage -MMD -MP -MF"Drivers/STM32F4xx_HAL_Driver/Src/stm32f4xx_hal_flash.d" -MT"Drivers/STM32F4xx_HAL_Driver/Src/stm32f4xx_hal_flash.o" --specs=nano.specs -mfpu=fpv4-sp-d16 -mfloat-abi=hard -mthumb -o "Drivers/STM32F4xx_HAL_Driver/Src/stm32f4xx_hal_flash.o"
arm-none-eabi-gcc "../Drivers/STM32F4xx_HAL_Driver/Src/stm32f4xx_hal_flash_ex.c" -mcpu=cortex-m4 -std=gnu11 -g3 -DUSE_HAL_DRIVER -DSTM32F411xE -DDEBUG -c -I../Core/Inc -I../Drivers/STM32F4xx_HAL_Driver/Inc -I../Drivers/STM32F4xx_HAL_Driver/Inc/Legacy -I../Drivers/CMSIS/Device/ST/STM32F4xx/Include -I../Drivers/CMSIS/Include -O0 -ffunction-sections -fdata-sections -Wall -fstack-usage -MMD -MP -MF"Drivers/STM32F4xx_HAL_Driver/Src/stm32f4xx_hal_flash_ex.d" -MT"Drivers/STM32F4xx_HAL_Driver/Src/stm32f4xx_hal_flash_ex.o" --specs=nano.specs -mfpu=fpv4-sp-d16 -mfloat-abi=hard -mthumb -o "Drivers/STM32F4xx_HAL_Driver/Src/stm32f4xx_hal_flash_ex.o"
arm-none-eabi-gcc "../Drivers/STM32F4xx_HAL_Driver/Src/stm32f4xx_hal_flash_ramfunc.c" -mcpu=cortex-m4 -std=gnu11 -g3 -DUSE_HAL_DRIVER -DSTM32F411xE -DDEBUG -c -I../Core/Inc -I../Drivers/STM32F4xx_HAL_Driver/Inc -I../Drivers/STM32F4xx_HAL_Driver/Inc/Legacy -I../Drivers/CMSIS/Device/ST/STM32F4xx/Include -I../Drivers/CMSIS/Include -O0 -ffunction-sections -fdata-sections -Wall -fstack-usage -MMD -MP -MF"Drivers/STM32F4xx_HAL_Driver/Src/stm32f4xx_hal_flash_ramfunc.d" -MT"Drivers/STM32F4xx_HAL_Driver/Src/stm32f4xx_hal_flash_ramfunc.o" --specs=nano.specs -mfpu=fpv4-sp-d16 -mfloat-abi=hard -mthumb -o "Drivers/STM32F4xx_HAL_Driver/Src/stm32f4xx_hal_flash_ramfunc.o"
arm-none-eabi-gcc "../Drivers/STM32F4xx_HAL_Driver/Src/stm32f4xx_hal_gpio.c" -mcpu=cortex-m4 -std=gnu11 -g3 -DUSE_HAL_DRIVER -DSTM32F411xE -DDEBUG -c -I../Core/Inc -I../Drivers/STM32F4xx_HAL_Driver/Inc -I../Drivers/STM32F4xx_HAL_Driver/Inc/Legacy -I../Drivers/CMSIS/Device/ST/STM32F4xx/Include -I../Drivers/CMSIS/Include -O0 -ffunction-sections -fdata-sections -Wall -fstack-usage -MMD -MP -MF"Drivers/STM32F4xx_HAL_Driver/Src/stm32f4xx_hal_gpio.d" -MT"Drivers/STM32F4xx_HAL_Driver/Src/stm32f4xx_hal_gpio.o" --specs=nano.specs -mfpu=fpv4-sp-d16 -mfloat-abi=hard -mthumb -o "Drivers/STM32F4xx_HAL_Driver/Src/stm32f4xx_hal_gpio.o"
arm-none-eabi-gcc "../Drivers/STM32F4xx_HAL_Driver/Src/stm32f4xx_hal_pwr.c" -mcpu=cortex-m4 -std=gnu11 -g3 -DUSE_HAL_DRIVER -DSTM32F411xE -DDEBUG -c -I../Core/Inc -I../Drivers/STM32F4xx_HAL_Driver/Inc -I../Drivers/STM32F4xx_HAL_Driver/Inc/Legacy -I../Drivers/CMSIS/Device/ST/STM32F4xx/Include -I../Drivers/CMSIS/Include -O0 -ffunction-sections -fdata-sections -Wall -fstack-usage -MMD -MP -MF"Drivers/STM32F4xx_HAL_Driver/Src/stm32f4xx_hal_pwr.d" -MT"Drivers/STM32F4xx_HAL_Driver/Src/stm32f4xx_hal_pwr.o" --specs=nano.specs -mfpu=fpv4-sp-d16 -mfloat-abi=hard -mthumb -o "Drivers/STM32F4xx_HAL_Driver/Src/stm32f4xx_hal_pwr.o"
arm-none-eabi-gcc "../Drivers/STM32F4xx_HAL_Driver/Src/stm32f4xx_hal_pwr_ex.c" -mcpu=cortex-m4 -std=gnu11 -g3 -DUSE_HAL_DRIVER -DSTM32F411xE -DDEBUG -c -I../Core/Inc -I../Drivers/STM32F4xx_HAL_Driver/Inc -I../Drivers/STM32F4xx_HAL_Driver/Inc/Legacy -I../Drivers/CMSIS/Device/ST/STM32F4xx/Include -I../Drivers/CMSIS/Include -O0 -ffunction-sections -fdata-sections -Wall -fstack-usage -MMD -MP -MF"Drivers/STM32F4xx_HAL_Driver/Src/stm32f4xx_hal_pwr_ex.d" -MT"Drivers/STM32F4xx_HAL_Driver/Src/stm32f4xx_hal_pwr_ex.o" --specs=nano.specs -mfpu=fpv4-sp-d16 -mfloat-abi=hard -mthumb -o "Drivers/STM32F4xx_HAL_Driver/Src/stm32f4xx_hal_pwr_ex.o"
arm-none-eabi-gcc "../Drivers/STM32F4xx_HAL_Driver/Src/stm32f4xx_hal_rcc.c" -mcpu=cortex-m4 -std=gnu11 -g3 -DUSE_HAL_DRIVER -DSTM32F411xE -DDEBUG -c -I../Core/Inc -I../Drivers/STM32F4xx_HAL_Driver/Inc -I../Drivers/STM32F4xx_HAL_Driver/Inc/Legacy -I../Drivers/CMSIS/Device/ST/STM32F4xx/Include -I../Drivers/CMSIS/Include -O0 -ffunction-sections -fdata-sections -Wall -fstack-usage -MMD -MP -MF"Drivers/STM32F4xx_HAL_Driver/Src/stm32f4xx_hal_rcc.d" -MT"Drivers/STM32F4xx_HAL_Driver/Src/stm32f4xx_hal_rcc.o" --specs=nano.specs -mfpu=fpv4-sp-d16 -mfloat-abi=hard -mthumb -o "Drivers/STM32F4xx_HAL_Driver/Src/stm32f4xx_hal_rcc.o"
arm-none-eabi-gcc "../Drivers/STM32F4xx_HAL_Driver/Src/stm32f4xx_hal_rcc_ex.c" -mcpu=cortex-m4 -std=gnu11 -g3 -DUSE_HAL_DRIVER -DSTM32F411xE -DDEBUG -c -I../Core/Inc -I../Drivers/STM32F4xx_HAL_Driver/Inc -I../Drivers/STM32F4xx_HAL_Driver/Inc/Legacy -I../Drivers/CMSIS/Device/ST/STM32F4xx/Include -I../Drivers/CMSIS/Include -O0 -ffunction-sections -fdata-sections -Wall -fstack-usage -MMD -MP -MF"Drivers/STM32F4xx_HAL_Driver/Src/stm32f4xx_hal_rcc_ex.d" -MT"Drivers/STM32F4xx_HAL_Driver/Src/stm32f4xx_hal_rcc_ex.o" --specs=nano.specs -mfpu=fpv4-sp-d16 -mfloat-abi=hard -mthumb -o "Drivers/STM32F4xx_HAL_Driver/Src/stm32f4xx_hal_rcc_ex.o"
arm-none-eabi-gcc "../Drivers/STM32F4xx_HAL_Driver/Src/stm32f4xx_hal_tim.c" -mcpu=cortex-m4 -std=gnu11 -g3 -DUSE_HAL_DRIVER -DSTM32F411xE -DDEBUG -c -I../Core/Inc -I../Drivers/STM32F4xx_HAL_Driver/Inc -I../Drivers/STM32F4xx_HAL_Driver/Inc/Legacy -I../Drivers/CMSIS/Device/ST/STM32F4xx/Include -I../Drivers/CMSIS/Include -O0 -ffunction-sections -fdata-sections -Wall -fstack-usage -MMD -MP -MF"Drivers/STM32F4xx_HAL_Driver/Src/stm32f4xx_hal_tim.d" -MT"Drivers/STM32F4xx_HAL_Driver/Src/stm32f4xx_hal_tim.o" --specs=nano.specs -mfpu=fpv4-sp-d16 -mfloat-abi=hard -mthumb -o "Drivers/STM32F4xx_HAL_Driver/Src/stm32f4xx_hal_tim.o"
arm-none-eabi-gcc "../Drivers/STM32F4xx_HAL_Driver/Src/stm32f4xx_hal_tim_ex.c" -mcpu=cortex-m4 -std=gnu11 -g3 -DUSE_HAL_DRIVER -DSTM32F411xE -DDEBUG -c -I../Core/Inc -I../Drivers/STM32F4xx_HAL_Driver/Inc -I../Drivers/STM32F4xx_HAL_Driver/Inc/Legacy -I../Drivers/CMSIS/Device/ST/STM32F4xx/Include -I../Drivers/CMSIS/Include -O0 -ffunction-sections -fdata-sections -Wall -fstack-usage -MMD -MP -MF"Drivers/STM32F4xx_HAL_Driver/Src/stm32f4xx_hal_tim_ex.d" -MT"Drivers/STM32F4xx_HAL_Driver/Src/stm32f4xx_hal_tim_ex.o" --specs=nano.specs -mfpu=fpv4-sp-d16 -mfloat-abi=hard -mthumb -o "Drivers/STM32F4xx_HAL_Driver/Src/stm32f4xx_hal_tim_ex.o"
arm-none-eabi-gcc -mcpu=cortex-m4 -g3 -c -x assembler-with-cpp -MMD -MP -MF"Core/Startup/startup_stm32f411ceux.d" -MT"Core/Startup/startup_stm32f411ceux.o" --specs=nano.specs -mfpu=fpv4-sp-d16 -mfloat-abi=hard -mthumb -o "Core/Startup/startup_stm32f411ceux.o" "../Core/Startup/startup_stm32f411ceux.s"
arm-none-eabi-gcc "../Core/Src/main.c" -mcpu=cortex-m4 -std=gnu11 -g3 -DUSE_HAL_DRIVER -DSTM32F411xE -DDEBUG -c -I../Core/Inc -I../Drivers/STM32F4xx_HAL_Driver/Inc -I../Drivers/STM32F4xx_HAL_Driver/Inc/Legacy -I../Drivers/CMSIS/Device/ST/STM32F4xx/Include -I../Drivers/CMSIS/Include -O0 -ffunction-sections -fdata-sections -Wall -fstack-usage -MMD -MP -MF"Core/Src/main.d" -MT"Core/Src/main.o" --specs=nano.specs -mfpu=fpv4-sp-d16 -mfloat-abi=hard -mthumb -o "Core/Src/main.o"
arm-none-eabi-gcc "../Core/Src/stm32f4xx_hal_msp.c" -mcpu=cortex-m4 -std=gnu11 -g3 -DUSE_HAL_DRIVER -DSTM32F411xE -DDEBUG -c -I../Core/Inc -I../Drivers/STM32F4xx_HAL_Driver/Inc -I../Drivers/STM32F4xx_HAL_Driver/Inc/Legacy -I../Drivers/CMSIS/Device/ST/STM32F4xx/Include -I../Drivers/CMSIS/Include -O0 -ffunction-sections -fdata-sections -Wall -fstack-usage -MMD -MP -MF"Core/Src/stm32f4xx_hal_msp.d" -MT"Core/Src/stm32f4xx_hal_msp.o" --specs=nano.specs -mfpu=fpv4-sp-d16 -mfloat-abi=hard -mthumb -o "Core/Src/stm32f4xx_hal_msp.o"
arm-none-eabi-gcc "../Core/Src/stm32f4xx_it.c" -mcpu=cortex-m4 -std=gnu11 -g3 -DUSE_HAL_DRIVER -DSTM32F411xE -DDEBUG -c -I../Core/Inc -I../Drivers/STM32F4xx_HAL_Driver/Inc -I../Drivers/STM32F4xx_HAL_Driver/Inc/Legacy -I../Drivers/CMSIS/Device/ST/STM32F4xx/Include -I../Drivers/CMSIS/Include -O0 -ffunction-sections -fdata-sections -Wall -fstack-usage -MMD -MP -MF"Core/Src/stm32f4xx_it.d" -MT"Core/Src/stm32f4xx_it.o" --specs=nano.specs -mfpu=fpv4-sp-d16 -mfloat-abi=hard -mthumb -o "Core/Src/stm32f4xx_it.o"
arm-none-eabi-gcc "../Core/Src/syscalls.c" -mcpu=cortex-m4 -std=gnu11 -g3 -DUSE_HAL_DRIVER -DSTM32F411xE -DDEBUG -c -I../Core/Inc -I../Drivers/STM32F4xx_HAL_Driver/Inc -I../Drivers/STM32F4xx_HAL_Driver/Inc/Legacy -I../Drivers/CMSIS/Device/ST/STM32F4xx/Include -I../Drivers/CMSIS/Include -O0 -ffunction-sections -fdata-sections -Wall -fstack-usage -MMD -MP -MF"Core/Src/syscalls.d" -MT"Core/Src/syscalls.o" --specs=nano.specs -mfpu=fpv4-sp-d16 -mfloat-abi=hard -mthumb -o "Core/Src/syscalls.o"
arm-none-eabi-gcc "../Core/Src/sysmem.c" -mcpu=cortex-m4 -std=gnu11 -g3 -DUSE_HAL_DRIVER -DSTM32F411xE -DDEBUG -c -I../Core/Inc -I../Drivers/STM32F4xx_HAL_Driver/Inc -I../Drivers/STM32F4xx_HAL_Driver/Inc/Legacy -I../Drivers/CMSIS/Device/ST/STM32F4xx/Include -I../Drivers/CMSIS/Include -O0 -ffunction-sections -fdata-sections -Wall -fstack-usage -MMD -MP -MF"Core/Src/sysmem.d" -MT"Core/Src/sysmem.o" --specs=nano.specs -mfpu=fpv4-sp-d16 -mfloat-abi=hard -mthumb -o "Core/Src/sysmem.o"
arm-none-eabi-gcc "../Core/Src/system_stm32f4xx.c" -mcpu=cortex-m4 -std=gnu11 -g3 -DUSE_HAL_DRIVER -DSTM32F411xE -DDEBUG -c -I../Core/Inc -I../Drivers/STM32F4xx_HAL_Driver/Inc -I../Drivers/STM32F4xx_HAL_Driver/Inc/Legacy -I../Drivers/CMSIS/Device/ST/STM32F4xx/Include -I../Drivers/CMSIS/Include -O0 -ffunction-sections -fdata-sections -Wall -fstack-usage -MMD -MP -MF"Core/Src/system_stm32f4xx.d" -MT"Core/Src/system_stm32f4xx.o" --specs=nano.specs -mfpu=fpv4-sp-d16 -mfloat-abi=hard -mthumb -o "Core/Src/system_stm32f4xx.o"
arm-none-eabi-gcc -o "STMars_modular_robot_vbp.elf" @"objects.list"   -mcpu=cortex-m4 -T"D:\STM32\STM32MARS\STMars_modular_robot_vbp\STM32F411CEUX_FLASH.ld" --specs=nosys.specs -Wl,-Map="STMars_modular_robot_vbp.map" -Wl,--gc-sections -static --specs=nano.specs -mfpu=fpv4-sp-d16 -mfloat-abi=hard -mthumb -Wl,--start-group -lc -lm -Wl,--end-group
Finished building target: STMars_modular_robot_vbp.elf
 
arm-none-eabi-size   STMars_modular_robot_vbp.elf 
arm-none-eabi-objdump -h -S  STMars_modular_robot_vbp.elf  > "STMars_modular_robot_vbp.list"
arm-none-eabi-objcopy  -O binary  STMars_modular_robot_vbp.elf  "STMars_modular_robot_vbp.bin"
   text	   data	    bss	    dec	    hex	filename
   5704	     20	   1572	   7296	   1c80	STMars_modular_robot_vbp.elf
Finished building: default.size.stdout
 
Finished building: STMars_modular_robot_vbp.bin
 
Finished building: STMars_modular_robot_vbp.list
 
00:09:28 **** Incremental Build of configuration Debug for project STMars_modular_robot_vbp ****
make -j4 all 
arm-none-eabi-size   STMars_modular_robot_vbp.elf 
   text	   data	    bss	    dec	    hex	filename
   5704	     20	   1572	   7296	   1c80	STMars_modular_robot_vbp.elf
Finished building: default.size.stdout
 
00:18:21 **** Incremental Build of configuration Debug for project STMars_modular_robot_vbp ****
make -j4 all 
arm-none-eabi-gcc "../Drivers/STM32F4xx_HAL_Driver/Src/stm32f4xx_hal.c" -mcpu=cortex-m4 -std=gnu11 -g3 -DUSE_HAL_DRIVER -DSTM32F411xE -DDEBUG -c -I../Core/Inc -I../Drivers/STM32F4xx_HAL_Driver/Inc -I../Drivers/STM32F4xx_HAL_Driver/Inc/Legacy -I../Drivers/CMSIS/Device/ST/STM32F4xx/Include -I../Drivers/CMSIS/Include -O0 -ffunction-sections -fdata-sections -Wall -fstack-usage -MMD -MP -MF"Drivers/STM32F4xx_HAL_Driver/Src/stm32f4xx_hal.d" -MT"Drivers/STM32F4xx_HAL_Driver/Src/stm32f4xx_hal.o" --specs=nano.specs -mfpu=fpv4-sp-d16 -mfloat-abi=hard -mthumb -o "Drivers/STM32F4xx_HAL_Driver/Src/stm32f4xx_hal.o"
arm-none-eabi-gcc "../Drivers/STM32F4xx_HAL_Driver/Src/stm32f4xx_hal_cortex.c" -mcpu=cortex-m4 -std=gnu11 -g3 -DUSE_HAL_DRIVER -DSTM32F411xE -DDEBUG -c -I../Core/Inc -I../Drivers/STM32F4xx_HAL_Driver/Inc -I../Drivers/STM32F4xx_HAL_Driver/Inc/Legacy -I../Drivers/CMSIS/Device/ST/STM32F4xx/Include -I../Drivers/CMSIS/Include -O0 -ffunction-sections -fdata-sections -Wall -fstack-usage -MMD -MP -MF"Drivers/STM32F4xx_HAL_Driver/Src/stm32f4xx_hal_cortex.d" -MT"Drivers/STM32F4xx_HAL_Driver/Src/stm32f4xx_hal_cortex.o" --specs=nano.specs -mfpu=fpv4-sp-d16 -mfloat-abi=hard -mthumb -o "Drivers/STM32F4xx_HAL_Driver/Src/stm32f4xx_hal_cortex.o"
arm-none-eabi-gcc "../Drivers/STM32F4xx_HAL_Driver/Src/stm32f4xx_hal_dma.c" -mcpu=cortex-m4 -std=gnu11 -g3 -DUSE_HAL_DRIVER -DSTM32F411xE -DDEBUG -c -I../Core/Inc -I../Drivers/STM32F4xx_HAL_Driver/Inc -I../Drivers/STM32F4xx_HAL_Driver/Inc/Legacy -I../Drivers/CMSIS/Device/ST/STM32F4xx/Include -I../Drivers/CMSIS/Include -O0 -ffunction-sections -fdata-sections -Wall -fstack-usage -MMD -MP -MF"Drivers/STM32F4xx_HAL_Driver/Src/stm32f4xx_hal_dma.d" -MT"Drivers/STM32F4xx_HAL_Driver/Src/stm32f4xx_hal_dma.o" --specs=nano.specs -mfpu=fpv4-sp-d16 -mfloat-abi=hard -mthumb -o "Drivers/STM32F4xx_HAL_Driver/Src/stm32f4xx_hal_dma.o"
arm-none-eabi-gcc "../Drivers/STM32F4xx_HAL_Driver/Src/stm32f4xx_hal_dma_ex.c" -mcpu=cortex-m4 -std=gnu11 -g3 -DUSE_HAL_DRIVER -DSTM32F411xE -DDEBUG -c -I../Core/Inc -I../Drivers/STM32F4xx_HAL_Driver/Inc -I../Drivers/STM32F4xx_HAL_Driver/Inc/Legacy -I../Drivers/CMSIS/Device/ST/STM32F4xx/Include -I../Drivers/CMSIS/Include -O0 -ffunction-sections -fdata-sections -Wall -fstack-usage -MMD -MP -MF"Drivers/STM32F4xx_HAL_Driver/Src/stm32f4xx_hal_dma_ex.d" -MT"Drivers/STM32F4xx_HAL_Driver/Src/stm32f4xx_hal_dma_ex.o" --specs=nano.specs -mfpu=fpv4-sp-d16 -mfloat-abi=hard -mthumb -o "Drivers/STM32F4xx_HAL_Driver/Src/stm32f4xx_hal_dma_ex.o"
arm-none-eabi-gcc "../Drivers/STM32F4xx_HAL_Driver/Src/stm32f4xx_hal_exti.c" -mcpu=cortex-m4 -std=gnu11 -g3 -DUSE_HAL_DRIVER -DSTM32F411xE -DDEBUG -c -I../Core/Inc -I../Drivers/STM32F4xx_HAL_Driver/Inc -I../Drivers/STM32F4xx_HAL_Driver/Inc/Legacy -I../Drivers/CMSIS/Device/ST/STM32F4xx/Include -I../Drivers/CMSIS/Include -O0 -ffunction-sections -fdata-sections -Wall -fstack-usage -MMD -MP -MF"Drivers/STM32F4xx_HAL_Driver/Src/stm32f4xx_hal_exti.d" -MT"Drivers/STM32F4xx_HAL_Driver/Src/stm32f4xx_hal_exti.o" --specs=nano.specs -mfpu=fpv4-sp-d16 -mfloat-abi=hard -mthumb -o "Drivers/STM32F4xx_HAL_Driver/Src/stm32f4xx_hal_exti.o"
arm-none-eabi-gcc "../Drivers/STM32F4xx_HAL_Driver/Src/stm32f4xx_hal_flash.c" -mcpu=cortex-m4 -std=gnu11 -g3 -DUSE_HAL_DRIVER -DSTM32F411xE -DDEBUG -c -I../Core/Inc -I../Drivers/STM32F4xx_HAL_Driver/Inc -I../Drivers/STM32F4xx_HAL_Driver/Inc/Legacy -I../Drivers/CMSIS/Device/ST/STM32F4xx/Include -I../Drivers/CMSIS/Include -O0 -ffunction-sections -fdata-sections -Wall -fstack-usage -MMD -MP -MF"Drivers/STM32F4xx_HAL_Driver/Src/stm32f4xx_hal_flash.d" -MT"Drivers/STM32F4xx_HAL_Driver/Src/stm32f4xx_hal_flash.o" --specs=nano.specs -mfpu=fpv4-sp-d16 -mfloat-abi=hard -mthumb -o "Drivers/STM32F4xx_HAL_Driver/Src/stm32f4xx_hal_flash.o"
arm-none-eabi-gcc "../Drivers/STM32F4xx_HAL_Driver/Src/stm32f4xx_hal_flash_ex.c" -mcpu=cortex-m4 -std=gnu11 -g3 -DUSE_HAL_DRIVER -DSTM32F411xE -DDEBUG -c -I../Core/Inc -I../Drivers/STM32F4xx_HAL_Driver/Inc -I../Drivers/STM32F4xx_HAL_Driver/Inc/Legacy -I../Drivers/CMSIS/Device/ST/STM32F4xx/Include -I../Drivers/CMSIS/Include -O0 -ffunction-sections -fdata-sections -Wall -fstack-usage -MMD -MP -MF"Drivers/STM32F4xx_HAL_Driver/Src/stm32f4xx_hal_flash_ex.d" -MT"Drivers/STM32F4xx_HAL_Driver/Src/stm32f4xx_hal_flash_ex.o" --specs=nano.specs -mfpu=fpv4-sp-d16 -mfloat-abi=hard -mthumb -o "Drivers/STM32F4xx_HAL_Driver/Src/stm32f4xx_hal_flash_ex.o"
arm-none-eabi-gcc "../Drivers/STM32F4xx_HAL_Driver/Src/stm32f4xx_hal_flash_ramfunc.c" -mcpu=cortex-m4 -std=gnu11 -g3 -DUSE_HAL_DRIVER -DSTM32F411xE -DDEBUG -c -I../Core/Inc -I../Drivers/STM32F4xx_HAL_Driver/Inc -I../Drivers/STM32F4xx_HAL_Driver/Inc/Legacy -I../Drivers/CMSIS/Device/ST/STM32F4xx/Include -I../Drivers/CMSIS/Include -O0 -ffunction-sections -fdata-sections -Wall -fstack-usage -MMD -MP -MF"Drivers/STM32F4xx_HAL_Driver/Src/stm32f4xx_hal_flash_ramfunc.d" -MT"Drivers/STM32F4xx_HAL_Driver/Src/stm32f4xx_hal_flash_ramfunc.o" --specs=nano.specs -mfpu=fpv4-sp-d16 -mfloat-abi=hard -mthumb -o "Drivers/STM32F4xx_HAL_Driver/Src/stm32f4xx_hal_flash_ramfunc.o"
arm-none-eabi-gcc "../Drivers/STM32F4xx_HAL_Driver/Src/stm32f4xx_hal_gpio.c" -mcpu=cortex-m4 -std=gnu11 -g3 -DUSE_HAL_DRIVER -DSTM32F411xE -DDEBUG -c -I../Core/Inc -I../Drivers/STM32F4xx_HAL_Driver/Inc -I../Drivers/STM32F4xx_HAL_Driver/Inc/Legacy -I../Drivers/CMSIS/Device/ST/STM32F4xx/Include -I../Drivers/CMSIS/Include -O0 -ffunction-sections -fdata-sections -Wall -fstack-usage -MMD -MP -MF"Drivers/STM32F4xx_HAL_Driver/Src/stm32f4xx_hal_gpio.d" -MT"Drivers/STM32F4xx_HAL_Driver/Src/stm32f4xx_hal_gpio.o" --specs=nano.specs -mfpu=fpv4-sp-d16 -mfloat-abi=hard -mthumb -o "Drivers/STM32F4xx_HAL_Driver/Src/stm32f4xx_hal_gpio.o"
arm-none-eabi-gcc "../Drivers/STM32F4xx_HAL_Driver/Src/stm32f4xx_hal_pwr.c" -mcpu=cortex-m4 -std=gnu11 -g3 -DUSE_HAL_DRIVER -DSTM32F411xE -DDEBUG -c -I../Core/Inc -I../Drivers/STM32F4xx_HAL_Driver/Inc -I../Drivers/STM32F4xx_HAL_Driver/Inc/Legacy -I../Drivers/CMSIS/Device/ST/STM32F4xx/Include -I../Drivers/CMSIS/Include -O0 -ffunction-sections -fdata-sections -Wall -fstack-usage -MMD -MP -MF"Drivers/STM32F4xx_HAL_Driver/Src/stm32f4xx_hal_pwr.d" -MT"Drivers/STM32F4xx_HAL_Driver/Src/stm32f4xx_hal_pwr.o" --specs=nano.specs -mfpu=fpv4-sp-d16 -mfloat-abi=hard -mthumb -o "Drivers/STM32F4xx_HAL_Driver/Src/stm32f4xx_hal_pwr.o"
arm-none-eabi-gcc "../Drivers/STM32F4xx_HAL_Driver/Src/stm32f4xx_hal_pwr_ex.c" -mcpu=cortex-m4 -std=gnu11 -g3 -DUSE_HAL_DRIVER -DSTM32F411xE -DDEBUG -c -I../Core/Inc -I../Drivers/STM32F4xx_HAL_Driver/Inc -I../Drivers/STM32F4xx_HAL_Driver/Inc/Legacy -I../Drivers/CMSIS/Device/ST/STM32F4xx/Include -I../Drivers/CMSIS/Include -O0 -ffunction-sections -fdata-sections -Wall -fstack-usage -MMD -MP -MF"Drivers/STM32F4xx_HAL_Driver/Src/stm32f4xx_hal_pwr_ex.d" -MT"Drivers/STM32F4xx_HAL_Driver/Src/stm32f4xx_hal_pwr_ex.o" --specs=nano.specs -mfpu=fpv4-sp-d16 -mfloat-abi=hard -mthumb -o "Drivers/STM32F4xx_HAL_Driver/Src/stm32f4xx_hal_pwr_ex.o"
arm-none-eabi-gcc "../Drivers/STM32F4xx_HAL_Driver/Src/stm32f4xx_hal_rcc.c" -mcpu=cortex-m4 -std=gnu11 -g3 -DUSE_HAL_DRIVER -DSTM32F411xE -DDEBUG -c -I../Core/Inc -I../Drivers/STM32F4xx_HAL_Driver/Inc -I../Drivers/STM32F4xx_HAL_Driver/Inc/Legacy -I../Drivers/CMSIS/Device/ST/STM32F4xx/Include -I../Drivers/CMSIS/Include -O0 -ffunction-sections -fdata-sections -Wall -fstack-usage -MMD -MP -MF"Drivers/STM32F4xx_HAL_Driver/Src/stm32f4xx_hal_rcc.d" -MT"Drivers/STM32F4xx_HAL_Driver/Src/stm32f4xx_hal_rcc.o" --specs=nano.specs -mfpu=fpv4-sp-d16 -mfloat-abi=hard -mthumb -o "Drivers/STM32F4xx_HAL_Driver/Src/stm32f4xx_hal_rcc.o"
arm-none-eabi-gcc "../Drivers/STM32F4xx_HAL_Driver/Src/stm32f4xx_hal_rcc_ex.c" -mcpu=cortex-m4 -std=gnu11 -g3 -DUSE_HAL_DRIVER -DSTM32F411xE -DDEBUG -c -I../Core/Inc -I../Drivers/STM32F4xx_HAL_Driver/Inc -I../Drivers/STM32F4xx_HAL_Driver/Inc/Legacy -I../Drivers/CMSIS/Device/ST/STM32F4xx/Include -I../Drivers/CMSIS/Include -O0 -ffunction-sections -fdata-sections -Wall -fstack-usage -MMD -MP -MF"Drivers/STM32F4xx_HAL_Driver/Src/stm32f4xx_hal_rcc_ex.d" -MT"Drivers/STM32F4xx_HAL_Driver/Src/stm32f4xx_hal_rcc_ex.o" --specs=nano.specs -mfpu=fpv4-sp-d16 -mfloat-abi=hard -mthumb -o "Drivers/STM32F4xx_HAL_Driver/Src/stm32f4xx_hal_rcc_ex.o"
arm-none-eabi-gcc "../Drivers/STM32F4xx_HAL_Driver/Src/stm32f4xx_hal_tim.c" -mcpu=cortex-m4 -std=gnu11 -g3 -DUSE_HAL_DRIVER -DSTM32F411xE -DDEBUG -c -I../Core/Inc -I../Drivers/STM32F4xx_HAL_Driver/Inc -I../Drivers/STM32F4xx_HAL_Driver/Inc/Legacy -I../Drivers/CMSIS/Device/ST/STM32F4xx/Include -I../Drivers/CMSIS/Include -O0 -ffunction-sections -fdata-sections -Wall -fstack-usage -MMD -MP -MF"Drivers/STM32F4xx_HAL_Driver/Src/stm32f4xx_hal_tim.d" -MT"Drivers/STM32F4xx_HAL_Driver/Src/stm32f4xx_hal_tim.o" --specs=nano.specs -mfpu=fpv4-sp-d16 -mfloat-abi=hard -mthumb -o "Drivers/STM32F4xx_HAL_Driver/Src/stm32f4xx_hal_tim.o"
arm-none-eabi-gcc "../Drivers/STM32F4xx_HAL_Driver/Src/stm32f4xx_hal_tim_ex.c" -mcpu=cortex-m4 -std=gnu11 -g3 -DUSE_HAL_DRIVER -DSTM32F411xE -DDEBUG -c -I../Core/Inc -I../Drivers/STM32F4xx_HAL_Driver/Inc -I../Drivers/STM32F4xx_HAL_Driver/Inc/Legacy -I../Drivers/CMSIS/Device/ST/STM32F4xx/Include -I../Drivers/CMSIS/Include -O0 -ffunction-sections -fdata-sections -Wall -fstack-usage -MMD -MP -MF"Drivers/STM32F4xx_HAL_Driver/Src/stm32f4xx_hal_tim_ex.d" -MT"Drivers/STM32F4xx_HAL_Driver/Src/stm32f4xx_hal_tim_ex.o" --specs=nano.specs -mfpu=fpv4-sp-d16 -mfloat-abi=hard -mthumb -o "Drivers/STM32F4xx_HAL_Driver/Src/stm32f4xx_hal_tim_ex.o"
[...]
arm-none-eabi-gcc "../Core/Src/parser.c" -mcpu=cortex-m4 -std=gnu11 -g3 -DUSE_HAL_DRIVER -DSTM32F411xE -DDEBUG -c -I../Core/Inc -I../Drivers/STM32F4xx_HAL_Driver/Inc -I../Drivers/STM32F4xx_HAL_Driver/Inc/Legacy -I../Drivers/CMSIS/Device/ST/STM32F4xx/Include -I../Drivers/CMSIS/Include -O0 -ffunction-sections -fdata-sections -Wall -fstack-usage -MMD -MP -MF"Core/Src/parser.d" -MT"Core/Src/parser.o" --specs=nano.specs -mfpu=fpv4-sp-d16 -mfloat-abi=hard -mthumb -o "Core/Src/parser.o"
arm-none-eabi-gcc -o "STMars_modular_robot_vbp.elf" @"objects.list"   -mcpu=cortex-m4 -T"D:\STM32\STM32MARS\STMars_modular_robot_vbp\STM32F411CEUX_FLASH.ld" --specs=nosys.specs -Wl,-Map="STMars_modular_robot_vbp.map" -Wl,--gc-sections -static --specs=nano.specs -mfpu=fpv4-sp-d16 -mfloat-abi=hard -mthumb -u _printf_float -u _scanf_float -Wl,--start-group -lc -lm -Wl,--end-group
Finished building target: STMars_modular_robot_vbp.elf
 
arm-none-eabi-objdump -h -S  STMars_modular_robot_vbp.elf  > "STMars_modular_robot_vbp.list"
arm-none-eabi-objcopy  -O binary  STMars_modular_robot_vbp.elf  "STMars_modular_robot_vbp.bin"
arm-none-eabi-size   STMars_modular_robot_vbp.elf 
   text	   data	    bss	    dec	    hex	filename
  33340	    516	   2236	  36092	   8cfc	STMars_modular_robot_vbp.elf
Finished building: default.size.stdout
 
Finished building: STMars_modular_robot_vbp.bin
 
Finished building: STMars_modular_robot_vbp.list
 
19:20:47 **** Incremental Build of configuration Debug for project STMars_modular_robot_vbp ****
make -j4 all 
arm-none-eabi-size   STMars_modular_robot_vbp.elf 
   text	   data	    bss	    dec	    hex	filename
  33340	    516	   2236	  36092	   8cfc	STMars_modular_robot_vbp.elf
Finished building: default.size.stdout
 
19:28:32 **** Incremental Build of configuration Debug for project STMars_modular_robot_vbp ****
make -j4 all 
arm-none-eabi-gcc "../Core/Src/main.c" -mcpu=cortex-m4 -std=gnu11 -g3 -DUSE_HAL_DRIVER -DSTM32F411xE -DDEBUG -c -I../Core/Inc -I../Drivers/STM32F4xx_HAL_Driver/Inc -I../Drivers/STM32F4xx_HAL_Driver/Inc/Legacy -I../Drivers/CMSIS/Device/ST/STM32F4xx/Include -I../Drivers/CMSIS/Include -O0 -ffunction-sections -fdata-sections -Wall -fstack-usage -MMD -MP -MF"Core/Src/main.d" -MT"Core/Src/main.o" --specs=nano.specs -mfpu=fpv4-sp-d16 -mfloat-abi=hard -mthumb -o "Core/Src/main.o"
arm-none-eabi-gcc "../Core/Src/parser.c" -mcpu=cortex-m4 -std=gnu11 -g3 -DUSE_HAL_DRIVER -DSTM32F411xE -DDEBUG -c -I../Core/Inc -I../Drivers/STM32F4xx_HAL_Driver/Inc -I../Drivers/STM32F4xx_HAL_Driver/Inc/Legacy -I../Drivers/CMSIS/Device/ST/STM32F4xx/Include -I../Drivers/CMSIS/Include -O0 -ffunction-sections -fdata-sections -Wall -fstack-usage -MMD -MP -MF"Core/Src/parser.d" -MT"Core/Src/parser.o" --specs=nano.specs -mfpu=fpv4-sp-d16 -mfloat-abi=hard -mthumb -o "Core/Src/parser.o"
../Core/Src/parser.c: In function 'UART_ParseLine':
../Core/Src/parser.c:79:5: warning: implicit declaration of function 'UART_ParseENV'; did you mean 'UART_ParseLED'? [-Wimplicit-function-declaration]
     UART_ParseENV();
     ^~~~~~~~~~~~~
     UART_ParseLED
arm-none-eabi-gcc -o "STMars_modular_robot_vbp.elf" @"objects.list"   -mcpu=cortex-m4 -T"D:\STM32\STM32MARS\STMars_modular_robot_vbp\STM32F411CEUX_FLASH.ld" --specs=nosys.specs -Wl,-Map="STMars_modular_robot_vbp.map" -Wl,--gc-sections -static --specs=nano.specs -mfpu=fpv4-sp-d16 -mfloat-abi=hard -mthumb -u _printf_float -u _scanf_float -Wl,--start-group -lc -lm -Wl,--end-group
Core/Src/parser.o: In function `UART_ParseLine':
D:/STM32/STM32MARS/STMars_modular_robot_vbp/Debug/../Core/Src/parser.c:79: undefined reference to `UART_ParseENV'
collect2.exe: error: ld returned 1 exit status
make: *** [makefile:58: STMars_modular_robot_vbp.elf] Error 1
"make -j4 all" terminated with exit code 2. Build might be incomplete.
19:28:57 **** Incremental Build of configuration Debug for project STMars_modular_robot_vbp ****
make -j4 all 
arm-none-eabi-gcc "../Core/Src/parser.c" -mcpu=cortex-m4 -std=gnu11 -g3 -DUSE_HAL_DRIVER -DSTM32F411xE -DDEBUG -c -I../Core/Inc -I../Drivers/STM32F4xx_HAL_Driver/Inc -I../Drivers/STM32F4xx_HAL_Driver/Inc/Legacy -I../Drivers/CMSIS/Device/ST/STM32F4xx/Include -I../Drivers/CMSIS/Include -O0 -ffunction-sections -fdata-sections -Wall -fstack-usage -MMD -MP -MF"Core/Src/parser.d" -MT"Core/Src/parser.o" --specs=nano.specs -mfpu=fpv4-sp-d16 -mfloat-abi=hard -mthumb -o "Core/Src/parser.o"
arm-none-eabi-gcc -o "STMars_modular_robot_vbp.elf" @"objects.list"   -mcpu=cortex-m4 -T"D:\STM32\STM32MARS\STMars_modular_robot_vbp\STM32F411CEUX_FLASH.ld" --specs=nosys.specs -Wl,-Map="STMars_modular_robot_vbp.map" -Wl,--gc-sections -static --specs=nano.specs -mfpu=fpv4-sp-d16 -mfloat-abi=hard -mthumb -u _printf_float -u _scanf_float -Wl,--start-group -lc -lm -Wl,--end-group
Finished building target: STMars_modular_robot_vbp.elf
 
arm-none-eabi-objdump -h -S  STMars_modular_robot_vbp.elf  > "STMars_modular_robot_vbp.list"
arm-none-eabi-objcopy  -O binary  STMars_modular_robot_vbp.elf  "STMars_modular_robot_vbp.bin"
arm-none-eabi-size   STMars_modular_robot_vbp.elf 
   text	   data	    bss	    dec	    hex	filename
  33340	    516	   2236	  36092	   8cfc	STMars_modular_robot_vbp.elf
Finished building: default.size.stdout
 
Finished building: STMars_modular_robot_vbp.bin
 
Finished building: STMars_modular_robot_vbp.list
 
19:31:08 **** Incremental Build of configuration Debug for project STMars_modular_robot_vbp ****
make -j4 all 
arm-none-eabi-gcc "../Core/Src/parser.c" -mcpu=cortex-m4 -std=gnu11 -g3 -DUSE_HAL_DRIVER -DSTM32F411xE -DDEBUG -c -I../Core/Inc -I../Drivers/STM32F4xx_HAL_Driver/Inc -I../Drivers/STM32F4xx_HAL_Driver/Inc/Legacy -I../Drivers/CMSIS/Device/ST/STM32F4xx/Include -I../Drivers/CMSIS/Include -O0 -ffunction-sections -fdata-sections -Wall -fstack-usage -MMD -MP -MF"Core/Src/parser.d" -MT"Core/Src/parser.o" --specs=nano.specs -mfpu=fpv4-sp-d16 -mfloat-abi=hard -mthumb -o "Core/Src/parser.o"
arm-none-eabi-gcc -o "STMars_modular_robot_vbp.elf" @"objects.list"   -mcpu=cortex-m4 -T"D:\STM32\STM32MARS\STMars_modular_robot_vbp\STM32F411CEUX_FLASH.ld" --specs=nosys.specs -Wl,-Map="STMars_modular_robot_vbp.map" -Wl,--gc-sections -static --specs=nano.specs -mfpu=fpv4-sp-d16 -mfloat-abi=hard -mthumb -u _printf_float -u _scanf_float -Wl,--start-group -lc -lm -Wl,--end-group
Finished building target: STMars_modular_robot_vbp.elf
 
arm-none-eabi-objdump -h -S  STMars_modular_robot_vbp.elf  > "STMars_modular_robot_vbp.list"
arm-none-eabi-objcopy  -O binary  STMars_modular_robot_vbp.elf  "STMars_modular_robot_vbp.bin"
arm-none-eabi-size   STMars_modular_robot_vbp.elf 
   text	   data	    bss	    dec	    hex	filename
  33348	    516	   2236	  36100	   8d04	STMars_modular_robot_vbp.elf
Finished building: default.size.stdout
 
Finished building: STMars_modular_robot_vbp.bin
 
Finished building: STMars_modular_robot_vbp.list
 
19:31:15 **** Incremental Build of configuration Debug for project STMars_modular_robot_vbp ****
make -j4 all 
arm-none-eabi-size   STMars_modular_robot_vbp.elf 
   text	   data	    bss	    dec	    hex	filename
  33348	    516	   2236	  36100	   8d04	STMars_modular_robot_vbp.elf
Finished building: default.size.stdout
 
19:32:07 **** Incremental Build of configuration Debug for project STMars_modular_robot_vbp ****
make -j4 all 
arm-none-eabi-gcc "../Core/Src/parser.c" -mcpu=cortex-m4 -std=gnu11 -g3 -DUSE_HAL_DRIVER -DSTM32F411xE -DDEBUG -c -I../Core/Inc -I../Drivers/STM32F4xx_HAL_Driver/Inc -I../Drivers/STM32F4xx_HAL_Driver/Inc/Legacy -I../Drivers/CMSIS/Device/ST/STM32F4xx/Include -I../Drivers/CMSIS/Include -O0 -ffunction-sections -fdata-sections -Wall -fstack-usage -MMD -MP -MF"Core/Src/parser.d" -MT"Core/Src/parser.o" --specs=nano.specs -mfpu=fpv4-sp-d16 -mfloat-abi=hard -mthumb -o "Core/Src/parser.o"
arm-none-eabi-gcc -o "STMars_modular_robot_vbp.elf" @"objects.list"   -mcpu=cortex-m4 -T"D:\STM32\STM32MARS\STMars_modular_robot_vbp\STM32F411CEUX_FLASH.ld" --specs=nosys.specs -Wl,-Map="STMars_modular_robot_vbp.map" -Wl,--gc-sections -static --specs=nano.specs -mfpu=fpv4-sp-d16 -mfloat-abi=hard -mthumb -u _printf_float -u _scanf_float -Wl,--start-group -lc -lm -Wl,--end-group
Finished building target: STMars_modular_robot_vbp.elf
 
arm-none-eabi-objdump -h -S  STMars_modular_robot_vbp.elf  > "STMars_modular_robot_vbp.list"
arm-none-eabi-objcopy  -O binary  STMars_modular_robot_vbp.elf  "STMars_modular_robot_vbp.bin"
arm-none-eabi-size   STMars_modular_robot_vbp.elf 
   text	   data	    bss	    dec	    hex	filename
  33356	    516	   2236	  36108	   8d0c	STMars_modular_robot_vbp.elf
Finished building: default.size.stdout
 
Finished building: STMars_modular_robot_vbp.bin
 
Finished building: STMars_modular_robot_vbp.list
 
19:32:32 **** Incremental Build of configuration Debug for project STMars_modular_robot_vbp ****
make -j4 all 
arm-none-eabi-size   STMars_modular_robot_vbp.elf 
   text	   data	    bss	    dec	    hex	filename
  33356	    516	   2236	  36108	   8d0c	STMars_modular_robot_vbp.elf
Finished building: default.size.stdout
 
19:32:34 **** Incremental Build of configuration Debug for project STMars_modular_robot_vbp ****
make -j4 all 
arm-none-eabi-size   STMars_modular_robot_vbp.elf 
   text	   data	    bss	    dec	    hex	filename
  33356	    516	   2236	  36108	   8d0c	STMars_modular_robot_vbp.elf
Finished building: default.size.stdout
 
19:34:37 **** Incremental Build of configuration Debug for project STMars_modular_robot_vbp ****
make -j4 all 
arm-none-eabi-gcc "../Core/Src/parser.c" -mcpu=cortex-m4 -std=gnu11 -g3 -DUSE_HAL_DRIVER -DSTM32F411xE -DDEBUG -c -I../Core/Inc -I../Drivers/STM32F4xx_HAL_Driver/Inc -I../Drivers/STM32F4xx_HAL_Driver/Inc/Legacy -I../Drivers/CMSIS/Device/ST/STM32F4xx/Include -I../Drivers/CMSIS/Include -O0 -ffunction-sections -fdata-sections -Wall -fstack-usage -MMD -MP -MF"Core/Src/parser.d" -MT"Core/Src/parser.o" --specs=nano.specs -mfpu=fpv4-sp-d16 -mfloat-abi=hard -mthumb -o "Core/Src/parser.o"
arm-none-eabi-gcc -o "STMars_modular_robot_vbp.elf" @"objects.list"   -mcpu=cortex-m4 -T"D:\STM32\STM32MARS\STMars_modular_robot_vbp\STM32F411CEUX_FLASH.ld" --specs=nosys.specs -Wl,-Map="STMars_modular_robot_vbp.map" -Wl,--gc-sections -static --specs=nano.specs -mfpu=fpv4-sp-d16 -mfloat-abi=hard -mthumb -u _printf_float -u _scanf_float -Wl,--start-group -lc -lm -Wl,--end-group
Finished building target: STMars_modular_robot_vbp.elf
 
arm-none-eabi-objdump -h -S  STMars_modular_robot_vbp.elf  > "STMars_modular_robot_vbp.list"
arm-none-eabi-objcopy  -O binary  STMars_modular_robot_vbp.elf  "STMars_modular_robot_vbp.bin"
arm-none-eabi-size   STMars_modular_robot_vbp.elf 
   text	   data	    bss	    dec	    hex	filename
  33356	    516	   2236	  36108	   8d0c	STMars_modular_robot_vbp.elf
Finished building: default.size.stdout
 
Finished building: STMars_modular_robot_vbp.bin
 
Finished building: STMars_modular_robot_vbp.list
 
19:34:40 **** Incremental Build of configuration Debug for project STMars_modular_robot_vbp ****
make -j4 all 
arm-none-eabi-size   STMars_modular_robot_vbp.elf 
   text	   data	    bss	    dec	    hex	filename
  33356	    516	   2236	  36108	   8d0c	STMars_modular_robot_vbp.elf
Finished building: default.size.stdout
 
19:43:21 **** Incremental Build of configuration Debug for project STMars_modular_robot_vbp ****
make -j4 all 
arm-none-eabi-gcc "../Core/Src/main.c" -mcpu=cortex-m4 -std=gnu11 -g3 -DUSE_HAL_DRIVER -DSTM32F411xE -DDEBUG -c -I../Core/Inc -I../Drivers/STM32F4xx_HAL_Driver/Inc -I../Drivers/STM32F4xx_HAL_Driver/Inc/Legacy -I../Drivers/CMSIS/Device/ST/STM32F4xx/Include -I../Drivers/CMSIS/Include -O0 -ffunction-sections -fdata-sections -Wall -fstack-usage -MMD -MP -MF"Core/Src/main.d" -MT"Core/Src/main.o" --specs=nano.specs -mfpu=fpv4-sp-d16 -mfloat-abi=hard -mthumb -o "Core/Src/main.o"
arm-none-eabi-gcc "../Core/Src/parser.c" -mcpu=cortex-m4 -std=gnu11 -g3 -DUSE_HAL_DRIVER -DSTM32F411xE -DDEBUG -c -I../Core/Inc -I../Drivers/STM32F4xx_HAL_Driver/Inc -I../Drivers/STM32F4xx_HAL_Driver/Inc/Legacy -I../Drivers/CMSIS/Device/ST/STM32F4xx/Include -I../Drivers/CMSIS/Include -O0 -ffunction-sections -fdata-sections -Wall -fstack-usage -MMD -MP -MF"Core/Src/parser.d" -MT"Core/Src/parser.o" --specs=nano.specs -mfpu=fpv4-sp-d16 -mfloat-abi=hard -mthumb -o "Core/Src/parser.o"
arm-none-eabi-gcc -o "STMars_modular_robot_vbp.elf" @"objects.list"   -mcpu=cortex-m4 -T"D:\STM32\STM32MARS\STMars_modular_robot_vbp\STM32F411CEUX_FLASH.ld" --specs=nosys.specs -Wl,-Map="STMars_modular_robot_vbp.map" -Wl,--gc-sections -static --specs=nano.specs -mfpu=fpv4-sp-d16 -mfloat-abi=hard -mthumb -u _printf_float -u _scanf_float -Wl,--start-group -lc -lm -Wl,--end-group
Finished building target: STMars_modular_robot_vbp.elf
 
arm-none-eabi-objdump -h -S  STMars_modular_robot_vbp.elf  > "STMars_modular_robot_vbp.list"
arm-none-eabi-objcopy  -O binary  STMars_modular_robot_vbp.elf  "STMars_modular_robot_vbp.bin"
arm-none-eabi-size   STMars_modular_robot_vbp.elf 
   text	   data	    bss	    dec	    hex	filename
  33204	    516	   2236	  35956	   8c74	STMars_modular_robot_vbp.elf
Finished building: default.size.stdout
 
Finished building: STMars_modular_robot_vbp.bin
 
Finished building: STMars_modular_robot_vbp.list
 
19:43:27 **** Incremental Build of configuration Debug for project STMars_modular_robot_vbp ****
make -j4 all 
arm-none-eabi-size   STMars_modular_robot_vbp.elf 
   text	   data	    bss	    dec	    hex	filename
  33204	    516	   2236	  35956	   8c74	STMars_modular_robot_vbp.elf
Finished building: default.size.stdout
 
19:47:18 **** Incremental Build of configuration Debug for project STMars_modular_robot_vbp ****
make -j4 all 
arm-none-eabi-gcc "../Core/Src/parser.c" -mcpu=cortex-m4 -std=gnu11 -g3 -DUSE_HAL_DRIVER -DSTM32F411xE -DDEBUG -c -I../Core/Inc -I../Drivers/STM32F4xx_HAL_Driver/Inc -I../Drivers/STM32F4xx_HAL_Driver/Inc/Legacy -I../Drivers/CMSIS/Device/ST/STM32F4xx/Include -I../Drivers/CMSIS/Include -O0 -ffunction-sections -fdata-sections -Wall -fstack-usage -MMD -MP -MF"Core/Src/parser.d" -MT"Core/Src/parser.o" --specs=nano.specs -mfpu=fpv4-sp-d16 -mfloat-abi=hard -mthumb -o "Core/Src/parser.o"
../Core/Src/parser.c: In function 'UART_ParseMotor':
../Core/Src/parser.c:139:33: warning: format '%f' expects argument of type 'double', but argument 3 has type 'int' [-Wformat=]
  sprintf(Message, "Left Motor: %f\r\n", MotorParameters[0]);
                                ~^       ~~~~~~~~~~~~~~~~~~
                                %d
../Core/Src/parser.c:142:34: warning: format '%f' expects argument of type 'double', but argument 3 has type 'int' [-Wformat=]
  sprintf(Message, "Right Motor: %f\r\n", MotorParameters[1]);
                                 ~^       ~~~~~~~~~~~~~~~~~~
                                 %d
../Core/Src/parser.c:145:32: warning: format '%f' expects argument of type 'double', but argument 3 has type 'int' [-Wformat=]
  sprintf(Message, "Direction: %f\r\n", MotorParameters[2]);
                               ~^       ~~~~~~~~~~~~~~~~~~
                               %d
arm-none-eabi-gcc -o "STMars_modular_robot_vbp.elf" @"objects.list"   -mcpu=cortex-m4 -T"D:\STM32\STM32MARS\STMars_modular_robot_vbp\STM32F411CEUX_FLASH.ld" --specs=nosys.specs -Wl,-Map="STMars_modular_robot_vbp.map" -Wl,--gc-sections -static --specs=nano.specs -mfpu=fpv4-sp-d16 -mfloat-abi=hard -mthumb -u _printf_float -u _scanf_float -Wl,--start-group -lc -lm -Wl,--end-group
Finished building target: STMars_modular_robot_vbp.elf
 
arm-none-eabi-objdump -h -S  STMars_modular_robot_vbp.elf  > "STMars_modular_robot_vbp.list"
arm-none-eabi-objcopy  -O binary  STMars_modular_robot_vbp.elf  "STMars_modular_robot_vbp.bin"
arm-none-eabi-size   STMars_modular_robot_vbp.elf 
   text	   data	    bss	    dec	    hex	filename
  33108	    516	   2236	  35860	   8c14	STMars_modular_robot_vbp.elf
Finished building: default.size.stdout
 
Finished building: STMars_modular_robot_vbp.bin
 
Finished building: STMars_modular_robot_vbp.list
 
19:47:33 **** Incremental Build of configuration Debug for project STMars_modular_robot_vbp ****
make -j4 all 
arm-none-eabi-gcc "../Core/Src/parser.c" -mcpu=cortex-m4 -std=gnu11 -g3 -DUSE_HAL_DRIVER -DSTM32F411xE -DDEBUG -c -I../Core/Inc -I../Drivers/STM32F4xx_HAL_Driver/Inc -I../Drivers/STM32F4xx_HAL_Driver/Inc/Legacy -I../Drivers/CMSIS/Device/ST/STM32F4xx/Include -I../Drivers/CMSIS/Include -O0 -ffunction-sections -fdata-sections -Wall -fstack-usage -MMD -MP -MF"Core/Src/parser.d" -MT"Core/Src/parser.o" --specs=nano.specs -mfpu=fpv4-sp-d16 -mfloat-abi=hard -mthumb -o "Core/Src/parser.o"
arm-none-eabi-gcc -o "STMars_modular_robot_vbp.elf" @"objects.list"   -mcpu=cortex-m4 -T"D:\STM32\STM32MARS\STMars_modular_robot_vbp\STM32F411CEUX_FLASH.ld" --specs=nosys.specs -Wl,-Map="STMars_modular_robot_vbp.map" -Wl,--gc-sections -static --specs=nano.specs -mfpu=fpv4-sp-d16 -mfloat-abi=hard -mthumb -u _printf_float -u _scanf_float -Wl,--start-group -lc -lm -Wl,--end-group
Finished building target: STMars_modular_robot_vbp.elf
 
arm-none-eabi-objdump -h -S  STMars_modular_robot_vbp.elf  > "STMars_modular_robot_vbp.list"
arm-none-eabi-objcopy  -O binary  STMars_modular_robot_vbp.elf  "STMars_modular_robot_vbp.bin"
arm-none-eabi-size   STMars_modular_robot_vbp.elf 
   text	   data	    bss	    dec	    hex	filename
  33108	    516	   2236	  35860	   8c14	STMars_modular_robot_vbp.elf
Finished building: default.size.stdout
 
Finished building: STMars_modular_robot_vbp.bin
 
Finished building: STMars_modular_robot_vbp.list
 
19:47:38 **** Incremental Build of configuration Debug for project STMars_modular_robot_vbp ****
make -j4 all 
arm-none-eabi-size   STMars_modular_robot_vbp.elf 
   text	   data	    bss	    dec	    hex	filename
  33108	    516	   2236	  35860	   8c14	STMars_modular_robot_vbp.elf
Finished building: default.size.stdout
 
19:53:22 **** Incremental Build of configuration Debug for project STMars_modular_robot_vbp ****
make -j4 all 
arm-none-eabi-gcc "../Core/Src/motion.c" -mcpu=cortex-m4 -std=gnu11 -g3 -DUSE_HAL_DRIVER -DSTM32F411xE -DDEBUG -c -I../Core/Inc -I../Drivers/STM32F4xx_HAL_Driver/Inc -I../Drivers/STM32F4xx_HAL_Driver/Inc/Legacy -I../Drivers/CMSIS/Device/ST/STM32F4xx/Include -I../Drivers/CMSIS/Include -O0 -ffunction-sections -fdata-sections -Wall -fstack-usage -MMD -MP -MF"Core/Src/motion.d" -MT"Core/Src/motion.o" --specs=nano.specs -mfpu=fpv4-sp-d16 -mfloat-abi=hard -mthumb -o "Core/Src/motion.o"
arm-none-eabi-gcc "../Core/Src/parser.c" -mcpu=cortex-m4 -std=gnu11 -g3 -DUSE_HAL_DRIVER -DSTM32F411xE -DDEBUG -c -I../Core/Inc -I../Drivers/STM32F4xx_HAL_Driver/Inc -I../Drivers/STM32F4xx_HAL_Driver/Inc/Legacy -I../Drivers/CMSIS/Device/ST/STM32F4xx/Include -I../Drivers/CMSIS/Include -O0 -ffunction-sections -fdata-sections -Wall -fstack-usage -MMD -MP -MF"Core/Src/parser.d" -MT"Core/Src/parser.o" --specs=nano.specs -mfpu=fpv4-sp-d16 -mfloat-abi=hard -mthumb -o "Core/Src/parser.o"
arm-none-eabi-gcc -o "STMars_modular_robot_vbp.elf" @"objects.list"   -mcpu=cortex-m4 -T"D:\STM32\STM32MARS\STMars_modular_robot_vbp\STM32F411CEUX_FLASH.ld" --specs=nosys.specs -Wl,-Map="STMars_modular_robot_vbp.map" -Wl,--gc-sections -static --specs=nano.specs -mfpu=fpv4-sp-d16 -mfloat-abi=hard -mthumb -u _printf_float -u _scanf_float -Wl,--start-group -lc -lm -Wl,--end-group
Finished building target: STMars_modular_robot_vbp.elf
 
arm-none-eabi-objdump -h -S  STMars_modular_robot_vbp.elf  > "STMars_modular_robot_vbp.list"
arm-none-eabi-objcopy  -O binary  STMars_modular_robot_vbp.elf  "STMars_modular_robot_vbp.bin"
arm-none-eabi-size   STMars_modular_robot_vbp.elf 
   text	   data	    bss	    dec	    hex	filename
  33188	    516	   2236	  35940	   8c64	STMars_modular_robot_vbp.elf
Finished building: default.size.stdout
 
Finished building: STMars_modular_robot_vbp.bin
 
Finished building: STMars_modular_robot_vbp.list
 
